Copyright 1986-2022 Xilinx, Inc. All Rights Reserved. Copyright 2022-2024 Advanced Micro Devices, Inc. All Rights Reserved.
--------------------------------------------------------------------------------------------------------------------------------------------------------------------------------------
| Tool Version : Vivado v.2024.1 (win64) Build 5076996 Wed May 22 18:37:14 MDT 2024
| Date         : Mon May 12 12:08:04 2025
| Host         : 5CD322B26V running 64-bit major release  (build 9200)
| Command      : report_methodology -file design_1_wrapper_methodology_drc_routed.rpt -pb design_1_wrapper_methodology_drc_routed.pb -rpx design_1_wrapper_methodology_drc_routed.rpx
| Design       : design_1_wrapper
| Device       : xc7z020clg400-1
| Speed File   : -1
| Design State : Fully Routed
--------------------------------------------------------------------------------------------------------------------------------------------------------------------------------------

Report Methodology

Table of Contents
-----------------
1. REPORT SUMMARY
2. REPORT DETAILS

1. REPORT SUMMARY
-----------------
            Netlist: netlist
          Floorplan: checkpoint_design_1_wrapper
      Design limits: <entire design considered>
             Max violations: <unlimited>
             Violations found: 74
+-----------+------------------+------------------------------------------------+------------+
| Rule      | Severity         | Description                                    | Violations |
+-----------+------------------+------------------------------------------------+------------+
| TIMING-6  | Critical Warning | No common primary clock between related clocks | 2          |
| TIMING-7  | Critical Warning | No common node between related clocks          | 2          |
| TIMING-18 | Warning          | Missing input or output delay                  | 70         |
+-----------+------------------+------------------------------------------------+------------+

2. REPORT DETAILS
-----------------
TIMING-6#1 Critical Warning
No common primary clock between related clocks  
The clocks clk_fpga_0 and clk_out1_design_1_clk_wiz_0_0 are related (timed together) but they have no common primary clock. The design could fail in hardware. To find a timing path between these clocks, run the following command: report_timing -from [get_clocks clk_fpga_0] -to [get_clocks clk_out1_design_1_clk_wiz_0_0]
Related violations: <none>

TIMING-6#2 Critical Warning
No common primary clock between related clocks  
The clocks clk_out1_design_1_clk_wiz_0_0 and clk_fpga_0 are related (timed together) but they have no common primary clock. The design could fail in hardware. To find a timing path between these clocks, run the following command: report_timing -from [get_clocks clk_out1_design_1_clk_wiz_0_0] -to [get_clocks clk_fpga_0]
Related violations: <none>

TIMING-7#1 Critical Warning
No common node between related clocks  
The clocks clk_fpga_0 and clk_out1_design_1_clk_wiz_0_0 are related (timed together) but they have no common node. The design could fail in hardware. To find a timing path between these clocks, run the following command: report_timing -from [get_clocks clk_fpga_0] -to [get_clocks clk_out1_design_1_clk_wiz_0_0]
Related violations: <none>

TIMING-7#2 Critical Warning
No common node between related clocks  
The clocks clk_out1_design_1_clk_wiz_0_0 and clk_fpga_0 are related (timed together) but they have no common node. The design could fail in hardware. To find a timing path between these clocks, run the following command: report_timing -from [get_clocks clk_out1_design_1_clk_wiz_0_0] -to [get_clocks clk_fpga_0]
Related violations: <none>

TIMING-18#1 Warning
Missing input or output delay  
An input delay is missing on GPIO_0_tri_io[0] relative to the rising and/or falling clock edge(s) of clk_fpga_0.
Related violations: <none>

TIMING-18#2 Warning
Missing input or output delay  
An input delay is missing on GPIO_0_tri_io[10] relative to the rising and/or falling clock edge(s) of clk_fpga_0.
Related violations: <none>

TIMING-18#3 Warning
Missing input or output delay  
An input delay is missing on GPIO_0_tri_io[11] relative to the rising and/or falling clock edge(s) of clk_fpga_0.
Related violations: <none>

TIMING-18#4 Warning
Missing input or output delay  
An input delay is missing on GPIO_0_tri_io[12] relative to the rising and/or falling clock edge(s) of clk_fpga_0.
Related violations: <none>

TIMING-18#5 Warning
Missing input or output delay  
An input delay is missing on GPIO_0_tri_io[13] relative to the rising and/or falling clock edge(s) of clk_fpga_0.
Related violations: <none>

TIMING-18#6 Warning
Missing input or output delay  
An input delay is missing on GPIO_0_tri_io[14] relative to the rising and/or falling clock edge(s) of clk_fpga_0.
Related violations: <none>

TIMING-18#7 Warning
Missing input or output delay  
An input delay is missing on GPIO_0_tri_io[15] relative to the rising and/or falling clock edge(s) of clk_fpga_0.
Related violations: <none>

TIMING-18#8 Warning
Missing input or output delay  
An input delay is missing on GPIO_0_tri_io[16] relative to the rising and/or falling clock edge(s) of clk_fpga_0.
Related violations: <none>

TIMING-18#9 Warning
Missing input or output delay  
An input delay is missing on GPIO_0_tri_io[17] relative to the rising and/or falling clock edge(s) of clk_fpga_0.
Related violations: <none>

TIMING-18#10 Warning
Missing input or output delay  
An input delay is missing on GPIO_0_tri_io[18] relative to the rising and/or falling clock edge(s) of clk_fpga_0.
Related violations: <none>

TIMING-18#11 Warning
Missing input or output delay  
An input delay is missing on GPIO_0_tri_io[19] relative to the rising and/or falling clock edge(s) of clk_fpga_0.
Related violations: <none>

TIMING-18#12 Warning
Missing input or output delay  
An input delay is missing on GPIO_0_tri_io[1] relative to the rising and/or falling clock edge(s) of clk_fpga_0.
Related violations: <none>

TIMING-18#13 Warning
Missing input or output delay  
An input delay is missing on GPIO_0_tri_io[20] relative to the rising and/or falling clock edge(s) of clk_fpga_0.
Related violations: <none>

TIMING-18#14 Warning
Missing input or output delay  
An input delay is missing on GPIO_0_tri_io[21] relative to the rising and/or falling clock edge(s) of clk_fpga_0.
Related violations: <none>

TIMING-18#15 Warning
Missing input or output delay  
An input delay is missing on GPIO_0_tri_io[22] relative to the rising and/or falling clock edge(s) of clk_fpga_0.
Related violations: <none>

TIMING-18#16 Warning
Missing input or output delay  
An input delay is missing on GPIO_0_tri_io[23] relative to the rising and/or falling clock edge(s) of clk_fpga_0.
Related violations: <none>

TIMING-18#17 Warning
Missing input or output delay  
An input delay is missing on GPIO_0_tri_io[24] relative to the rising and/or falling clock edge(s) of clk_fpga_0.
Related violations: <none>

TIMING-18#18 Warning
Missing input or output delay  
An input delay is missing on GPIO_0_tri_io[25] relative to the rising and/or falling clock edge(s) of clk_fpga_0.
Related violations: <none>

TIMING-18#19 Warning
Missing input or output delay  
An input delay is missing on GPIO_0_tri_io[26] relative to the rising and/or falling clock edge(s) of clk_fpga_0.
Related violations: <none>

TIMING-18#20 Warning
Missing input or output delay  
An input delay is missing on GPIO_0_tri_io[27] relative to the rising and/or falling clock edge(s) of clk_fpga_0.
Related violations: <none>

TIMING-18#21 Warning
Missing input or output delay  
An input delay is missing on GPIO_0_tri_io[28] relative to the rising and/or falling clock edge(s) of clk_fpga_0.
Related violations: <none>

TIMING-18#22 Warning
Missing input or output delay  
An input delay is missing on GPIO_0_tri_io[29] relative to the rising and/or falling clock edge(s) of clk_fpga_0.
Related violations: <none>

TIMING-18#23 Warning
Missing input or output delay  
An input delay is missing on GPIO_0_tri_io[2] relative to the rising and/or falling clock edge(s) of clk_fpga_0.
Related violations: <none>

TIMING-18#24 Warning
Missing input or output delay  
An input delay is missing on GPIO_0_tri_io[30] relative to the rising and/or falling clock edge(s) of clk_fpga_0.
Related violations: <none>

TIMING-18#25 Warning
Missing input or output delay  
An input delay is missing on GPIO_0_tri_io[31] relative to the rising and/or falling clock edge(s) of clk_fpga_0.
Related violations: <none>

TIMING-18#26 Warning
Missing input or output delay  
An input delay is missing on GPIO_0_tri_io[3] relative to the rising and/or falling clock edge(s) of clk_fpga_0.
Related violations: <none>

TIMING-18#27 Warning
Missing input or output delay  
An input delay is missing on GPIO_0_tri_io[4] relative to the rising and/or falling clock edge(s) of clk_fpga_0.
Related violations: <none>

TIMING-18#28 Warning
Missing input or output delay  
An input delay is missing on GPIO_0_tri_io[5] relative to the rising and/or falling clock edge(s) of clk_fpga_0.
Related violations: <none>

TIMING-18#29 Warning
Missing input or output delay  
An input delay is missing on GPIO_0_tri_io[6] relative to the rising and/or falling clock edge(s) of clk_fpga_0.
Related violations: <none>

TIMING-18#30 Warning
Missing input or output delay  
An input delay is missing on GPIO_0_tri_io[7] relative to the rising and/or falling clock edge(s) of clk_fpga_0.
Related violations: <none>

TIMING-18#31 Warning
Missing input or output delay  
An input delay is missing on GPIO_0_tri_io[8] relative to the rising and/or falling clock edge(s) of clk_fpga_0.
Related violations: <none>

TIMING-18#32 Warning
Missing input or output delay  
An input delay is missing on GPIO_0_tri_io[9] relative to the rising and/or falling clock edge(s) of clk_fpga_0.
Related violations: <none>

TIMING-18#33 Warning
Missing input or output delay  
An input delay is missing on IIC_0_scl_io relative to the rising and/or falling clock edge(s) of clk_fpga_0.
Related violations: <none>

TIMING-18#34 Warning
Missing input or output delay  
An input delay is missing on IIC_0_sda_io relative to the rising and/or falling clock edge(s) of clk_fpga_0.
Related violations: <none>

TIMING-18#35 Warning
Missing input or output delay  
An output delay is missing on GPIO_0_tri_io[0] relative to the rising and/or falling clock edge(s) of clk_fpga_0.
Related violations: <none>

TIMING-18#36 Warning
Missing input or output delay  
An output delay is missing on GPIO_0_tri_io[10] relative to the rising and/or falling clock edge(s) of clk_fpga_0.
Related violations: <none>

TIMING-18#37 Warning
Missing input or output delay  
An output delay is missing on GPIO_0_tri_io[11] relative to the rising and/or falling clock edge(s) of clk_fpga_0.
Related violations: <none>

TIMING-18#38 Warning
Missing input or output delay  
An output delay is missing on GPIO_0_tri_io[12] relative to the rising and/or falling clock edge(s) of clk_fpga_0.
Related violations: <none>

TIMING-18#39 Warning
Missing input or output delay  
An output delay is missing on GPIO_0_tri_io[13] relative to the rising and/or falling clock edge(s) of clk_fpga_0.
Related violations: <none>

TIMING-18#40 Warning
Missing input or output delay  
An output delay is missing on GPIO_0_tri_io[14] relative to the rising and/or falling clock edge(s) of clk_fpga_0.
Related violations: <none>

TIMING-18#41 Warning
Missing input or output delay  
An output delay is missing on GPIO_0_tri_io[15] relative to the rising and/or falling clock edge(s) of clk_fpga_0.
Related violations: <none>

TIMING-18#42 Warning
Missing input or output delay  
An output delay is missing on GPIO_0_tri_io[16] relative to the rising and/or falling clock edge(s) of clk_fpga_0.
Related violations: <none>

TIMING-18#43 Warning
Missing input or output delay  
An output delay is missing on GPIO_0_tri_io[17] relative to the rising and/or falling clock edge(s) of clk_fpga_0.
Related violations: <none>

TIMING-18#44 Warning
Missing input or output delay  
An output delay is missing on GPIO_0_tri_io[18] relative to the rising and/or falling clock edge(s) of clk_fpga_0.
Related violations: <none>

TIMING-18#45 Warning
Missing input or output delay  
An output delay is missing on GPIO_0_tri_io[19] relative to the rising and/or falling clock edge(s) of clk_fpga_0.
Related violations: <none>

TIMING-18#46 Warning
Missing input or output delay  
An output delay is missing on GPIO_0_tri_io[1] relative to the rising and/or falling clock edge(s) of clk_fpga_0.
Related violations: <none>

TIMING-18#47 Warning
Missing input or output delay  
An output delay is missing on GPIO_0_tri_io[20] relative to the rising and/or falling clock edge(s) of clk_fpga_0.
Related violations: <none>

TIMING-18#48 Warning
Missing input or output delay  
An output delay is missing on GPIO_0_tri_io[21] relative to the rising and/or falling clock edge(s) of clk_fpga_0.
Related violations: <none>

TIMING-18#49 Warning
Missing input or output delay  
An output delay is missing on GPIO_0_tri_io[22] relative to the rising and/or falling clock edge(s) of clk_fpga_0.
Related violations: <none>

TIMING-18#50 Warning
Missing input or output delay  
An output delay is missing on GPIO_0_tri_io[23] relative to the rising and/or falling clock edge(s) of clk_fpga_0.
Related violations: <none>

TIMING-18#51 Warning
Missing input or output delay  
An output delay is missing on GPIO_0_tri_io[24] relative to the rising and/or falling clock edge(s) of clk_fpga_0.
Related violations: <none>

TIMING-18#52 Warning
Missing input or output delay  
An output delay is missing on GPIO_0_tri_io[25] relative to the rising and/or falling clock edge(s) of clk_fpga_0.
Related violations: <none>

TIMING-18#53 Warning
Missing input or output delay  
An output delay is missing on GPIO_0_tri_io[26] relative to the rising and/or falling clock edge(s) of clk_fpga_0.
Related violations: <none>

TIMING-18#54 Warning
Missing input or output delay  
An output delay is missing on GPIO_0_tri_io[27] relative to the rising and/or falling clock edge(s) of clk_fpga_0.
Related violations: <none>

TIMING-18#55 Warning
Missing input or output delay  
An output delay is missing on GPIO_0_tri_io[28] relative to the rising and/or falling clock edge(s) of clk_fpga_0.
Related violations: <none>

TIMING-18#56 Warning
Missing input or output delay  
An output delay is missing on GPIO_0_tri_io[29] relative to the rising and/or falling clock edge(s) of clk_fpga_0.
Related violations: <none>

TIMING-18#57 Warning
Missing input or output delay  
An output delay is missing on GPIO_0_tri_io[2] relative to the rising and/or falling clock edge(s) of clk_fpga_0.
Related violations: <none>

TIMING-18#58 Warning
Missing input or output delay  
An output delay is missing on GPIO_0_tri_io[30] relative to the rising and/or falling clock edge(s) of clk_fpga_0.
Related violations: <none>

TIMING-18#59 Warning
Missing input or output delay  
An output delay is missing on GPIO_0_tri_io[31] relative to the rising and/or falling clock edge(s) of clk_fpga_0.
Related violations: <none>

TIMING-18#60 Warning
Missing input or output delay  
An output delay is missing on GPIO_0_tri_io[3] relative to the rising and/or falling clock edge(s) of clk_fpga_0.
Related violations: <none>

TIMING-18#61 Warning
Missing input or output delay  
An output delay is missing on GPIO_0_tri_io[4] relative to the rising and/or falling clock edge(s) of clk_fpga_0.
Related violations: <none>

TIMING-18#62 Warning
Missing input or output delay  
An output delay is missing on GPIO_0_tri_io[5] relative to the rising and/or falling clock edge(s) of clk_fpga_0.
Related violations: <none>

TIMING-18#63 Warning
Missing input or output delay  
An output delay is missing on GPIO_0_tri_io[6] relative to the rising and/or falling clock edge(s) of clk_fpga_0.
Related violations: <none>

TIMING-18#64 Warning
Missing input or output delay  
An output delay is missing on GPIO_0_tri_io[7] relative to the rising and/or falling clock edge(s) of clk_fpga_0.
Related violations: <none>

TIMING-18#65 Warning
Missing input or output delay  
An output delay is missing on GPIO_0_tri_io[8] relative to the rising and/or falling clock edge(s) of clk_fpga_0.
Related violations: <none>

TIMING-18#66 Warning
Missing input or output delay  
An output delay is missing on GPIO_0_tri_io[9] relative to the rising and/or falling clock edge(s) of clk_fpga_0.
Related violations: <none>

TIMING-18#67 Warning
Missing input or output delay  
An output delay is missing on IIC_0_scl_io relative to the rising and/or falling clock edge(s) of clk_fpga_0.
Related violations: <none>

TIMING-18#68 Warning
Missing input or output delay  
An output delay is missing on IIC_0_sda_io relative to the rising and/or falling clock edge(s) of clk_fpga_0.
Related violations: <none>

TIMING-18#69 Warning
Missing input or output delay  
An output delay is missing on pwm0_0 relative to the rising and/or falling clock edge(s) of clk_fpga_0.
Related violations: <none>

TIMING-18#70 Warning
Missing input or output delay  
An output delay is missing on pwm0_1 relative to the rising and/or falling clock edge(s) of clk_fpga_0.
Related violations: <none>


