12:10:54 DEBUG : Logs will be stored at 'C:/devWorks/VW_SOC/Vitis/IDE.log'.
12:10:56 INFO  : Launching XSCT server: xsct.bat -n  -interactive C:\devWorks\VW_SOC\Vitis\temp_xsdb_launch_script.tcl
12:10:56 INFO  : Platform repository initialization has completed.
12:10:56 INFO  : Registering command handlers for Vitis TCF services
12:10:57 ERROR : (XSDB Server)'\gnu\microblaze\lin\bin\' is not recognized as an internal or external command,
operable program or batch file.

12:10:57 ERROR : (XSDB Server)'\gnu\microblaze\nt\bin\' is not recognized as an internal or external command,
operable program or batch file.

12:10:57 ERROR : (XSDB Server)'\gnuwin\bin\' is not recognized as an internal or external command,
operable program or batch file.

12:11:00 INFO  : XSCT server has started successfully.
12:11:03 INFO  : plnx-install-location is set to ''
12:11:03 INFO  : Successfully done setting XSCT server connection channel  
12:11:03 INFO  : Successfully done query RDI_DATADIR 
12:11:03 INFO  : Successfully done setting workspace for the tool. 
12:11:51 INFO  : Result from executing command 'getProjects': design_1_wrapper
12:11:51 INFO  : Result from executing command 'getPlatforms': 
12:11:52 WARN  : An unexpected exception occurred in the module 'platform project logging'
12:11:52 INFO  : Platform 'design_1_wrapper' is added to custom repositories.
12:12:01 INFO  : Platform 'design_1_wrapper' is added to custom repositories.
12:15:37 INFO  : Result from executing command 'getProjects': design_1_wrapper
12:15:37 INFO  : Result from executing command 'getPlatforms': design_1_wrapper|C:/devWorks/VW_SOC/Vitis/design_1_wrapper/export/design_1_wrapper/design_1_wrapper.xpfm
12:15:38 INFO  : Checking for BSP changes to sync application flags for project 'VW_SOC_app'...
12:15:49 INFO  : Checking for BSP changes to sync application flags for project 'VW_SOC_app'...
12:16:55 INFO  : Checking for BSP changes to sync application flags for project 'VW_SOC_app'...
09:11:30 DEBUG : Logs will be stored at 'C:/devWorks/VW_SOC/Vitis/IDE.log'.
09:11:31 INFO  : Launching XSCT server: xsct.bat -n  -interactive C:\devWorks\VW_SOC\Vitis\temp_xsdb_launch_script.tcl
09:11:31 ERROR : (XSDB Server)'\gnu\microblaze\lin\bin\' is not recognized as an internal or external command,
operable program or batch file.

09:11:31 ERROR : (XSDB Server)'\gnu\microblaze\nt\bin\' is not recognized as an internal or external command,
operable program or batch file.

09:11:31 ERROR : (XSDB Server)'\gnuwin\bin\' is not recognized as an internal or external command,
operable program or batch file.

09:11:35 INFO  : Platform repository initialization has completed.
09:11:35 INFO  : Registering command handlers for Vitis TCF services
09:11:37 INFO  : XSCT server has started successfully.
09:11:40 INFO  : plnx-install-location is set to ''
09:11:41 INFO  : Successfully done setting XSCT server connection channel  
09:11:41 INFO  : Successfully done query RDI_DATADIR 
09:11:41 INFO  : Successfully done setting workspace for the tool. 
09:12:52 INFO  : Checking for BSP changes to sync application flags for project 'VW_SOC_app'...
09:14:32 INFO  : Checking for BSP changes to sync application flags for project 'VW_SOC_app'...
09:14:46 INFO  : Checking for BSP changes to sync application flags for project 'VW_SOC_app'...
09:16:05 INFO  : Checking for BSP changes to sync application flags for project 'VW_SOC_app'...
09:17:02 INFO  : Checking for BSP changes to sync application flags for project 'VW_SOC_app'...
09:17:34 INFO  : Checking for BSP changes to sync application flags for project 'VW_SOC_app'...
09:18:00 INFO  : Checking for BSP changes to sync application flags for project 'VW_SOC_app'...
09:18:28 INFO  : Checking for BSP changes to sync application flags for project 'VW_SOC_app'...
09:18:49 INFO  : Checking for BSP changes to sync application flags for project 'VW_SOC_app'...
09:19:14 INFO  : Connected to target on host '127.0.0.1' and port '3121'.
09:19:15 INFO  : Jtag cable 'Xilinx HW-FTDI-TEST FT2232H 1234-tulA' is selected.
09:19:15 INFO  : 'jtag frequency' command is executed.
09:19:15 INFO  : Context for 'APU' is selected.
09:19:15 INFO  : System reset is completed.
09:19:18 INFO  : 'after 3000' command is executed.
09:19:18 INFO  : 'targets -set -filter {jtag_cable_name =~ "Xilinx HW-FTDI-TEST FT2232H 1234-tulA" && level==0 && jtag_device_ctx=="jsn-HW-FTDI-TEST FT2232H-1234-tulA-23727093-0"}' command is executed.
09:19:21 INFO  : Device configured successfully with "C:/devWorks/VW_SOC/Vitis/VW_SOC_app/_ide/bitstream/design_1_wrapper.bit"
09:19:21 INFO  : Context for 'APU' is selected.
09:19:21 INFO  : Hardware design and registers information is loaded from 'C:/devWorks/VW_SOC/Vitis/design_1_wrapper/export/design_1_wrapper/hw/design_1_wrapper.xsa'.
09:19:21 INFO  : 'configparams force-mem-access 1' command is executed.
09:19:21 INFO  : Context for 'APU' is selected.
09:19:21 INFO  : Sourcing of 'C:/devWorks/VW_SOC/Vitis/VW_SOC_app/_ide/psinit/ps7_init.tcl' is done.
09:19:22 INFO  : 'ps7_init' command is executed.
09:19:22 INFO  : 'ps7_post_config' command is executed.
09:19:22 INFO  : Context for processor 'ps7_cortexa9_0' is selected.
09:19:22 INFO  : The application 'C:/devWorks/VW_SOC/Vitis/VW_SOC_app/Debug/VW_SOC_app.elf' is downloaded to processor 'ps7_cortexa9_0'.
09:19:22 INFO  : 'configparams force-mem-access 0' command is executed.
09:19:22 INFO  : ----------------XSDB Script----------------
connect -url tcp:127.0.0.1:3121
targets -set -nocase -filter {name =~"APU*"}
rst -system
after 3000
targets -set -filter {jtag_cable_name =~ "Xilinx HW-FTDI-TEST FT2232H 1234-tulA" && level==0 && jtag_device_ctx=="jsn-HW-FTDI-TEST FT2232H-1234-tulA-23727093-0"}
fpga -file C:/devWorks/VW_SOC/Vitis/VW_SOC_app/_ide/bitstream/design_1_wrapper.bit
targets -set -nocase -filter {name =~"APU*"}
loadhw -hw C:/devWorks/VW_SOC/Vitis/design_1_wrapper/export/design_1_wrapper/hw/design_1_wrapper.xsa -mem-ranges [list {0x40000000 0xbfffffff}] -regs
configparams force-mem-access 1
targets -set -nocase -filter {name =~"APU*"}
source C:/devWorks/VW_SOC/Vitis/VW_SOC_app/_ide/psinit/ps7_init.tcl
ps7_init
ps7_post_config
targets -set -nocase -filter {name =~ "*A9*#0"}
dow C:/devWorks/VW_SOC/Vitis/VW_SOC_app/Debug/VW_SOC_app.elf
configparams force-mem-access 0
----------------End of Script----------------

09:19:22 INFO  : Context for processor 'ps7_cortexa9_0' is selected.
09:19:22 INFO  : 'con' command is executed.
09:19:22 INFO  : ----------------XSDB Script (After Launch)----------------
targets -set -nocase -filter {name =~ "*A9*#0"}
con
----------------End of Script----------------

09:19:22 INFO  : Launch script is exported to file 'C:\devWorks\VW_SOC\Vitis\VW_SOC_app_system\_ide\scripts\debugger_vw_soc_app-default.tcl'
09:22:13 INFO  : Disconnected from the channel tcfchan#1.
09:22:38 INFO  : Checking for BSP changes to sync application flags for project 'VW_SOC_app'...
09:23:44 INFO  : Connected to target on host '127.0.0.1' and port '3121'.
09:23:44 INFO  : Jtag cable 'Xilinx HW-FTDI-TEST FT2232H 1234-tulA' is selected.
09:23:44 INFO  : 'jtag frequency' command is executed.
09:23:44 INFO  : Context for 'APU' is selected.
09:23:44 INFO  : System reset is completed.
09:23:47 INFO  : 'after 3000' command is executed.
09:23:47 INFO  : 'targets -set -filter {jtag_cable_name =~ "Xilinx HW-FTDI-TEST FT2232H 1234-tulA" && level==0 && jtag_device_ctx=="jsn-HW-FTDI-TEST FT2232H-1234-tulA-23727093-0"}' command is executed.
09:23:50 INFO  : Device configured successfully with "C:/devWorks/VW_SOC/Vitis/VW_SOC_app/_ide/bitstream/design_1_wrapper.bit"
09:23:50 INFO  : Context for 'APU' is selected.
09:23:50 INFO  : Hardware design and registers information is loaded from 'C:/devWorks/VW_SOC/Vitis/design_1_wrapper/export/design_1_wrapper/hw/design_1_wrapper.xsa'.
09:23:50 INFO  : 'configparams force-mem-access 1' command is executed.
09:23:50 INFO  : Context for 'APU' is selected.
09:23:50 INFO  : Sourcing of 'C:/devWorks/VW_SOC/Vitis/VW_SOC_app/_ide/psinit/ps7_init.tcl' is done.
09:23:50 INFO  : 'ps7_init' command is executed.
09:23:50 INFO  : 'ps7_post_config' command is executed.
09:23:50 INFO  : Context for processor 'ps7_cortexa9_0' is selected.
09:23:50 INFO  : The application 'C:/devWorks/VW_SOC/Vitis/VW_SOC_app/Debug/VW_SOC_app.elf' is downloaded to processor 'ps7_cortexa9_0'.
09:23:50 INFO  : 'configparams force-mem-access 0' command is executed.
09:23:50 INFO  : ----------------XSDB Script----------------
connect -url tcp:127.0.0.1:3121
targets -set -nocase -filter {name =~"APU*"}
rst -system
after 3000
targets -set -filter {jtag_cable_name =~ "Xilinx HW-FTDI-TEST FT2232H 1234-tulA" && level==0 && jtag_device_ctx=="jsn-HW-FTDI-TEST FT2232H-1234-tulA-23727093-0"}
fpga -file C:/devWorks/VW_SOC/Vitis/VW_SOC_app/_ide/bitstream/design_1_wrapper.bit
targets -set -nocase -filter {name =~"APU*"}
loadhw -hw C:/devWorks/VW_SOC/Vitis/design_1_wrapper/export/design_1_wrapper/hw/design_1_wrapper.xsa -mem-ranges [list {0x40000000 0xbfffffff}] -regs
configparams force-mem-access 1
targets -set -nocase -filter {name =~"APU*"}
source C:/devWorks/VW_SOC/Vitis/VW_SOC_app/_ide/psinit/ps7_init.tcl
ps7_init
ps7_post_config
targets -set -nocase -filter {name =~ "*A9*#0"}
dow C:/devWorks/VW_SOC/Vitis/VW_SOC_app/Debug/VW_SOC_app.elf
configparams force-mem-access 0
----------------End of Script----------------

09:23:51 INFO  : Context for processor 'ps7_cortexa9_0' is selected.
09:23:51 INFO  : 'con' command is executed.
09:23:51 INFO  : ----------------XSDB Script (After Launch)----------------
targets -set -nocase -filter {name =~ "*A9*#0"}
con
----------------End of Script----------------

09:23:51 INFO  : Launch script is exported to file 'C:\devWorks\VW_SOC\Vitis\VW_SOC_app_system\_ide\scripts\debugger_vw_soc_app-default.tcl'
09:24:24 INFO  : Disconnected from the channel tcfchan#2.
09:25:40 INFO  : Checking for BSP changes to sync application flags for project 'VW_SOC_app'...
09:25:54 INFO  : Connected to target on host '127.0.0.1' and port '3121'.
09:25:55 INFO  : Jtag cable 'Xilinx HW-FTDI-TEST FT2232H 1234-tulA' is selected.
09:25:55 INFO  : 'jtag frequency' command is executed.
09:25:55 INFO  : Context for 'APU' is selected.
09:25:55 INFO  : System reset is completed.
09:25:58 INFO  : 'after 3000' command is executed.
09:25:58 INFO  : 'targets -set -filter {jtag_cable_name =~ "Xilinx HW-FTDI-TEST FT2232H 1234-tulA" && level==0 && jtag_device_ctx=="jsn-HW-FTDI-TEST FT2232H-1234-tulA-23727093-0"}' command is executed.
09:26:00 INFO  : Device configured successfully with "C:/devWorks/VW_SOC/Vitis/VW_SOC_app/_ide/bitstream/design_1_wrapper.bit"
09:26:00 INFO  : Context for 'APU' is selected.
09:26:00 INFO  : Hardware design and registers information is loaded from 'C:/devWorks/VW_SOC/Vitis/design_1_wrapper/export/design_1_wrapper/hw/design_1_wrapper.xsa'.
09:26:00 INFO  : 'configparams force-mem-access 1' command is executed.
09:26:00 INFO  : Context for 'APU' is selected.
09:26:00 INFO  : Sourcing of 'C:/devWorks/VW_SOC/Vitis/VW_SOC_app/_ide/psinit/ps7_init.tcl' is done.
09:26:01 INFO  : 'ps7_init' command is executed.
09:26:01 INFO  : 'ps7_post_config' command is executed.
09:26:01 INFO  : Context for processor 'ps7_cortexa9_0' is selected.
09:26:01 INFO  : The application 'C:/devWorks/VW_SOC/Vitis/VW_SOC_app/Debug/VW_SOC_app.elf' is downloaded to processor 'ps7_cortexa9_0'.
09:26:01 INFO  : 'configparams force-mem-access 0' command is executed.
09:26:01 INFO  : ----------------XSDB Script----------------
connect -url tcp:127.0.0.1:3121
targets -set -nocase -filter {name =~"APU*"}
rst -system
after 3000
targets -set -filter {jtag_cable_name =~ "Xilinx HW-FTDI-TEST FT2232H 1234-tulA" && level==0 && jtag_device_ctx=="jsn-HW-FTDI-TEST FT2232H-1234-tulA-23727093-0"}
fpga -file C:/devWorks/VW_SOC/Vitis/VW_SOC_app/_ide/bitstream/design_1_wrapper.bit
targets -set -nocase -filter {name =~"APU*"}
loadhw -hw C:/devWorks/VW_SOC/Vitis/design_1_wrapper/export/design_1_wrapper/hw/design_1_wrapper.xsa -mem-ranges [list {0x40000000 0xbfffffff}] -regs
configparams force-mem-access 1
targets -set -nocase -filter {name =~"APU*"}
source C:/devWorks/VW_SOC/Vitis/VW_SOC_app/_ide/psinit/ps7_init.tcl
ps7_init
ps7_post_config
targets -set -nocase -filter {name =~ "*A9*#0"}
dow C:/devWorks/VW_SOC/Vitis/VW_SOC_app/Debug/VW_SOC_app.elf
configparams force-mem-access 0
----------------End of Script----------------

09:26:01 INFO  : Context for processor 'ps7_cortexa9_0' is selected.
09:26:01 INFO  : 'con' command is executed.
09:26:01 INFO  : ----------------XSDB Script (After Launch)----------------
targets -set -nocase -filter {name =~ "*A9*#0"}
con
----------------End of Script----------------

09:26:01 INFO  : Launch script is exported to file 'C:\devWorks\VW_SOC\Vitis\VW_SOC_app_system\_ide\scripts\debugger_vw_soc_app-default.tcl'
09:26:23 INFO  : Disconnected from the channel tcfchan#3.
10:04:30 INFO  : Checking for BSP changes to sync application flags for project 'VW_SOC_app'...
10:06:22 INFO  : Checking for BSP changes to sync application flags for project 'VW_SOC_app'...
10:07:39 INFO  : Checking for BSP changes to sync application flags for project 'VW_SOC_app'...
10:09:04 INFO  : Checking for BSP changes to sync application flags for project 'VW_SOC_app'...
10:19:51 INFO  : Checking for BSP changes to sync application flags for project 'VW_SOC_app'...
10:20:10 INFO  : Connected to target on host '127.0.0.1' and port '3121'.
10:20:11 INFO  : Jtag cable 'Xilinx HW-FTDI-TEST FT2232H 1234-tulA' is selected.
10:20:11 INFO  : 'jtag frequency' command is executed.
10:20:11 INFO  : Context for 'APU' is selected.
10:20:11 INFO  : System reset is completed.
10:20:14 INFO  : 'after 3000' command is executed.
10:20:14 INFO  : 'targets -set -filter {jtag_cable_name =~ "Xilinx HW-FTDI-TEST FT2232H 1234-tulA" && level==0 && jtag_device_ctx=="jsn-HW-FTDI-TEST FT2232H-1234-tulA-23727093-0"}' command is executed.
10:20:17 INFO  : Device configured successfully with "C:/devWorks/VW_SOC/Vitis/VW_SOC_app/_ide/bitstream/design_1_wrapper.bit"
10:20:17 INFO  : Context for 'APU' is selected.
10:20:17 INFO  : Hardware design and registers information is loaded from 'C:/devWorks/VW_SOC/Vitis/design_1_wrapper/export/design_1_wrapper/hw/design_1_wrapper.xsa'.
10:20:17 INFO  : 'configparams force-mem-access 1' command is executed.
10:20:17 INFO  : Context for 'APU' is selected.
10:20:17 INFO  : Sourcing of 'C:/devWorks/VW_SOC/Vitis/VW_SOC_app/_ide/psinit/ps7_init.tcl' is done.
10:20:17 INFO  : 'ps7_init' command is executed.
10:20:17 INFO  : 'ps7_post_config' command is executed.
10:20:17 INFO  : Context for processor 'ps7_cortexa9_0' is selected.
10:20:17 INFO  : The application 'C:/devWorks/VW_SOC/Vitis/VW_SOC_app/Debug/VW_SOC_app.elf' is downloaded to processor 'ps7_cortexa9_0'.
10:20:17 INFO  : 'configparams force-mem-access 0' command is executed.
10:20:17 INFO  : ----------------XSDB Script----------------
connect -url tcp:127.0.0.1:3121
targets -set -nocase -filter {name =~"APU*"}
rst -system
after 3000
targets -set -filter {jtag_cable_name =~ "Xilinx HW-FTDI-TEST FT2232H 1234-tulA" && level==0 && jtag_device_ctx=="jsn-HW-FTDI-TEST FT2232H-1234-tulA-23727093-0"}
fpga -file C:/devWorks/VW_SOC/Vitis/VW_SOC_app/_ide/bitstream/design_1_wrapper.bit
targets -set -nocase -filter {name =~"APU*"}
loadhw -hw C:/devWorks/VW_SOC/Vitis/design_1_wrapper/export/design_1_wrapper/hw/design_1_wrapper.xsa -mem-ranges [list {0x40000000 0xbfffffff}] -regs
configparams force-mem-access 1
targets -set -nocase -filter {name =~"APU*"}
source C:/devWorks/VW_SOC/Vitis/VW_SOC_app/_ide/psinit/ps7_init.tcl
ps7_init
ps7_post_config
targets -set -nocase -filter {name =~ "*A9*#0"}
dow C:/devWorks/VW_SOC/Vitis/VW_SOC_app/Debug/VW_SOC_app.elf
configparams force-mem-access 0
----------------End of Script----------------

10:20:18 INFO  : Context for processor 'ps7_cortexa9_0' is selected.
10:20:18 INFO  : 'con' command is executed.
10:20:18 INFO  : ----------------XSDB Script (After Launch)----------------
targets -set -nocase -filter {name =~ "*A9*#0"}
con
----------------End of Script----------------

10:20:18 INFO  : Launch script is exported to file 'C:\devWorks\VW_SOC\Vitis\VW_SOC_app_system\_ide\scripts\debugger_vw_soc_app-default.tcl'
10:21:05 INFO  : Disconnected from the channel tcfchan#4.
10:22:02 INFO  : Checking for BSP changes to sync application flags for project 'VW_SOC_app'...
10:59:21 INFO  : Checking for BSP changes to sync application flags for project 'VW_SOC_app'...
11:00:52 INFO  : Connected to target on host '127.0.0.1' and port '3121'.
11:01:10 INFO  : ----------------XSDB Script----------------
connect -url tcp:127.0.0.1:3121
----------------End of Script----------------

11:01:10 ERROR : Could not find ARM device on the board for connection 'Local'.
Check if the target is in:
1. Split JTAG - No operations are possible with ARM DAP.
2. Non JTAG bootmode - Bootrom may need time to enable DAP.
Please try again.


Troubleshooting hints:
1. Check whether board is connected to system properly.
2. In case of zynq board, check whether Digilent/Xilinx cable switch settings are correct.
3. If you are using Xilinx Platform Cable USB, ensure that status LED is green.
11:01:17 INFO  : Connected to target on host '127.0.0.1' and port '3121'.
11:01:35 INFO  : ----------------XSDB Script----------------
connect -url tcp:127.0.0.1:3121
----------------End of Script----------------

11:01:35 ERROR : Could not find ARM device on the board for connection 'Local'.
Check if the target is in:
1. Split JTAG - No operations are possible with ARM DAP.
2. Non JTAG bootmode - Bootrom may need time to enable DAP.
Please try again.


Troubleshooting hints:
1. Check whether board is connected to system properly.
2. In case of zynq board, check whether Digilent/Xilinx cable switch settings are correct.
3. If you are using Xilinx Platform Cable USB, ensure that status LED is green.
11:01:44 INFO  : Connected to target on host '127.0.0.1' and port '3121'.
11:01:44 INFO  : Jtag cable 'Xilinx HW-FTDI-TEST FT2232H 1234-tulA' is selected.
11:01:44 INFO  : 'jtag frequency' command is executed.
11:01:44 INFO  : Context for 'APU' is selected.
11:01:44 INFO  : System reset is completed.
11:01:47 INFO  : 'after 3000' command is executed.
11:01:47 INFO  : 'targets -set -filter {jtag_cable_name =~ "Xilinx HW-FTDI-TEST FT2232H 1234-tulA" && level==0 && jtag_device_ctx=="jsn-HW-FTDI-TEST FT2232H-1234-tulA-23727093-0"}' command is executed.
11:01:50 INFO  : Device configured successfully with "C:/devWorks/VW_SOC/Vitis/VW_SOC_app/_ide/bitstream/design_1_wrapper.bit"
11:01:50 INFO  : Context for 'APU' is selected.
11:01:50 INFO  : Hardware design and registers information is loaded from 'C:/devWorks/VW_SOC/Vitis/design_1_wrapper/export/design_1_wrapper/hw/design_1_wrapper.xsa'.
11:01:50 INFO  : 'configparams force-mem-access 1' command is executed.
11:01:50 INFO  : Context for 'APU' is selected.
11:01:50 INFO  : Sourcing of 'C:/devWorks/VW_SOC/Vitis/VW_SOC_app/_ide/psinit/ps7_init.tcl' is done.
11:01:50 INFO  : 'ps7_init' command is executed.
11:01:50 INFO  : 'ps7_post_config' command is executed.
11:01:50 INFO  : Context for processor 'ps7_cortexa9_0' is selected.
11:01:50 INFO  : The application 'C:/devWorks/VW_SOC/Vitis/VW_SOC_app/Debug/VW_SOC_app.elf' is downloaded to processor 'ps7_cortexa9_0'.
11:01:50 INFO  : 'configparams force-mem-access 0' command is executed.
11:01:50 INFO  : ----------------XSDB Script----------------
connect -url tcp:127.0.0.1:3121
targets -set -nocase -filter {name =~"APU*"}
rst -system
after 3000
targets -set -filter {jtag_cable_name =~ "Xilinx HW-FTDI-TEST FT2232H 1234-tulA" && level==0 && jtag_device_ctx=="jsn-HW-FTDI-TEST FT2232H-1234-tulA-23727093-0"}
fpga -file C:/devWorks/VW_SOC/Vitis/VW_SOC_app/_ide/bitstream/design_1_wrapper.bit
targets -set -nocase -filter {name =~"APU*"}
loadhw -hw C:/devWorks/VW_SOC/Vitis/design_1_wrapper/export/design_1_wrapper/hw/design_1_wrapper.xsa -mem-ranges [list {0x40000000 0xbfffffff}] -regs
configparams force-mem-access 1
targets -set -nocase -filter {name =~"APU*"}
source C:/devWorks/VW_SOC/Vitis/VW_SOC_app/_ide/psinit/ps7_init.tcl
ps7_init
ps7_post_config
targets -set -nocase -filter {name =~ "*A9*#0"}
dow C:/devWorks/VW_SOC/Vitis/VW_SOC_app/Debug/VW_SOC_app.elf
configparams force-mem-access 0
----------------End of Script----------------

11:01:51 INFO  : Context for processor 'ps7_cortexa9_0' is selected.
11:01:51 INFO  : 'con' command is executed.
11:01:51 INFO  : ----------------XSDB Script (After Launch)----------------
targets -set -nocase -filter {name =~ "*A9*#0"}
con
----------------End of Script----------------

11:01:51 INFO  : Launch script is exported to file 'C:\devWorks\VW_SOC\Vitis\VW_SOC_app_system\_ide\scripts\debugger_vw_soc_app-default.tcl'
11:02:49 INFO  : Disconnected from the channel tcfchan#5.
11:05:31 INFO  : Checking for BSP changes to sync application flags for project 'VW_SOC_app'...
11:25:15 INFO  : Checking for BSP changes to sync application flags for project 'VW_SOC_app'...
11:49:51 INFO  : Checking for BSP changes to sync application flags for project 'VW_SOC_app'...
11:54:07 INFO  : Connected to target on host '127.0.0.1' and port '3121'.
11:54:07 INFO  : Jtag cable 'Xilinx HW-FTDI-TEST FT2232H 1234-tulA' is selected.
11:54:07 INFO  : 'jtag frequency' command is executed.
11:54:07 INFO  : Context for 'APU' is selected.
11:54:07 INFO  : System reset is completed.
11:54:10 INFO  : 'after 3000' command is executed.
11:54:10 INFO  : 'targets -set -filter {jtag_cable_name =~ "Xilinx HW-FTDI-TEST FT2232H 1234-tulA" && level==0 && jtag_device_ctx=="jsn-HW-FTDI-TEST FT2232H-1234-tulA-23727093-0"}' command is executed.
11:54:13 INFO  : Device configured successfully with "C:/devWorks/VW_SOC/Vitis/VW_SOC_app/_ide/bitstream/design_1_wrapper.bit"
11:54:13 INFO  : Context for 'APU' is selected.
11:54:13 INFO  : Hardware design and registers information is loaded from 'C:/devWorks/VW_SOC/Vitis/design_1_wrapper/export/design_1_wrapper/hw/design_1_wrapper.xsa'.
11:54:13 INFO  : 'configparams force-mem-access 1' command is executed.
11:54:13 INFO  : Context for 'APU' is selected.
11:54:13 INFO  : Sourcing of 'C:/devWorks/VW_SOC/Vitis/VW_SOC_app/_ide/psinit/ps7_init.tcl' is done.
11:54:13 INFO  : 'ps7_init' command is executed.
11:54:13 INFO  : 'ps7_post_config' command is executed.
11:54:13 INFO  : Context for processor 'ps7_cortexa9_0' is selected.
11:54:14 INFO  : The application 'C:/devWorks/VW_SOC/Vitis/VW_SOC_app/Debug/VW_SOC_app.elf' is downloaded to processor 'ps7_cortexa9_0'.
11:54:14 INFO  : 'configparams force-mem-access 0' command is executed.
11:54:14 INFO  : ----------------XSDB Script----------------
connect -url tcp:127.0.0.1:3121
targets -set -nocase -filter {name =~"APU*"}
rst -system
after 3000
targets -set -filter {jtag_cable_name =~ "Xilinx HW-FTDI-TEST FT2232H 1234-tulA" && level==0 && jtag_device_ctx=="jsn-HW-FTDI-TEST FT2232H-1234-tulA-23727093-0"}
fpga -file C:/devWorks/VW_SOC/Vitis/VW_SOC_app/_ide/bitstream/design_1_wrapper.bit
targets -set -nocase -filter {name =~"APU*"}
loadhw -hw C:/devWorks/VW_SOC/Vitis/design_1_wrapper/export/design_1_wrapper/hw/design_1_wrapper.xsa -mem-ranges [list {0x40000000 0xbfffffff}] -regs
configparams force-mem-access 1
targets -set -nocase -filter {name =~"APU*"}
source C:/devWorks/VW_SOC/Vitis/VW_SOC_app/_ide/psinit/ps7_init.tcl
ps7_init
ps7_post_config
targets -set -nocase -filter {name =~ "*A9*#0"}
dow C:/devWorks/VW_SOC/Vitis/VW_SOC_app/Debug/VW_SOC_app.elf
configparams force-mem-access 0
----------------End of Script----------------

11:54:14 INFO  : Context for processor 'ps7_cortexa9_0' is selected.
11:54:14 INFO  : 'con' command is executed.
11:54:14 INFO  : ----------------XSDB Script (After Launch)----------------
targets -set -nocase -filter {name =~ "*A9*#0"}
con
----------------End of Script----------------

11:54:14 INFO  : Launch script is exported to file 'C:\devWorks\VW_SOC\Vitis\VW_SOC_app_system\_ide\scripts\debugger_vw_soc_app-default.tcl'
11:55:48 INFO  : Disconnected from the channel tcfchan#6.
11:56:37 INFO  : Connected to target on host '127.0.0.1' and port '3121'.
11:56:37 INFO  : Jtag cable 'Xilinx HW-FTDI-TEST FT2232H 1234-tulA' is selected.
11:56:37 INFO  : 'jtag frequency' command is executed.
11:56:37 INFO  : Context for 'APU' is selected.
11:56:37 INFO  : System reset is completed.
11:56:40 INFO  : 'after 3000' command is executed.
11:56:40 INFO  : 'targets -set -filter {jtag_cable_name =~ "Xilinx HW-FTDI-TEST FT2232H 1234-tulA" && level==0 && jtag_device_ctx=="jsn-HW-FTDI-TEST FT2232H-1234-tulA-23727093-0"}' command is executed.
11:56:43 INFO  : Device configured successfully with "C:/devWorks/VW_SOC/Vitis/VW_SOC_app/_ide/bitstream/design_1_wrapper.bit"
11:56:43 INFO  : Context for 'APU' is selected.
11:56:46 INFO  : Hardware design and registers information is loaded from 'C:/devWorks/VW_SOC/Vitis/design_1_wrapper/export/design_1_wrapper/hw/design_1_wrapper.xsa'.
11:56:46 INFO  : 'configparams force-mem-access 1' command is executed.
11:56:46 INFO  : Context for 'APU' is selected.
11:56:46 INFO  : Sourcing of 'C:/devWorks/VW_SOC/Vitis/VW_SOC_app/_ide/psinit/ps7_init.tcl' is done.
11:56:46 INFO  : 'ps7_init' command is executed.
11:56:47 INFO  : 'ps7_post_config' command is executed.
11:56:47 INFO  : Context for processor 'ps7_cortexa9_0' is selected.
11:56:47 INFO  : The application 'C:/devWorks/VW_SOC/Vitis/VW_SOC_app/Debug/VW_SOC_app.elf' is downloaded to processor 'ps7_cortexa9_0'.
11:56:47 INFO  : 'configparams force-mem-access 0' command is executed.
11:56:47 INFO  : ----------------XSDB Script----------------
connect -url tcp:127.0.0.1:3121
targets -set -nocase -filter {name =~"APU*"}
rst -system
after 3000
targets -set -filter {jtag_cable_name =~ "Xilinx HW-FTDI-TEST FT2232H 1234-tulA" && level==0 && jtag_device_ctx=="jsn-HW-FTDI-TEST FT2232H-1234-tulA-23727093-0"}
fpga -file C:/devWorks/VW_SOC/Vitis/VW_SOC_app/_ide/bitstream/design_1_wrapper.bit
targets -set -nocase -filter {name =~"APU*"}
loadhw -hw C:/devWorks/VW_SOC/Vitis/design_1_wrapper/export/design_1_wrapper/hw/design_1_wrapper.xsa -mem-ranges [list {0x40000000 0xbfffffff}] -regs
configparams force-mem-access 1
targets -set -nocase -filter {name =~"APU*"}
source C:/devWorks/VW_SOC/Vitis/VW_SOC_app/_ide/psinit/ps7_init.tcl
ps7_init
ps7_post_config
targets -set -nocase -filter {name =~ "*A9*#0"}
dow C:/devWorks/VW_SOC/Vitis/VW_SOC_app/Debug/VW_SOC_app.elf
configparams force-mem-access 0
----------------End of Script----------------

11:56:47 INFO  : Context for processor 'ps7_cortexa9_0' is selected.
11:56:47 INFO  : 'con' command is executed.
11:56:47 INFO  : ----------------XSDB Script (After Launch)----------------
targets -set -nocase -filter {name =~ "*A9*#0"}
con
----------------End of Script----------------

11:56:47 INFO  : Launch script is exported to file 'C:\devWorks\VW_SOC\Vitis\VW_SOC_app_system\_ide\scripts\debugger_vw_soc_app-default.tcl'
11:57:47 INFO  : Disconnected from the channel tcfchan#7.
12:00:43 INFO  : Checking for BSP changes to sync application flags for project 'VW_SOC_app'...
12:00:59 INFO  : Connected to target on host '127.0.0.1' and port '3121'.
12:01:00 INFO  : Jtag cable 'Xilinx HW-FTDI-TEST FT2232H 1234-tulA' is selected.
12:01:00 INFO  : 'jtag frequency' command is executed.
12:01:00 INFO  : Context for 'APU' is selected.
12:01:00 INFO  : System reset is completed.
12:01:03 INFO  : 'after 3000' command is executed.
12:01:03 INFO  : 'targets -set -filter {jtag_cable_name =~ "Xilinx HW-FTDI-TEST FT2232H 1234-tulA" && level==0 && jtag_device_ctx=="jsn-HW-FTDI-TEST FT2232H-1234-tulA-23727093-0"}' command is executed.
12:01:05 INFO  : Device configured successfully with "C:/devWorks/VW_SOC/Vitis/VW_SOC_app/_ide/bitstream/design_1_wrapper.bit"
12:01:05 INFO  : Context for 'APU' is selected.
12:01:05 INFO  : Hardware design and registers information is loaded from 'C:/devWorks/VW_SOC/Vitis/design_1_wrapper/export/design_1_wrapper/hw/design_1_wrapper.xsa'.
12:01:05 INFO  : 'configparams force-mem-access 1' command is executed.
12:01:05 INFO  : Context for 'APU' is selected.
12:01:05 INFO  : Sourcing of 'C:/devWorks/VW_SOC/Vitis/VW_SOC_app/_ide/psinit/ps7_init.tcl' is done.
12:01:06 INFO  : 'ps7_init' command is executed.
12:01:06 INFO  : 'ps7_post_config' command is executed.
12:01:06 INFO  : Context for processor 'ps7_cortexa9_0' is selected.
12:01:06 INFO  : The application 'C:/devWorks/VW_SOC/Vitis/VW_SOC_app/Debug/VW_SOC_app.elf' is downloaded to processor 'ps7_cortexa9_0'.
12:01:06 INFO  : 'configparams force-mem-access 0' command is executed.
12:01:06 INFO  : ----------------XSDB Script----------------
connect -url tcp:127.0.0.1:3121
targets -set -nocase -filter {name =~"APU*"}
rst -system
after 3000
targets -set -filter {jtag_cable_name =~ "Xilinx HW-FTDI-TEST FT2232H 1234-tulA" && level==0 && jtag_device_ctx=="jsn-HW-FTDI-TEST FT2232H-1234-tulA-23727093-0"}
fpga -file C:/devWorks/VW_SOC/Vitis/VW_SOC_app/_ide/bitstream/design_1_wrapper.bit
targets -set -nocase -filter {name =~"APU*"}
loadhw -hw C:/devWorks/VW_SOC/Vitis/design_1_wrapper/export/design_1_wrapper/hw/design_1_wrapper.xsa -mem-ranges [list {0x40000000 0xbfffffff}] -regs
configparams force-mem-access 1
targets -set -nocase -filter {name =~"APU*"}
source C:/devWorks/VW_SOC/Vitis/VW_SOC_app/_ide/psinit/ps7_init.tcl
ps7_init
ps7_post_config
targets -set -nocase -filter {name =~ "*A9*#0"}
dow C:/devWorks/VW_SOC/Vitis/VW_SOC_app/Debug/VW_SOC_app.elf
configparams force-mem-access 0
----------------End of Script----------------

12:01:06 INFO  : Context for processor 'ps7_cortexa9_0' is selected.
12:01:06 INFO  : 'con' command is executed.
12:01:06 INFO  : ----------------XSDB Script (After Launch)----------------
targets -set -nocase -filter {name =~ "*A9*#0"}
con
----------------End of Script----------------

12:01:06 INFO  : Launch script is exported to file 'C:\devWorks\VW_SOC\Vitis\VW_SOC_app_system\_ide\scripts\debugger_vw_soc_app-default.tcl'
12:04:05 INFO  : Disconnected from the channel tcfchan#8.
12:12:14 INFO  : Checking for BSP changes to sync application flags for project 'VW_SOC_app'...
12:14:44 INFO  : Connected to target on host '127.0.0.1' and port '3121'.
12:14:44 INFO  : Jtag cable 'Xilinx HW-FTDI-TEST FT2232H 1234-tulA' is selected.
12:14:44 INFO  : 'jtag frequency' command is executed.
12:14:44 INFO  : Context for 'APU' is selected.
12:14:44 INFO  : System reset is completed.
12:14:47 INFO  : 'after 3000' command is executed.
12:14:47 INFO  : 'targets -set -filter {jtag_cable_name =~ "Xilinx HW-FTDI-TEST FT2232H 1234-tulA" && level==0 && jtag_device_ctx=="jsn-HW-FTDI-TEST FT2232H-1234-tulA-23727093-0"}' command is executed.
12:14:50 INFO  : Device configured successfully with "C:/devWorks/VW_SOC/Vitis/VW_SOC_app/_ide/bitstream/design_1_wrapper.bit"
12:14:50 INFO  : Context for 'APU' is selected.
12:14:50 INFO  : Hardware design and registers information is loaded from 'C:/devWorks/VW_SOC/Vitis/design_1_wrapper/export/design_1_wrapper/hw/design_1_wrapper.xsa'.
12:14:50 INFO  : 'configparams force-mem-access 1' command is executed.
12:14:50 INFO  : Context for 'APU' is selected.
12:14:50 INFO  : Sourcing of 'C:/devWorks/VW_SOC/Vitis/VW_SOC_app/_ide/psinit/ps7_init.tcl' is done.
12:14:50 INFO  : 'ps7_init' command is executed.
12:14:50 INFO  : 'ps7_post_config' command is executed.
12:14:50 INFO  : Context for processor 'ps7_cortexa9_0' is selected.
12:14:51 INFO  : The application 'C:/devWorks/VW_SOC/Vitis/VW_SOC_app/Debug/VW_SOC_app.elf' is downloaded to processor 'ps7_cortexa9_0'.
12:14:51 INFO  : 'configparams force-mem-access 0' command is executed.
12:14:51 INFO  : ----------------XSDB Script----------------
connect -url tcp:127.0.0.1:3121
targets -set -nocase -filter {name =~"APU*"}
rst -system
after 3000
targets -set -filter {jtag_cable_name =~ "Xilinx HW-FTDI-TEST FT2232H 1234-tulA" && level==0 && jtag_device_ctx=="jsn-HW-FTDI-TEST FT2232H-1234-tulA-23727093-0"}
fpga -file C:/devWorks/VW_SOC/Vitis/VW_SOC_app/_ide/bitstream/design_1_wrapper.bit
targets -set -nocase -filter {name =~"APU*"}
loadhw -hw C:/devWorks/VW_SOC/Vitis/design_1_wrapper/export/design_1_wrapper/hw/design_1_wrapper.xsa -mem-ranges [list {0x40000000 0xbfffffff}] -regs
configparams force-mem-access 1
targets -set -nocase -filter {name =~"APU*"}
source C:/devWorks/VW_SOC/Vitis/VW_SOC_app/_ide/psinit/ps7_init.tcl
ps7_init
ps7_post_config
targets -set -nocase -filter {name =~ "*A9*#0"}
dow C:/devWorks/VW_SOC/Vitis/VW_SOC_app/Debug/VW_SOC_app.elf
configparams force-mem-access 0
----------------End of Script----------------

12:14:51 INFO  : Context for processor 'ps7_cortexa9_0' is selected.
12:14:51 INFO  : 'con' command is executed.
12:14:51 INFO  : ----------------XSDB Script (After Launch)----------------
targets -set -nocase -filter {name =~ "*A9*#0"}
con
----------------End of Script----------------

12:14:51 INFO  : Launch script is exported to file 'C:\devWorks\VW_SOC\Vitis\VW_SOC_app_system\_ide\scripts\debugger_vw_soc_app-default.tcl'
12:15:25 INFO  : Disconnected from the channel tcfchan#9.
12:15:42 INFO  : Connected to target on host '127.0.0.1' and port '3121'.
12:15:42 INFO  : Jtag cable 'Xilinx HW-FTDI-TEST FT2232H 1234-tulA' is selected.
12:15:42 INFO  : 'jtag frequency' command is executed.
12:15:43 INFO  : Context for 'APU' is selected.
12:15:43 INFO  : System reset is completed.
12:15:46 INFO  : 'after 3000' command is executed.
12:15:46 INFO  : 'targets -set -filter {jtag_cable_name =~ "Xilinx HW-FTDI-TEST FT2232H 1234-tulA" && level==0 && jtag_device_ctx=="jsn-HW-FTDI-TEST FT2232H-1234-tulA-23727093-0"}' command is executed.
12:15:48 INFO  : Device configured successfully with "C:/devWorks/VW_SOC/Vitis/VW_SOC_app/_ide/bitstream/design_1_wrapper.bit"
12:15:48 INFO  : Context for 'APU' is selected.
12:15:53 INFO  : Hardware design and registers information is loaded from 'C:/devWorks/VW_SOC/Vitis/design_1_wrapper/export/design_1_wrapper/hw/design_1_wrapper.xsa'.
12:15:53 INFO  : 'configparams force-mem-access 1' command is executed.
12:15:53 INFO  : Context for 'APU' is selected.
12:15:53 INFO  : Sourcing of 'C:/devWorks/VW_SOC/Vitis/VW_SOC_app/_ide/psinit/ps7_init.tcl' is done.
12:15:53 INFO  : 'ps7_init' command is executed.
12:15:53 INFO  : 'ps7_post_config' command is executed.
12:15:53 INFO  : Context for processor 'ps7_cortexa9_0' is selected.
12:15:54 INFO  : The application 'C:/devWorks/VW_SOC/Vitis/VW_SOC_app/Debug/VW_SOC_app.elf' is downloaded to processor 'ps7_cortexa9_0'.
12:15:54 INFO  : 'configparams force-mem-access 0' command is executed.
12:15:54 INFO  : ----------------XSDB Script----------------
connect -url tcp:127.0.0.1:3121
targets -set -nocase -filter {name =~"APU*"}
rst -system
after 3000
targets -set -filter {jtag_cable_name =~ "Xilinx HW-FTDI-TEST FT2232H 1234-tulA" && level==0 && jtag_device_ctx=="jsn-HW-FTDI-TEST FT2232H-1234-tulA-23727093-0"}
fpga -file C:/devWorks/VW_SOC/Vitis/VW_SOC_app/_ide/bitstream/design_1_wrapper.bit
targets -set -nocase -filter {name =~"APU*"}
loadhw -hw C:/devWorks/VW_SOC/Vitis/design_1_wrapper/export/design_1_wrapper/hw/design_1_wrapper.xsa -mem-ranges [list {0x40000000 0xbfffffff}] -regs
configparams force-mem-access 1
targets -set -nocase -filter {name =~"APU*"}
source C:/devWorks/VW_SOC/Vitis/VW_SOC_app/_ide/psinit/ps7_init.tcl
ps7_init
ps7_post_config
targets -set -nocase -filter {name =~ "*A9*#0"}
dow C:/devWorks/VW_SOC/Vitis/VW_SOC_app/Debug/VW_SOC_app.elf
configparams force-mem-access 0
----------------End of Script----------------

12:15:54 INFO  : Context for processor 'ps7_cortexa9_0' is selected.
12:15:54 INFO  : 'con' command is executed.
12:15:54 INFO  : ----------------XSDB Script (After Launch)----------------
targets -set -nocase -filter {name =~ "*A9*#0"}
con
----------------End of Script----------------

12:15:54 INFO  : Launch script is exported to file 'C:\devWorks\VW_SOC\Vitis\VW_SOC_app_system\_ide\scripts\debugger_vw_soc_app-default.tcl'
12:19:16 INFO  : Checking for BSP changes to sync application flags for project 'VW_SOC_app'...
12:19:47 INFO  : Disconnected from the channel tcfchan#10.
12:19:48 INFO  : Connected to target on host '127.0.0.1' and port '3121'.
12:19:57 INFO  : ----------------XSDB Script----------------
connect -url tcp:127.0.0.1:3121
----------------End of Script----------------

12:19:57 ERROR : Could not find ARM device on the board for connection 'Local'.
Check if the target is in:
1. Split JTAG - No operations are possible with ARM DAP.
2. Non JTAG bootmode - Bootrom may need time to enable DAP.
Please try again.


Troubleshooting hints:
1. Check whether board is connected to system properly.
2. In case of zynq board, check whether Digilent/Xilinx cable switch settings are correct.
3. If you are using Xilinx Platform Cable USB, ensure that status LED is green.
12:20:06 INFO  : Connected to target on host '127.0.0.1' and port '3121'.
12:20:06 INFO  : Jtag cable 'Xilinx HW-FTDI-TEST FT2232H 1234-tulA' is selected.
12:20:07 INFO  : 'jtag frequency' command is executed.
12:20:07 INFO  : Context for 'APU' is selected.
12:20:07 INFO  : System reset is completed.
12:20:10 INFO  : 'after 3000' command is executed.
12:20:10 INFO  : 'targets -set -filter {jtag_cable_name =~ "Xilinx HW-FTDI-TEST FT2232H 1234-tulA" && level==0 && jtag_device_ctx=="jsn-HW-FTDI-TEST FT2232H-1234-tulA-23727093-0"}' command is executed.
12:20:12 INFO  : Device configured successfully with "C:/devWorks/VW_SOC/Vitis/VW_SOC_app/_ide/bitstream/design_1_wrapper.bit"
12:20:12 INFO  : Context for 'APU' is selected.
12:20:17 INFO  : Hardware design and registers information is loaded from 'C:/devWorks/VW_SOC/Vitis/design_1_wrapper/export/design_1_wrapper/hw/design_1_wrapper.xsa'.
12:20:17 INFO  : 'configparams force-mem-access 1' command is executed.
12:20:18 INFO  : Context for 'APU' is selected.
12:20:18 INFO  : Sourcing of 'C:/devWorks/VW_SOC/Vitis/VW_SOC_app/_ide/psinit/ps7_init.tcl' is done.
12:20:18 INFO  : 'ps7_init' command is executed.
12:20:18 INFO  : 'ps7_post_config' command is executed.
12:20:18 INFO  : Context for processor 'ps7_cortexa9_0' is selected.
12:20:19 INFO  : The application 'C:/devWorks/VW_SOC/Vitis/VW_SOC_app/Debug/VW_SOC_app.elf' is downloaded to processor 'ps7_cortexa9_0'.
12:20:19 INFO  : 'configparams force-mem-access 0' command is executed.
12:20:19 INFO  : ----------------XSDB Script----------------
connect -url tcp:127.0.0.1:3121
targets -set -nocase -filter {name =~"APU*"}
rst -system
after 3000
targets -set -filter {jtag_cable_name =~ "Xilinx HW-FTDI-TEST FT2232H 1234-tulA" && level==0 && jtag_device_ctx=="jsn-HW-FTDI-TEST FT2232H-1234-tulA-23727093-0"}
fpga -file C:/devWorks/VW_SOC/Vitis/VW_SOC_app/_ide/bitstream/design_1_wrapper.bit
targets -set -nocase -filter {name =~"APU*"}
loadhw -hw C:/devWorks/VW_SOC/Vitis/design_1_wrapper/export/design_1_wrapper/hw/design_1_wrapper.xsa -mem-ranges [list {0x40000000 0xbfffffff}] -regs
configparams force-mem-access 1
targets -set -nocase -filter {name =~"APU*"}
source C:/devWorks/VW_SOC/Vitis/VW_SOC_app/_ide/psinit/ps7_init.tcl
ps7_init
ps7_post_config
targets -set -nocase -filter {name =~ "*A9*#0"}
dow C:/devWorks/VW_SOC/Vitis/VW_SOC_app/Debug/VW_SOC_app.elf
configparams force-mem-access 0
----------------End of Script----------------

12:20:19 INFO  : Context for processor 'ps7_cortexa9_0' is selected.
12:20:19 INFO  : 'con' command is executed.
12:20:19 INFO  : ----------------XSDB Script (After Launch)----------------
targets -set -nocase -filter {name =~ "*A9*#0"}
con
----------------End of Script----------------

12:20:19 INFO  : Launch script is exported to file 'C:\devWorks\VW_SOC\Vitis\VW_SOC_app_system\_ide\scripts\debugger_vw_soc_app-default.tcl'
12:20:59 INFO  : Disconnected from the channel tcfchan#11.
12:25:05 INFO  : Checking for BSP changes to sync application flags for project 'VW_SOC_app'...
12:25:21 INFO  : Connected to target on host '127.0.0.1' and port '3121'.
12:25:23 INFO  : Jtag cable 'Xilinx HW-FTDI-TEST FT2232H 1234-tulA' is selected.
12:25:23 INFO  : 'jtag frequency' command is executed.
12:25:23 INFO  : Context for 'APU' is selected.
12:25:23 INFO  : System reset is completed.
12:25:26 INFO  : 'after 3000' command is executed.
12:25:26 INFO  : 'targets -set -filter {jtag_cable_name =~ "Xilinx HW-FTDI-TEST FT2232H 1234-tulA" && level==0 && jtag_device_ctx=="jsn-HW-FTDI-TEST FT2232H-1234-tulA-23727093-0"}' command is executed.
12:25:30 INFO  : Device configured successfully with "C:/devWorks/VW_SOC/Vitis/VW_SOC_app/_ide/bitstream/design_1_wrapper.bit"
12:25:30 INFO  : Context for 'APU' is selected.
12:25:30 INFO  : Hardware design and registers information is loaded from 'C:/devWorks/VW_SOC/Vitis/design_1_wrapper/export/design_1_wrapper/hw/design_1_wrapper.xsa'.
12:25:31 INFO  : 'configparams force-mem-access 1' command is executed.
12:25:31 INFO  : Context for 'APU' is selected.
12:25:31 INFO  : Sourcing of 'C:/devWorks/VW_SOC/Vitis/VW_SOC_app/_ide/psinit/ps7_init.tcl' is done.
12:25:32 INFO  : 'ps7_init' command is executed.
12:25:32 INFO  : 'ps7_post_config' command is executed.
12:25:33 INFO  : Context for processor 'ps7_cortexa9_0' is selected.
12:25:33 INFO  : The application 'C:/devWorks/VW_SOC/Vitis/VW_SOC_app/Debug/VW_SOC_app.elf' is downloaded to processor 'ps7_cortexa9_0'.
12:25:33 INFO  : 'configparams force-mem-access 0' command is executed.
12:25:33 INFO  : ----------------XSDB Script----------------
connect -url tcp:127.0.0.1:3121
targets -set -nocase -filter {name =~"APU*"}
rst -system
after 3000
targets -set -filter {jtag_cable_name =~ "Xilinx HW-FTDI-TEST FT2232H 1234-tulA" && level==0 && jtag_device_ctx=="jsn-HW-FTDI-TEST FT2232H-1234-tulA-23727093-0"}
fpga -file C:/devWorks/VW_SOC/Vitis/VW_SOC_app/_ide/bitstream/design_1_wrapper.bit
targets -set -nocase -filter {name =~"APU*"}
loadhw -hw C:/devWorks/VW_SOC/Vitis/design_1_wrapper/export/design_1_wrapper/hw/design_1_wrapper.xsa -mem-ranges [list {0x40000000 0xbfffffff}] -regs
configparams force-mem-access 1
targets -set -nocase -filter {name =~"APU*"}
source C:/devWorks/VW_SOC/Vitis/VW_SOC_app/_ide/psinit/ps7_init.tcl
ps7_init
ps7_post_config
targets -set -nocase -filter {name =~ "*A9*#0"}
dow C:/devWorks/VW_SOC/Vitis/VW_SOC_app/Debug/VW_SOC_app.elf
configparams force-mem-access 0
----------------End of Script----------------

12:25:33 INFO  : Context for processor 'ps7_cortexa9_0' is selected.
12:25:34 INFO  : 'con' command is executed.
12:25:34 INFO  : ----------------XSDB Script (After Launch)----------------
targets -set -nocase -filter {name =~ "*A9*#0"}
con
----------------End of Script----------------

12:25:34 INFO  : Launch script is exported to file 'C:\devWorks\VW_SOC\Vitis\VW_SOC_app_system\_ide\scripts\debugger_vw_soc_app-default.tcl'
12:25:49 INFO  : Disconnected from the channel tcfchan#12.
12:25:59 INFO  : Connected to target on host '127.0.0.1' and port '3121'.
12:26:01 INFO  : Jtag cable 'Xilinx HW-FTDI-TEST FT2232H 1234-tulA' is selected.
12:26:01 INFO  : 'jtag frequency' command is executed.
12:26:01 INFO  : Context for 'APU' is selected.
12:26:01 INFO  : System reset is completed.
12:26:04 INFO  : 'after 3000' command is executed.
12:26:04 INFO  : 'targets -set -filter {jtag_cable_name =~ "Xilinx HW-FTDI-TEST FT2232H 1234-tulA" && level==0 && jtag_device_ctx=="jsn-HW-FTDI-TEST FT2232H-1234-tulA-23727093-0"}' command is executed.
12:26:08 INFO  : Device configured successfully with "C:/devWorks/VW_SOC/Vitis/VW_SOC_app/_ide/bitstream/design_1_wrapper.bit"
12:26:08 INFO  : Context for 'APU' is selected.
12:26:15 INFO  : Hardware design and registers information is loaded from 'C:/devWorks/VW_SOC/Vitis/design_1_wrapper/export/design_1_wrapper/hw/design_1_wrapper.xsa'.
12:26:15 INFO  : 'configparams force-mem-access 1' command is executed.
12:26:15 INFO  : Context for 'APU' is selected.
12:26:15 INFO  : Sourcing of 'C:/devWorks/VW_SOC/Vitis/VW_SOC_app/_ide/psinit/ps7_init.tcl' is done.
12:26:15 INFO  : 'ps7_init' command is executed.
12:26:15 INFO  : 'ps7_post_config' command is executed.
12:26:16 INFO  : Context for processor 'ps7_cortexa9_0' is selected.
12:26:16 INFO  : The application 'C:/devWorks/VW_SOC/Vitis/VW_SOC_app/Debug/VW_SOC_app.elf' is downloaded to processor 'ps7_cortexa9_0'.
12:26:17 INFO  : 'configparams force-mem-access 0' command is executed.
12:26:17 INFO  : ----------------XSDB Script----------------
connect -url tcp:127.0.0.1:3121
targets -set -nocase -filter {name =~"APU*"}
rst -system
after 3000
targets -set -filter {jtag_cable_name =~ "Xilinx HW-FTDI-TEST FT2232H 1234-tulA" && level==0 && jtag_device_ctx=="jsn-HW-FTDI-TEST FT2232H-1234-tulA-23727093-0"}
fpga -file C:/devWorks/VW_SOC/Vitis/VW_SOC_app/_ide/bitstream/design_1_wrapper.bit
targets -set -nocase -filter {name =~"APU*"}
loadhw -hw C:/devWorks/VW_SOC/Vitis/design_1_wrapper/export/design_1_wrapper/hw/design_1_wrapper.xsa -mem-ranges [list {0x40000000 0xbfffffff}] -regs
configparams force-mem-access 1
targets -set -nocase -filter {name =~"APU*"}
source C:/devWorks/VW_SOC/Vitis/VW_SOC_app/_ide/psinit/ps7_init.tcl
ps7_init
ps7_post_config
targets -set -nocase -filter {name =~ "*A9*#0"}
dow C:/devWorks/VW_SOC/Vitis/VW_SOC_app/Debug/VW_SOC_app.elf
configparams force-mem-access 0
----------------End of Script----------------

12:26:17 INFO  : Context for processor 'ps7_cortexa9_0' is selected.
12:26:17 INFO  : 'con' command is executed.
12:26:17 INFO  : ----------------XSDB Script (After Launch)----------------
targets -set -nocase -filter {name =~ "*A9*#0"}
con
----------------End of Script----------------

12:26:17 INFO  : Launch script is exported to file 'C:\devWorks\VW_SOC\Vitis\VW_SOC_app_system\_ide\scripts\debugger_vw_soc_app-default.tcl'
12:29:54 INFO  : Checking for BSP changes to sync application flags for project 'VW_SOC_app'...
12:30:11 INFO  : Disconnected from the channel tcfchan#13.
12:30:12 INFO  : Connected to target on host '127.0.0.1' and port '3121'.
12:30:13 INFO  : Jtag cable 'Xilinx HW-FTDI-TEST FT2232H 1234-tulA' is selected.
12:30:13 INFO  : 'jtag frequency' command is executed.
12:30:14 INFO  : Context for 'APU' is selected.
12:30:14 INFO  : System reset is completed.
12:30:17 INFO  : 'after 3000' command is executed.
12:30:17 INFO  : 'targets -set -filter {jtag_cable_name =~ "Xilinx HW-FTDI-TEST FT2232H 1234-tulA" && level==0 && jtag_device_ctx=="jsn-HW-FTDI-TEST FT2232H-1234-tulA-23727093-0"}' command is executed.
12:30:20 INFO  : Device configured successfully with "C:/devWorks/VW_SOC/Vitis/VW_SOC_app/_ide/bitstream/design_1_wrapper.bit"
12:30:20 INFO  : Context for 'APU' is selected.
12:30:28 INFO  : Hardware design and registers information is loaded from 'C:/devWorks/VW_SOC/Vitis/design_1_wrapper/export/design_1_wrapper/hw/design_1_wrapper.xsa'.
12:30:28 INFO  : 'configparams force-mem-access 1' command is executed.
12:30:28 INFO  : Context for 'APU' is selected.
12:30:28 INFO  : Sourcing of 'C:/devWorks/VW_SOC/Vitis/VW_SOC_app/_ide/psinit/ps7_init.tcl' is done.
12:30:29 INFO  : 'ps7_init' command is executed.
12:30:29 INFO  : 'ps7_post_config' command is executed.
12:30:29 INFO  : Context for processor 'ps7_cortexa9_0' is selected.
12:30:29 INFO  : The application 'C:/devWorks/VW_SOC/Vitis/VW_SOC_app/Debug/VW_SOC_app.elf' is downloaded to processor 'ps7_cortexa9_0'.
12:30:29 INFO  : 'configparams force-mem-access 0' command is executed.
12:30:29 INFO  : ----------------XSDB Script----------------
connect -url tcp:127.0.0.1:3121
targets -set -nocase -filter {name =~"APU*"}
rst -system
after 3000
targets -set -filter {jtag_cable_name =~ "Xilinx HW-FTDI-TEST FT2232H 1234-tulA" && level==0 && jtag_device_ctx=="jsn-HW-FTDI-TEST FT2232H-1234-tulA-23727093-0"}
fpga -file C:/devWorks/VW_SOC/Vitis/VW_SOC_app/_ide/bitstream/design_1_wrapper.bit
targets -set -nocase -filter {name =~"APU*"}
loadhw -hw C:/devWorks/VW_SOC/Vitis/design_1_wrapper/export/design_1_wrapper/hw/design_1_wrapper.xsa -mem-ranges [list {0x40000000 0xbfffffff}] -regs
configparams force-mem-access 1
targets -set -nocase -filter {name =~"APU*"}
source C:/devWorks/VW_SOC/Vitis/VW_SOC_app/_ide/psinit/ps7_init.tcl
ps7_init
ps7_post_config
targets -set -nocase -filter {name =~ "*A9*#0"}
dow C:/devWorks/VW_SOC/Vitis/VW_SOC_app/Debug/VW_SOC_app.elf
configparams force-mem-access 0
----------------End of Script----------------

12:30:29 INFO  : Context for processor 'ps7_cortexa9_0' is selected.
12:30:30 INFO  : 'con' command is executed.
12:30:30 INFO  : ----------------XSDB Script (After Launch)----------------
targets -set -nocase -filter {name =~ "*A9*#0"}
con
----------------End of Script----------------

12:30:30 INFO  : Launch script is exported to file 'C:\devWorks\VW_SOC\Vitis\VW_SOC_app_system\_ide\scripts\debugger_vw_soc_app-default.tcl'
14:03:32 WARN  : channel "tcfchan#14" closed
23:17:12 INFO  : Checking for BSP changes to sync application flags for project 'VW_SOC_app'...
23:18:11 INFO  : Connected to target on host '127.0.0.1' and port '3121'.
23:18:16 INFO  : Jtag cable 'Xilinx HW-FTDI-TEST FT2232H 1234-tulA' is selected.
23:18:17 INFO  : 'jtag frequency' command is executed.
23:18:17 INFO  : Context for 'APU' is selected.
23:18:19 INFO  : System reset is completed.
23:18:22 INFO  : 'after 3000' command is executed.
23:18:26 INFO  : 'targets -set -filter {jtag_cable_name =~ "Xilinx HW-FTDI-TEST FT2232H 1234-tulA" && level==0 && jtag_device_ctx=="jsn-HW-FTDI-TEST FT2232H-1234-tulA-23727093-0"}' command is executed.
23:18:31 INFO  : Device configured successfully with "C:/devWorks/VW_SOC/Vitis/VW_SOC_app/_ide/bitstream/design_1_wrapper.bit"
23:18:32 INFO  : Context for 'APU' is selected.
23:18:35 INFO  : Hardware design and registers information is loaded from 'C:/devWorks/VW_SOC/Vitis/design_1_wrapper/export/design_1_wrapper/hw/design_1_wrapper.xsa'.
23:18:35 INFO  : 'configparams force-mem-access 1' command is executed.
23:18:36 INFO  : Context for 'APU' is selected.
23:18:37 INFO  : Sourcing of 'C:/devWorks/VW_SOC/Vitis/VW_SOC_app/_ide/psinit/ps7_init.tcl' is done.
23:18:43 INFO  : 'ps7_init' command is executed.
23:18:44 INFO  : 'ps7_post_config' command is executed.
23:18:44 INFO  : Context for processor 'ps7_cortexa9_0' is selected.
23:18:45 INFO  : The application 'C:/devWorks/VW_SOC/Vitis/VW_SOC_app/Debug/VW_SOC_app.elf' is downloaded to processor 'ps7_cortexa9_0'.
23:18:45 INFO  : 'configparams force-mem-access 0' command is executed.
23:18:45 INFO  : ----------------XSDB Script----------------
connect -url tcp:127.0.0.1:3121
targets -set -nocase -filter {name =~"APU*"}
rst -system
after 3000
targets -set -filter {jtag_cable_name =~ "Xilinx HW-FTDI-TEST FT2232H 1234-tulA" && level==0 && jtag_device_ctx=="jsn-HW-FTDI-TEST FT2232H-1234-tulA-23727093-0"}
fpga -file C:/devWorks/VW_SOC/Vitis/VW_SOC_app/_ide/bitstream/design_1_wrapper.bit
targets -set -nocase -filter {name =~"APU*"}
loadhw -hw C:/devWorks/VW_SOC/Vitis/design_1_wrapper/export/design_1_wrapper/hw/design_1_wrapper.xsa -mem-ranges [list {0x40000000 0xbfffffff}] -regs
configparams force-mem-access 1
targets -set -nocase -filter {name =~"APU*"}
source C:/devWorks/VW_SOC/Vitis/VW_SOC_app/_ide/psinit/ps7_init.tcl
ps7_init
ps7_post_config
targets -set -nocase -filter {name =~ "*A9*#0"}
dow C:/devWorks/VW_SOC/Vitis/VW_SOC_app/Debug/VW_SOC_app.elf
configparams force-mem-access 0
----------------End of Script----------------

23:18:46 INFO  : Context for processor 'ps7_cortexa9_0' is selected.
23:18:47 INFO  : 'con' command is executed.
23:18:47 INFO  : ----------------XSDB Script (After Launch)----------------
targets -set -nocase -filter {name =~ "*A9*#0"}
con
----------------End of Script----------------

23:18:47 INFO  : Launch script is exported to file 'C:\devWorks\VW_SOC\Vitis\VW_SOC_app_system\_ide\scripts\debugger_vw_soc_app-default.tcl'
23:19:15 INFO  : Disconnected from the channel tcfchan#15.
23:35:07 INFO  : Connected to target on host '127.0.0.1' and port '3121'.
23:35:25 INFO  : Jtag cable 'Xilinx HW-FTDI-TEST FT2232H 1234-tulA' is selected.
23:35:25 INFO  : 'jtag frequency' command is executed.
23:35:27 INFO  : Context for 'APU' is selected.
23:35:28 INFO  : System reset is completed.
23:35:31 INFO  : 'after 3000' command is executed.
23:35:33 INFO  : 'targets -set -filter {jtag_cable_name =~ "Xilinx HW-FTDI-TEST FT2232H 1234-tulA" && level==0 && jtag_device_ctx=="jsn-HW-FTDI-TEST FT2232H-1234-tulA-23727093-0"}' command is executed.
23:35:40 INFO  : Device configured successfully with "C:/devWorks/VW_SOC/Vitis/VW_SOC_app/_ide/bitstream/design_1_wrapper.bit"
23:35:41 INFO  : Context for 'APU' is selected.
23:35:58 INFO  : Hardware design and registers information is loaded from 'C:/devWorks/VW_SOC/Vitis/design_1_wrapper/export/design_1_wrapper/hw/design_1_wrapper.xsa'.
23:35:59 INFO  : 'configparams force-mem-access 1' command is executed.
23:36:02 INFO  : Context for 'APU' is selected.
23:36:03 INFO  : Sourcing of 'C:/devWorks/VW_SOC/Vitis/VW_SOC_app/_ide/psinit/ps7_init.tcl' is done.
23:36:05 INFO  : 'ps7_init' command is executed.
23:36:09 INFO  : 'ps7_post_config' command is executed.
23:36:12 INFO  : Context for processor 'ps7_cortexa9_0' is selected.
23:36:14 INFO  : The application 'C:/devWorks/VW_SOC/Vitis/VW_SOC_app/Debug/VW_SOC_app.elf' is downloaded to processor 'ps7_cortexa9_0'.
23:36:17 INFO  : 'configparams force-mem-access 0' command is executed.
23:36:17 INFO  : ----------------XSDB Script----------------
connect -url tcp:127.0.0.1:3121
targets -set -nocase -filter {name =~"APU*"}
rst -system
after 3000
targets -set -filter {jtag_cable_name =~ "Xilinx HW-FTDI-TEST FT2232H 1234-tulA" && level==0 && jtag_device_ctx=="jsn-HW-FTDI-TEST FT2232H-1234-tulA-23727093-0"}
fpga -file C:/devWorks/VW_SOC/Vitis/VW_SOC_app/_ide/bitstream/design_1_wrapper.bit
targets -set -nocase -filter {name =~"APU*"}
loadhw -hw C:/devWorks/VW_SOC/Vitis/design_1_wrapper/export/design_1_wrapper/hw/design_1_wrapper.xsa -mem-ranges [list {0x40000000 0xbfffffff}] -regs
configparams force-mem-access 1
targets -set -nocase -filter {name =~"APU*"}
source C:/devWorks/VW_SOC/Vitis/VW_SOC_app/_ide/psinit/ps7_init.tcl
ps7_init
ps7_post_config
targets -set -nocase -filter {name =~ "*A9*#0"}
dow C:/devWorks/VW_SOC/Vitis/VW_SOC_app/Debug/VW_SOC_app.elf
configparams force-mem-access 0
----------------End of Script----------------

23:36:18 INFO  : Context for processor 'ps7_cortexa9_0' is selected.
23:36:18 INFO  : 'con' command is executed.
23:36:18 INFO  : ----------------XSDB Script (After Launch)----------------
targets -set -nocase -filter {name =~ "*A9*#0"}
con
----------------End of Script----------------

23:36:18 INFO  : Launch script is exported to file 'C:\devWorks\VW_SOC\Vitis\VW_SOC_app_system\_ide\scripts\debugger_vw_soc_app-default.tcl'
23:54:05 INFO  : Disconnected from the channel tcfchan#16.
23:54:15 INFO  : Connected to target on host '127.0.0.1' and port '3121'.
23:54:28 INFO  : Jtag cable 'Xilinx HW-FTDI-TEST FT2232H 1234-tulA' is selected.
23:54:28 INFO  : 'jtag frequency' command is executed.
23:54:28 INFO  : Context for 'APU' is selected.
23:54:29 INFO  : System reset is completed.
23:54:33 INFO  : 'after 3000' command is executed.
23:54:37 INFO  : 'targets -set -filter {jtag_cable_name =~ "Xilinx HW-FTDI-TEST FT2232H 1234-tulA" && level==0 && jtag_device_ctx=="jsn-HW-FTDI-TEST FT2232H-1234-tulA-23727093-0"}' command is executed.
23:54:41 INFO  : Device configured successfully with "C:/devWorks/VW_SOC/Vitis/VW_SOC_app/_ide/bitstream/design_1_wrapper.bit"
23:54:43 INFO  : Context for 'APU' is selected.
23:55:00 ERROR : 'loadhw -hw C:/devWorks/VW_SOC/Vitis/design_1_wrapper/export/design_1_wrapper/hw/design_1_wrapper.xsa -mem-ranges [list {0x40000000 0xbfffffff}] -regs' is cancelled.
23:55:00 INFO  : ----------------XSDB Script----------------
connect -url tcp:127.0.0.1:3121
targets -set -nocase -filter {name =~"APU*"}
rst -system
after 3000
targets -set -filter {jtag_cable_name =~ "Xilinx HW-FTDI-TEST FT2232H 1234-tulA" && level==0 && jtag_device_ctx=="jsn-HW-FTDI-TEST FT2232H-1234-tulA-23727093-0"}
fpga -file C:/devWorks/VW_SOC/Vitis/VW_SOC_app/_ide/bitstream/design_1_wrapper.bit
targets -set -nocase -filter {name =~"APU*"}
loadhw -hw C:/devWorks/VW_SOC/Vitis/design_1_wrapper/export/design_1_wrapper/hw/design_1_wrapper.xsa -mem-ranges [list {0x40000000 0xbfffffff}] -regs
----------------End of Script----------------

23:57:53 DEBUG : Logs will be stored at 'C:/devWorks/VW_SOC/Vitis/IDE.log'.
23:57:54 INFO  : Launching XSCT server: xsct.bat -n  -interactive C:\devWorks\VW_SOC\Vitis\temp_xsdb_launch_script.tcl
23:57:55 ERROR : (XSDB Server)'\gnu\microblaze\lin\bin\' is not recognized as an internal or external command,
operable program or batch file.

23:57:55 ERROR : (XSDB Server)'\gnu\microblaze\nt\bin\' is not recognized as an internal or external command,
operable program or batch file.

23:57:55 ERROR : (XSDB Server)'\gnuwin\bin\' is not recognized as an internal or external command,
operable program or batch file.

23:57:59 INFO  : Registering command handlers for Vitis TCF services
23:57:59 INFO  : Platform repository initialization has completed.
23:57:59 INFO  : XSCT server has started successfully.
23:58:03 INFO  : Successfully done setting XSCT server connection channel  
23:58:03 INFO  : plnx-install-location is set to ''
23:58:03 INFO  : Successfully done query RDI_DATADIR 
23:58:03 INFO  : Successfully done setting workspace for the tool. 
00:07:24 INFO  : Checking for BSP changes to sync application flags for project 'VW_SOC_app'...
00:07:53 INFO  : Connected to target on host '127.0.0.1' and port '3121'.
00:07:53 INFO  : Jtag cable 'Xilinx HW-FTDI-TEST FT2232H 1234-tulA' is selected.
00:07:53 INFO  : 'jtag frequency' command is executed.
00:07:53 INFO  : Context for 'APU' is selected.
00:07:53 INFO  : System reset is completed.
00:07:56 INFO  : 'after 3000' command is executed.
00:07:56 INFO  : 'targets -set -filter {jtag_cable_name =~ "Xilinx HW-FTDI-TEST FT2232H 1234-tulA" && level==0 && jtag_device_ctx=="jsn-HW-FTDI-TEST FT2232H-1234-tulA-23727093-0"}' command is executed.
00:07:59 INFO  : Device configured successfully with "C:/devWorks/VW_SOC/Vitis/VW_SOC_app/_ide/bitstream/design_1_wrapper.bit"
00:07:59 INFO  : Context for 'APU' is selected.
00:07:59 INFO  : Hardware design and registers information is loaded from 'C:/devWorks/VW_SOC/Vitis/design_1_wrapper/export/design_1_wrapper/hw/design_1_wrapper.xsa'.
00:07:59 INFO  : 'configparams force-mem-access 1' command is executed.
00:07:59 INFO  : Context for 'APU' is selected.
00:07:59 INFO  : Sourcing of 'C:/devWorks/VW_SOC/Vitis/VW_SOC_app/_ide/psinit/ps7_init.tcl' is done.
00:07:59 INFO  : 'ps7_init' command is executed.
00:07:59 INFO  : 'ps7_post_config' command is executed.
00:07:59 INFO  : Context for processor 'ps7_cortexa9_0' is selected.
00:07:59 INFO  : The application 'C:/devWorks/VW_SOC/Vitis/VW_SOC_app/Debug/VW_SOC_app.elf' is downloaded to processor 'ps7_cortexa9_0'.
00:07:59 INFO  : 'configparams force-mem-access 0' command is executed.
00:07:59 INFO  : ----------------XSDB Script----------------
connect -url tcp:127.0.0.1:3121
targets -set -nocase -filter {name =~"APU*"}
rst -system
after 3000
targets -set -filter {jtag_cable_name =~ "Xilinx HW-FTDI-TEST FT2232H 1234-tulA" && level==0 && jtag_device_ctx=="jsn-HW-FTDI-TEST FT2232H-1234-tulA-23727093-0"}
fpga -file C:/devWorks/VW_SOC/Vitis/VW_SOC_app/_ide/bitstream/design_1_wrapper.bit
targets -set -nocase -filter {name =~"APU*"}
loadhw -hw C:/devWorks/VW_SOC/Vitis/design_1_wrapper/export/design_1_wrapper/hw/design_1_wrapper.xsa -mem-ranges [list {0x40000000 0xbfffffff}] -regs
configparams force-mem-access 1
targets -set -nocase -filter {name =~"APU*"}
source C:/devWorks/VW_SOC/Vitis/VW_SOC_app/_ide/psinit/ps7_init.tcl
ps7_init
ps7_post_config
targets -set -nocase -filter {name =~ "*A9*#0"}
dow C:/devWorks/VW_SOC/Vitis/VW_SOC_app/Debug/VW_SOC_app.elf
configparams force-mem-access 0
----------------End of Script----------------

00:08:00 INFO  : Context for processor 'ps7_cortexa9_0' is selected.
00:08:00 INFO  : 'con' command is executed.
00:08:00 INFO  : ----------------XSDB Script (After Launch)----------------
targets -set -nocase -filter {name =~ "*A9*#0"}
con
----------------End of Script----------------

00:08:00 INFO  : Launch script is exported to file 'C:\devWorks\VW_SOC\Vitis\VW_SOC_app_system\_ide\scripts\debugger_vw_soc_app-default.tcl'
00:11:17 INFO  : Disconnected from the channel tcfchan#1.
00:11:40 INFO  : Connected to target on host '127.0.0.1' and port '3121'.
00:11:58 INFO  : ----------------XSDB Script----------------
connect -url tcp:127.0.0.1:3121
----------------End of Script----------------

00:11:58 ERROR : Could not find ARM device on the board for connection 'Local'.
Check if the target is in:
1. Split JTAG - No operations are possible with ARM DAP.
2. Non JTAG bootmode - Bootrom may need time to enable DAP.
Please try again.


Troubleshooting hints:
1. Check whether board is connected to system properly.
2. In case of zynq board, check whether Digilent/Xilinx cable switch settings are correct.
3. If you are using Xilinx Platform Cable USB, ensure that status LED is green.
00:12:10 INFO  : Connected to target on host '127.0.0.1' and port '3121'.
00:12:10 INFO  : Jtag cable 'Xilinx HW-FTDI-TEST FT2232H 1234-tulA' is selected.
00:12:10 INFO  : 'jtag frequency' command is executed.
00:12:10 INFO  : Context for 'APU' is selected.
00:12:10 INFO  : System reset is completed.
00:12:13 INFO  : 'after 3000' command is executed.
00:12:13 INFO  : 'targets -set -filter {jtag_cable_name =~ "Xilinx HW-FTDI-TEST FT2232H 1234-tulA" && level==0 && jtag_device_ctx=="jsn-HW-FTDI-TEST FT2232H-1234-tulA-23727093-0"}' command is executed.
00:12:16 INFO  : Device configured successfully with "C:/devWorks/VW_SOC/Vitis/VW_SOC_app/_ide/bitstream/design_1_wrapper.bit"
00:12:16 INFO  : Context for 'APU' is selected.
00:12:18 INFO  : Hardware design and registers information is loaded from 'C:/devWorks/VW_SOC/Vitis/design_1_wrapper/export/design_1_wrapper/hw/design_1_wrapper.xsa'.
00:12:18 INFO  : 'configparams force-mem-access 1' command is executed.
00:12:18 INFO  : Context for 'APU' is selected.
00:12:18 INFO  : Sourcing of 'C:/devWorks/VW_SOC/Vitis/VW_SOC_app/_ide/psinit/ps7_init.tcl' is done.
00:12:18 INFO  : 'ps7_init' command is executed.
00:12:18 INFO  : 'ps7_post_config' command is executed.
00:12:18 INFO  : Context for processor 'ps7_cortexa9_0' is selected.
00:12:18 INFO  : The application 'C:/devWorks/VW_SOC/Vitis/VW_SOC_app/Debug/VW_SOC_app.elf' is downloaded to processor 'ps7_cortexa9_0'.
00:12:18 INFO  : 'configparams force-mem-access 0' command is executed.
00:12:18 INFO  : ----------------XSDB Script----------------
connect -url tcp:127.0.0.1:3121
targets -set -nocase -filter {name =~"APU*"}
rst -system
after 3000
targets -set -filter {jtag_cable_name =~ "Xilinx HW-FTDI-TEST FT2232H 1234-tulA" && level==0 && jtag_device_ctx=="jsn-HW-FTDI-TEST FT2232H-1234-tulA-23727093-0"}
fpga -file C:/devWorks/VW_SOC/Vitis/VW_SOC_app/_ide/bitstream/design_1_wrapper.bit
targets -set -nocase -filter {name =~"APU*"}
loadhw -hw C:/devWorks/VW_SOC/Vitis/design_1_wrapper/export/design_1_wrapper/hw/design_1_wrapper.xsa -mem-ranges [list {0x40000000 0xbfffffff}] -regs
configparams force-mem-access 1
targets -set -nocase -filter {name =~"APU*"}
source C:/devWorks/VW_SOC/Vitis/VW_SOC_app/_ide/psinit/ps7_init.tcl
ps7_init
ps7_post_config
targets -set -nocase -filter {name =~ "*A9*#0"}
dow C:/devWorks/VW_SOC/Vitis/VW_SOC_app/Debug/VW_SOC_app.elf
configparams force-mem-access 0
----------------End of Script----------------

00:12:18 INFO  : Context for processor 'ps7_cortexa9_0' is selected.
00:12:18 INFO  : 'con' command is executed.
00:12:18 INFO  : ----------------XSDB Script (After Launch)----------------
targets -set -nocase -filter {name =~ "*A9*#0"}
con
----------------End of Script----------------

00:12:18 INFO  : Launch script is exported to file 'C:\devWorks\VW_SOC\Vitis\VW_SOC_app_system\_ide\scripts\debugger_vw_soc_app-default.tcl'
00:19:23 INFO  : Disconnected from the channel tcfchan#2.
00:19:28 INFO  : Connected to target on host '127.0.0.1' and port '3121'.
00:19:29 INFO  : Jtag cable 'Xilinx HW-FTDI-TEST FT2232H 1234-tulA' is selected.
00:19:29 INFO  : 'jtag frequency' command is executed.
00:19:29 INFO  : Context for 'APU' is selected.
00:19:29 INFO  : System reset is completed.
00:19:32 INFO  : 'after 3000' command is executed.
00:19:32 INFO  : 'targets -set -filter {jtag_cable_name =~ "Xilinx HW-FTDI-TEST FT2232H 1234-tulA" && level==0 && jtag_device_ctx=="jsn-HW-FTDI-TEST FT2232H-1234-tulA-23727093-0"}' command is executed.
00:19:34 INFO  : Device configured successfully with "C:/devWorks/VW_SOC/Vitis/VW_SOC_app/_ide/bitstream/design_1_wrapper.bit"
00:19:34 INFO  : Context for 'APU' is selected.
00:19:36 INFO  : Hardware design and registers information is loaded from 'C:/devWorks/VW_SOC/Vitis/design_1_wrapper/export/design_1_wrapper/hw/design_1_wrapper.xsa'.
00:19:36 INFO  : 'configparams force-mem-access 1' command is executed.
00:19:36 INFO  : Context for 'APU' is selected.
00:19:36 INFO  : Sourcing of 'C:/devWorks/VW_SOC/Vitis/VW_SOC_app/_ide/psinit/ps7_init.tcl' is done.
00:19:36 ERROR : Memory read error at 0xF8000764. Invalid DAP IDCODE 00000000. Invalid DAP ACK value: 0
00:19:36 INFO  : ----------------XSDB Script----------------
connect -url tcp:127.0.0.1:3121
targets -set -nocase -filter {name =~"APU*"}
rst -system
after 3000
targets -set -filter {jtag_cable_name =~ "Xilinx HW-FTDI-TEST FT2232H 1234-tulA" && level==0 && jtag_device_ctx=="jsn-HW-FTDI-TEST FT2232H-1234-tulA-23727093-0"}
fpga -file C:/devWorks/VW_SOC/Vitis/VW_SOC_app/_ide/bitstream/design_1_wrapper.bit
targets -set -nocase -filter {name =~"APU*"}
loadhw -hw C:/devWorks/VW_SOC/Vitis/design_1_wrapper/export/design_1_wrapper/hw/design_1_wrapper.xsa -mem-ranges [list {0x40000000 0xbfffffff}] -regs
configparams force-mem-access 1
targets -set -nocase -filter {name =~"APU*"}
source C:/devWorks/VW_SOC/Vitis/VW_SOC_app/_ide/psinit/ps7_init.tcl
ps7_init
----------------End of Script----------------

00:19:36 ERROR : Memory read error at 0xF8000764. Invalid DAP IDCODE 00000000. Invalid DAP ACK value: 0
01:52:23 INFO  : Checking for BSP changes to sync application flags for project 'VW_SOC_app'...
01:53:56 INFO  : Checking for BSP changes to sync application flags for project 'VW_SOC_app'...
01:54:03 INFO  : Connected to target on host '127.0.0.1' and port '3121'.
01:54:03 INFO  : Jtag cable 'Xilinx HW-FTDI-TEST FT2232H 1234-tulA' is selected.
01:54:03 INFO  : 'jtag frequency' command is executed.
01:54:03 INFO  : Context for 'APU' is selected.
01:54:03 INFO  : System reset is completed.
01:54:06 INFO  : 'after 3000' command is executed.
01:54:06 INFO  : 'targets -set -filter {jtag_cable_name =~ "Xilinx HW-FTDI-TEST FT2232H 1234-tulA" && level==0 && jtag_device_ctx=="jsn-HW-FTDI-TEST FT2232H-1234-tulA-23727093-0"}' command is executed.
01:54:09 INFO  : Device configured successfully with "C:/devWorks/VW_SOC/Vitis/VW_SOC_app/_ide/bitstream/design_1_wrapper.bit"
01:54:09 INFO  : Context for 'APU' is selected.
01:54:09 INFO  : Hardware design and registers information is loaded from 'C:/devWorks/VW_SOC/Vitis/design_1_wrapper/export/design_1_wrapper/hw/design_1_wrapper.xsa'.
01:54:09 INFO  : 'configparams force-mem-access 1' command is executed.
01:54:09 INFO  : Context for 'APU' is selected.
01:54:09 INFO  : Sourcing of 'C:/devWorks/VW_SOC/Vitis/VW_SOC_app/_ide/psinit/ps7_init.tcl' is done.
01:54:09 INFO  : 'ps7_init' command is executed.
01:54:09 INFO  : 'ps7_post_config' command is executed.
01:54:09 INFO  : Context for processor 'ps7_cortexa9_0' is selected.
01:54:09 INFO  : The application 'C:/devWorks/VW_SOC/Vitis/VW_SOC_app/Debug/VW_SOC_app.elf' is downloaded to processor 'ps7_cortexa9_0'.
01:54:09 INFO  : 'configparams force-mem-access 0' command is executed.
01:54:09 INFO  : ----------------XSDB Script----------------
connect -url tcp:127.0.0.1:3121
targets -set -nocase -filter {name =~"APU*"}
rst -system
after 3000
targets -set -filter {jtag_cable_name =~ "Xilinx HW-FTDI-TEST FT2232H 1234-tulA" && level==0 && jtag_device_ctx=="jsn-HW-FTDI-TEST FT2232H-1234-tulA-23727093-0"}
fpga -file C:/devWorks/VW_SOC/Vitis/VW_SOC_app/_ide/bitstream/design_1_wrapper.bit
targets -set -nocase -filter {name =~"APU*"}
loadhw -hw C:/devWorks/VW_SOC/Vitis/design_1_wrapper/export/design_1_wrapper/hw/design_1_wrapper.xsa -mem-ranges [list {0x40000000 0xbfffffff}] -regs
configparams force-mem-access 1
targets -set -nocase -filter {name =~"APU*"}
source C:/devWorks/VW_SOC/Vitis/VW_SOC_app/_ide/psinit/ps7_init.tcl
ps7_init
ps7_post_config
targets -set -nocase -filter {name =~ "*A9*#0"}
dow C:/devWorks/VW_SOC/Vitis/VW_SOC_app/Debug/VW_SOC_app.elf
configparams force-mem-access 0
----------------End of Script----------------

01:54:10 INFO  : Context for processor 'ps7_cortexa9_0' is selected.
01:54:10 INFO  : 'con' command is executed.
01:54:10 INFO  : ----------------XSDB Script (After Launch)----------------
targets -set -nocase -filter {name =~ "*A9*#0"}
con
----------------End of Script----------------

01:54:10 INFO  : Launch script is exported to file 'C:\devWorks\VW_SOC\Vitis\VW_SOC_app_system\_ide\scripts\debugger_vw_soc_app-default.tcl'
01:55:10 INFO  : Disconnected from the channel tcfchan#3.
01:55:40 INFO  : Checking for BSP changes to sync application flags for project 'VW_SOC_app'...
01:55:51 INFO  : Connected to target on host '127.0.0.1' and port '3121'.
01:55:51 INFO  : Jtag cable 'Xilinx HW-FTDI-TEST FT2232H 1234-tulA' is selected.
01:55:51 INFO  : 'jtag frequency' command is executed.
01:55:51 INFO  : Context for 'APU' is selected.
01:55:51 INFO  : System reset is completed.
01:55:54 INFO  : 'after 3000' command is executed.
01:55:54 INFO  : 'targets -set -filter {jtag_cable_name =~ "Xilinx HW-FTDI-TEST FT2232H 1234-tulA" && level==0 && jtag_device_ctx=="jsn-HW-FTDI-TEST FT2232H-1234-tulA-23727093-0"}' command is executed.
01:55:57 INFO  : Device configured successfully with "C:/devWorks/VW_SOC/Vitis/VW_SOC_app/_ide/bitstream/design_1_wrapper.bit"
01:55:57 INFO  : Context for 'APU' is selected.
01:55:57 INFO  : Hardware design and registers information is loaded from 'C:/devWorks/VW_SOC/Vitis/design_1_wrapper/export/design_1_wrapper/hw/design_1_wrapper.xsa'.
01:55:57 INFO  : 'configparams force-mem-access 1' command is executed.
01:55:57 INFO  : Context for 'APU' is selected.
01:55:57 INFO  : Sourcing of 'C:/devWorks/VW_SOC/Vitis/VW_SOC_app/_ide/psinit/ps7_init.tcl' is done.
01:55:57 INFO  : 'ps7_init' command is executed.
01:55:57 INFO  : 'ps7_post_config' command is executed.
01:55:57 INFO  : Context for processor 'ps7_cortexa9_0' is selected.
01:55:57 INFO  : The application 'C:/devWorks/VW_SOC/Vitis/VW_SOC_app/Debug/VW_SOC_app.elf' is downloaded to processor 'ps7_cortexa9_0'.
01:55:57 INFO  : 'configparams force-mem-access 0' command is executed.
01:55:57 INFO  : ----------------XSDB Script----------------
connect -url tcp:127.0.0.1:3121
targets -set -nocase -filter {name =~"APU*"}
rst -system
after 3000
targets -set -filter {jtag_cable_name =~ "Xilinx HW-FTDI-TEST FT2232H 1234-tulA" && level==0 && jtag_device_ctx=="jsn-HW-FTDI-TEST FT2232H-1234-tulA-23727093-0"}
fpga -file C:/devWorks/VW_SOC/Vitis/VW_SOC_app/_ide/bitstream/design_1_wrapper.bit
targets -set -nocase -filter {name =~"APU*"}
loadhw -hw C:/devWorks/VW_SOC/Vitis/design_1_wrapper/export/design_1_wrapper/hw/design_1_wrapper.xsa -mem-ranges [list {0x40000000 0xbfffffff}] -regs
configparams force-mem-access 1
targets -set -nocase -filter {name =~"APU*"}
source C:/devWorks/VW_SOC/Vitis/VW_SOC_app/_ide/psinit/ps7_init.tcl
ps7_init
ps7_post_config
targets -set -nocase -filter {name =~ "*A9*#0"}
dow C:/devWorks/VW_SOC/Vitis/VW_SOC_app/Debug/VW_SOC_app.elf
configparams force-mem-access 0
----------------End of Script----------------

01:55:58 INFO  : Context for processor 'ps7_cortexa9_0' is selected.
01:55:58 INFO  : 'con' command is executed.
01:55:58 INFO  : ----------------XSDB Script (After Launch)----------------
targets -set -nocase -filter {name =~ "*A9*#0"}
con
----------------End of Script----------------

01:55:58 INFO  : Launch script is exported to file 'C:\devWorks\VW_SOC\Vitis\VW_SOC_app_system\_ide\scripts\debugger_vw_soc_app-default.tcl'
01:56:31 INFO  : Disconnected from the channel tcfchan#4.
01:56:36 INFO  : Connected to target on host '127.0.0.1' and port '3121'.
01:56:36 INFO  : Jtag cable 'Xilinx HW-FTDI-TEST FT2232H 1234-tulA' is selected.
01:56:36 INFO  : 'jtag frequency' command is executed.
01:56:36 INFO  : Context for 'APU' is selected.
01:56:36 INFO  : System reset is completed.
01:56:39 INFO  : 'after 3000' command is executed.
01:56:39 INFO  : 'targets -set -filter {jtag_cable_name =~ "Xilinx HW-FTDI-TEST FT2232H 1234-tulA" && level==0 && jtag_device_ctx=="jsn-HW-FTDI-TEST FT2232H-1234-tulA-23727093-0"}' command is executed.
01:56:41 INFO  : Device configured successfully with "C:/devWorks/VW_SOC/Vitis/VW_SOC_app/_ide/bitstream/design_1_wrapper.bit"
01:56:41 INFO  : Context for 'APU' is selected.
01:56:44 INFO  : Hardware design and registers information is loaded from 'C:/devWorks/VW_SOC/Vitis/design_1_wrapper/export/design_1_wrapper/hw/design_1_wrapper.xsa'.
01:56:44 INFO  : 'configparams force-mem-access 1' command is executed.
01:56:44 INFO  : Context for 'APU' is selected.
01:56:44 INFO  : Sourcing of 'C:/devWorks/VW_SOC/Vitis/VW_SOC_app/_ide/psinit/ps7_init.tcl' is done.
01:56:44 INFO  : 'ps7_init' command is executed.
01:56:44 INFO  : 'ps7_post_config' command is executed.
01:56:44 INFO  : Context for processor 'ps7_cortexa9_0' is selected.
01:56:44 INFO  : The application 'C:/devWorks/VW_SOC/Vitis/VW_SOC_app/Debug/VW_SOC_app.elf' is downloaded to processor 'ps7_cortexa9_0'.
01:56:44 INFO  : 'configparams force-mem-access 0' command is executed.
01:56:44 INFO  : ----------------XSDB Script----------------
connect -url tcp:127.0.0.1:3121
targets -set -nocase -filter {name =~"APU*"}
rst -system
after 3000
targets -set -filter {jtag_cable_name =~ "Xilinx HW-FTDI-TEST FT2232H 1234-tulA" && level==0 && jtag_device_ctx=="jsn-HW-FTDI-TEST FT2232H-1234-tulA-23727093-0"}
fpga -file C:/devWorks/VW_SOC/Vitis/VW_SOC_app/_ide/bitstream/design_1_wrapper.bit
targets -set -nocase -filter {name =~"APU*"}
loadhw -hw C:/devWorks/VW_SOC/Vitis/design_1_wrapper/export/design_1_wrapper/hw/design_1_wrapper.xsa -mem-ranges [list {0x40000000 0xbfffffff}] -regs
configparams force-mem-access 1
targets -set -nocase -filter {name =~"APU*"}
source C:/devWorks/VW_SOC/Vitis/VW_SOC_app/_ide/psinit/ps7_init.tcl
ps7_init
ps7_post_config
targets -set -nocase -filter {name =~ "*A9*#0"}
dow C:/devWorks/VW_SOC/Vitis/VW_SOC_app/Debug/VW_SOC_app.elf
configparams force-mem-access 0
----------------End of Script----------------

01:56:44 INFO  : Context for processor 'ps7_cortexa9_0' is selected.
01:56:44 INFO  : 'con' command is executed.
01:56:44 INFO  : ----------------XSDB Script (After Launch)----------------
targets -set -nocase -filter {name =~ "*A9*#0"}
con
----------------End of Script----------------

01:56:44 INFO  : Launch script is exported to file 'C:\devWorks\VW_SOC\Vitis\VW_SOC_app_system\_ide\scripts\debugger_vw_soc_app-default.tcl'
01:57:09 INFO  : Disconnected from the channel tcfchan#5.
01:57:16 INFO  : Connected to target on host '127.0.0.1' and port '3121'.
01:57:16 INFO  : Jtag cable 'Xilinx HW-FTDI-TEST FT2232H 1234-tulA' is selected.
01:57:16 INFO  : 'jtag frequency' command is executed.
01:57:16 INFO  : Context for 'APU' is selected.
01:57:16 INFO  : System reset is completed.
01:57:19 INFO  : 'after 3000' command is executed.
01:57:19 INFO  : 'targets -set -filter {jtag_cable_name =~ "Xilinx HW-FTDI-TEST FT2232H 1234-tulA" && level==0 && jtag_device_ctx=="jsn-HW-FTDI-TEST FT2232H-1234-tulA-23727093-0"}' command is executed.
01:57:21 INFO  : Device configured successfully with "C:/devWorks/VW_SOC/Vitis/VW_SOC_app/_ide/bitstream/design_1_wrapper.bit"
01:57:21 INFO  : Context for 'APU' is selected.
01:57:24 INFO  : Hardware design and registers information is loaded from 'C:/devWorks/VW_SOC/Vitis/design_1_wrapper/export/design_1_wrapper/hw/design_1_wrapper.xsa'.
01:57:24 INFO  : 'configparams force-mem-access 1' command is executed.
01:57:24 INFO  : Context for 'APU' is selected.
01:57:24 INFO  : Sourcing of 'C:/devWorks/VW_SOC/Vitis/VW_SOC_app/_ide/psinit/ps7_init.tcl' is done.
01:57:24 INFO  : 'ps7_init' command is executed.
01:57:24 INFO  : 'ps7_post_config' command is executed.
01:57:24 INFO  : Context for processor 'ps7_cortexa9_0' is selected.
01:57:24 INFO  : The application 'C:/devWorks/VW_SOC/Vitis/VW_SOC_app/Debug/VW_SOC_app.elf' is downloaded to processor 'ps7_cortexa9_0'.
01:57:24 INFO  : 'configparams force-mem-access 0' command is executed.
01:57:24 INFO  : ----------------XSDB Script----------------
connect -url tcp:127.0.0.1:3121
targets -set -nocase -filter {name =~"APU*"}
rst -system
after 3000
targets -set -filter {jtag_cable_name =~ "Xilinx HW-FTDI-TEST FT2232H 1234-tulA" && level==0 && jtag_device_ctx=="jsn-HW-FTDI-TEST FT2232H-1234-tulA-23727093-0"}
fpga -file C:/devWorks/VW_SOC/Vitis/VW_SOC_app/_ide/bitstream/design_1_wrapper.bit
targets -set -nocase -filter {name =~"APU*"}
loadhw -hw C:/devWorks/VW_SOC/Vitis/design_1_wrapper/export/design_1_wrapper/hw/design_1_wrapper.xsa -mem-ranges [list {0x40000000 0xbfffffff}] -regs
configparams force-mem-access 1
targets -set -nocase -filter {name =~"APU*"}
source C:/devWorks/VW_SOC/Vitis/VW_SOC_app/_ide/psinit/ps7_init.tcl
ps7_init
ps7_post_config
targets -set -nocase -filter {name =~ "*A9*#0"}
dow C:/devWorks/VW_SOC/Vitis/VW_SOC_app/Debug/VW_SOC_app.elf
configparams force-mem-access 0
----------------End of Script----------------

01:57:24 INFO  : Context for processor 'ps7_cortexa9_0' is selected.
01:57:25 INFO  : 'con' command is executed.
01:57:25 INFO  : ----------------XSDB Script (After Launch)----------------
targets -set -nocase -filter {name =~ "*A9*#0"}
con
----------------End of Script----------------

01:57:25 INFO  : Launch script is exported to file 'C:\devWorks\VW_SOC\Vitis\VW_SOC_app_system\_ide\scripts\debugger_vw_soc_app-default.tcl'
01:58:08 INFO  : Disconnected from the channel tcfchan#6.
01:58:14 INFO  : Connected to target on host '127.0.0.1' and port '3121'.
01:58:14 INFO  : Jtag cable 'Xilinx HW-FTDI-TEST FT2232H 1234-tulA' is selected.
01:58:14 INFO  : 'jtag frequency' command is executed.
01:58:14 INFO  : Context for 'APU' is selected.
01:58:14 INFO  : System reset is completed.
01:58:17 INFO  : 'after 3000' command is executed.
01:58:17 INFO  : 'targets -set -filter {jtag_cable_name =~ "Xilinx HW-FTDI-TEST FT2232H 1234-tulA" && level==0 && jtag_device_ctx=="jsn-HW-FTDI-TEST FT2232H-1234-tulA-23727093-0"}' command is executed.
01:58:19 INFO  : Device configured successfully with "C:/devWorks/VW_SOC/Vitis/VW_SOC_app/_ide/bitstream/design_1_wrapper.bit"
01:58:19 INFO  : Context for 'APU' is selected.
01:58:22 INFO  : Hardware design and registers information is loaded from 'C:/devWorks/VW_SOC/Vitis/design_1_wrapper/export/design_1_wrapper/hw/design_1_wrapper.xsa'.
01:58:22 INFO  : 'configparams force-mem-access 1' command is executed.
01:58:22 INFO  : Context for 'APU' is selected.
01:58:22 INFO  : Sourcing of 'C:/devWorks/VW_SOC/Vitis/VW_SOC_app/_ide/psinit/ps7_init.tcl' is done.
01:58:22 INFO  : 'ps7_init' command is executed.
01:58:22 INFO  : 'ps7_post_config' command is executed.
01:58:22 INFO  : Context for processor 'ps7_cortexa9_0' is selected.
01:58:22 INFO  : The application 'C:/devWorks/VW_SOC/Vitis/VW_SOC_app/Debug/VW_SOC_app.elf' is downloaded to processor 'ps7_cortexa9_0'.
01:58:22 INFO  : 'configparams force-mem-access 0' command is executed.
01:58:22 INFO  : ----------------XSDB Script----------------
connect -url tcp:127.0.0.1:3121
targets -set -nocase -filter {name =~"APU*"}
rst -system
after 3000
targets -set -filter {jtag_cable_name =~ "Xilinx HW-FTDI-TEST FT2232H 1234-tulA" && level==0 && jtag_device_ctx=="jsn-HW-FTDI-TEST FT2232H-1234-tulA-23727093-0"}
fpga -file C:/devWorks/VW_SOC/Vitis/VW_SOC_app/_ide/bitstream/design_1_wrapper.bit
targets -set -nocase -filter {name =~"APU*"}
loadhw -hw C:/devWorks/VW_SOC/Vitis/design_1_wrapper/export/design_1_wrapper/hw/design_1_wrapper.xsa -mem-ranges [list {0x40000000 0xbfffffff}] -regs
configparams force-mem-access 1
targets -set -nocase -filter {name =~"APU*"}
source C:/devWorks/VW_SOC/Vitis/VW_SOC_app/_ide/psinit/ps7_init.tcl
ps7_init
ps7_post_config
targets -set -nocase -filter {name =~ "*A9*#0"}
dow C:/devWorks/VW_SOC/Vitis/VW_SOC_app/Debug/VW_SOC_app.elf
configparams force-mem-access 0
----------------End of Script----------------

01:58:22 INFO  : Context for processor 'ps7_cortexa9_0' is selected.
01:58:22 INFO  : 'con' command is executed.
01:58:22 INFO  : ----------------XSDB Script (After Launch)----------------
targets -set -nocase -filter {name =~ "*A9*#0"}
con
----------------End of Script----------------

01:58:22 INFO  : Launch script is exported to file 'C:\devWorks\VW_SOC\Vitis\VW_SOC_app_system\_ide\scripts\debugger_vw_soc_app-default.tcl'
01:58:38 INFO  : Disconnected from the channel tcfchan#7.
02:10:08 INFO  : Checking for BSP changes to sync application flags for project 'VW_SOC_app'...
02:10:16 INFO  : Connected to target on host '127.0.0.1' and port '3121'.
02:10:17 INFO  : Jtag cable 'Xilinx HW-FTDI-TEST FT2232H 1234-tulA' is selected.
02:10:17 INFO  : 'jtag frequency' command is executed.
02:10:17 INFO  : Context for 'APU' is selected.
02:10:17 INFO  : System reset is completed.
02:10:20 INFO  : 'after 3000' command is executed.
02:10:20 INFO  : 'targets -set -filter {jtag_cable_name =~ "Xilinx HW-FTDI-TEST FT2232H 1234-tulA" && level==0 && jtag_device_ctx=="jsn-HW-FTDI-TEST FT2232H-1234-tulA-23727093-0"}' command is executed.
02:10:23 INFO  : Device configured successfully with "C:/devWorks/VW_SOC/Vitis/VW_SOC_app/_ide/bitstream/design_1_wrapper.bit"
02:10:23 INFO  : Context for 'APU' is selected.
02:10:23 INFO  : Hardware design and registers information is loaded from 'C:/devWorks/VW_SOC/Vitis/design_1_wrapper/export/design_1_wrapper/hw/design_1_wrapper.xsa'.
02:10:23 INFO  : 'configparams force-mem-access 1' command is executed.
02:10:23 INFO  : Context for 'APU' is selected.
02:10:23 INFO  : Sourcing of 'C:/devWorks/VW_SOC/Vitis/VW_SOC_app/_ide/psinit/ps7_init.tcl' is done.
02:10:23 INFO  : 'ps7_init' command is executed.
02:10:23 INFO  : 'ps7_post_config' command is executed.
02:10:23 INFO  : Context for processor 'ps7_cortexa9_0' is selected.
02:10:23 INFO  : The application 'C:/devWorks/VW_SOC/Vitis/VW_SOC_app/Debug/VW_SOC_app.elf' is downloaded to processor 'ps7_cortexa9_0'.
02:10:23 INFO  : 'configparams force-mem-access 0' command is executed.
02:10:23 INFO  : ----------------XSDB Script----------------
connect -url tcp:127.0.0.1:3121
targets -set -nocase -filter {name =~"APU*"}
rst -system
after 3000
targets -set -filter {jtag_cable_name =~ "Xilinx HW-FTDI-TEST FT2232H 1234-tulA" && level==0 && jtag_device_ctx=="jsn-HW-FTDI-TEST FT2232H-1234-tulA-23727093-0"}
fpga -file C:/devWorks/VW_SOC/Vitis/VW_SOC_app/_ide/bitstream/design_1_wrapper.bit
targets -set -nocase -filter {name =~"APU*"}
loadhw -hw C:/devWorks/VW_SOC/Vitis/design_1_wrapper/export/design_1_wrapper/hw/design_1_wrapper.xsa -mem-ranges [list {0x40000000 0xbfffffff}] -regs
configparams force-mem-access 1
targets -set -nocase -filter {name =~"APU*"}
source C:/devWorks/VW_SOC/Vitis/VW_SOC_app/_ide/psinit/ps7_init.tcl
ps7_init
ps7_post_config
targets -set -nocase -filter {name =~ "*A9*#0"}
dow C:/devWorks/VW_SOC/Vitis/VW_SOC_app/Debug/VW_SOC_app.elf
configparams force-mem-access 0
----------------End of Script----------------

02:10:23 INFO  : Context for processor 'ps7_cortexa9_0' is selected.
02:10:23 INFO  : 'con' command is executed.
02:10:23 INFO  : ----------------XSDB Script (After Launch)----------------
targets -set -nocase -filter {name =~ "*A9*#0"}
con
----------------End of Script----------------

02:10:23 INFO  : Launch script is exported to file 'C:\devWorks\VW_SOC\Vitis\VW_SOC_app_system\_ide\scripts\debugger_vw_soc_app-default.tcl'
02:10:47 INFO  : Disconnected from the channel tcfchan#8.
02:11:27 INFO  : Checking for BSP changes to sync application flags for project 'VW_SOC_app'...
02:11:36 INFO  : Connected to target on host '127.0.0.1' and port '3121'.
02:11:36 INFO  : Jtag cable 'Xilinx HW-FTDI-TEST FT2232H 1234-tulA' is selected.
02:11:36 INFO  : 'jtag frequency' command is executed.
02:11:36 INFO  : Context for 'APU' is selected.
02:11:36 INFO  : System reset is completed.
02:11:39 INFO  : 'after 3000' command is executed.
02:11:39 INFO  : 'targets -set -filter {jtag_cable_name =~ "Xilinx HW-FTDI-TEST FT2232H 1234-tulA" && level==0 && jtag_device_ctx=="jsn-HW-FTDI-TEST FT2232H-1234-tulA-23727093-0"}' command is executed.
02:11:42 INFO  : Device configured successfully with "C:/devWorks/VW_SOC/Vitis/VW_SOC_app/_ide/bitstream/design_1_wrapper.bit"
02:11:42 INFO  : Context for 'APU' is selected.
02:11:42 INFO  : Hardware design and registers information is loaded from 'C:/devWorks/VW_SOC/Vitis/design_1_wrapper/export/design_1_wrapper/hw/design_1_wrapper.xsa'.
02:11:42 INFO  : 'configparams force-mem-access 1' command is executed.
02:11:42 INFO  : Context for 'APU' is selected.
02:11:42 INFO  : Sourcing of 'C:/devWorks/VW_SOC/Vitis/VW_SOC_app/_ide/psinit/ps7_init.tcl' is done.
02:11:42 INFO  : 'ps7_init' command is executed.
02:11:42 INFO  : 'ps7_post_config' command is executed.
02:11:42 INFO  : Context for processor 'ps7_cortexa9_0' is selected.
02:11:42 INFO  : The application 'C:/devWorks/VW_SOC/Vitis/VW_SOC_app/Debug/VW_SOC_app.elf' is downloaded to processor 'ps7_cortexa9_0'.
02:11:42 INFO  : 'configparams force-mem-access 0' command is executed.
02:11:42 INFO  : ----------------XSDB Script----------------
connect -url tcp:127.0.0.1:3121
targets -set -nocase -filter {name =~"APU*"}
rst -system
after 3000
targets -set -filter {jtag_cable_name =~ "Xilinx HW-FTDI-TEST FT2232H 1234-tulA" && level==0 && jtag_device_ctx=="jsn-HW-FTDI-TEST FT2232H-1234-tulA-23727093-0"}
fpga -file C:/devWorks/VW_SOC/Vitis/VW_SOC_app/_ide/bitstream/design_1_wrapper.bit
targets -set -nocase -filter {name =~"APU*"}
loadhw -hw C:/devWorks/VW_SOC/Vitis/design_1_wrapper/export/design_1_wrapper/hw/design_1_wrapper.xsa -mem-ranges [list {0x40000000 0xbfffffff}] -regs
configparams force-mem-access 1
targets -set -nocase -filter {name =~"APU*"}
source C:/devWorks/VW_SOC/Vitis/VW_SOC_app/_ide/psinit/ps7_init.tcl
ps7_init
ps7_post_config
targets -set -nocase -filter {name =~ "*A9*#0"}
dow C:/devWorks/VW_SOC/Vitis/VW_SOC_app/Debug/VW_SOC_app.elf
configparams force-mem-access 0
----------------End of Script----------------

02:11:43 INFO  : Context for processor 'ps7_cortexa9_0' is selected.
02:11:43 INFO  : 'con' command is executed.
02:11:43 INFO  : ----------------XSDB Script (After Launch)----------------
targets -set -nocase -filter {name =~ "*A9*#0"}
con
----------------End of Script----------------

02:11:43 INFO  : Launch script is exported to file 'C:\devWorks\VW_SOC\Vitis\VW_SOC_app_system\_ide\scripts\debugger_vw_soc_app-default.tcl'
02:12:24 INFO  : Disconnected from the channel tcfchan#9.
02:14:33 INFO  : Checking for BSP changes to sync application flags for project 'VW_SOC_app'...
02:14:42 INFO  : Connected to target on host '127.0.0.1' and port '3121'.
02:14:42 INFO  : Jtag cable 'Xilinx HW-FTDI-TEST FT2232H 1234-tulA' is selected.
02:14:42 INFO  : 'jtag frequency' command is executed.
02:14:42 INFO  : Context for 'APU' is selected.
02:14:42 INFO  : System reset is completed.
02:14:45 INFO  : 'after 3000' command is executed.
02:14:46 INFO  : 'targets -set -filter {jtag_cable_name =~ "Xilinx HW-FTDI-TEST FT2232H 1234-tulA" && level==0 && jtag_device_ctx=="jsn-HW-FTDI-TEST FT2232H-1234-tulA-23727093-0"}' command is executed.
02:14:48 INFO  : Device configured successfully with "C:/devWorks/VW_SOC/Vitis/VW_SOC_app/_ide/bitstream/design_1_wrapper.bit"
02:14:48 INFO  : Context for 'APU' is selected.
02:14:48 INFO  : Hardware design and registers information is loaded from 'C:/devWorks/VW_SOC/Vitis/design_1_wrapper/export/design_1_wrapper/hw/design_1_wrapper.xsa'.
02:14:48 INFO  : 'configparams force-mem-access 1' command is executed.
02:14:48 INFO  : Context for 'APU' is selected.
02:14:48 INFO  : Sourcing of 'C:/devWorks/VW_SOC/Vitis/VW_SOC_app/_ide/psinit/ps7_init.tcl' is done.
02:14:48 INFO  : 'ps7_init' command is executed.
02:14:48 INFO  : 'ps7_post_config' command is executed.
02:14:48 INFO  : Context for processor 'ps7_cortexa9_0' is selected.
02:14:49 INFO  : The application 'C:/devWorks/VW_SOC/Vitis/VW_SOC_app/Debug/VW_SOC_app.elf' is downloaded to processor 'ps7_cortexa9_0'.
02:14:49 INFO  : 'configparams force-mem-access 0' command is executed.
02:14:49 INFO  : ----------------XSDB Script----------------
connect -url tcp:127.0.0.1:3121
targets -set -nocase -filter {name =~"APU*"}
rst -system
after 3000
targets -set -filter {jtag_cable_name =~ "Xilinx HW-FTDI-TEST FT2232H 1234-tulA" && level==0 && jtag_device_ctx=="jsn-HW-FTDI-TEST FT2232H-1234-tulA-23727093-0"}
fpga -file C:/devWorks/VW_SOC/Vitis/VW_SOC_app/_ide/bitstream/design_1_wrapper.bit
targets -set -nocase -filter {name =~"APU*"}
loadhw -hw C:/devWorks/VW_SOC/Vitis/design_1_wrapper/export/design_1_wrapper/hw/design_1_wrapper.xsa -mem-ranges [list {0x40000000 0xbfffffff}] -regs
configparams force-mem-access 1
targets -set -nocase -filter {name =~"APU*"}
source C:/devWorks/VW_SOC/Vitis/VW_SOC_app/_ide/psinit/ps7_init.tcl
ps7_init
ps7_post_config
targets -set -nocase -filter {name =~ "*A9*#0"}
dow C:/devWorks/VW_SOC/Vitis/VW_SOC_app/Debug/VW_SOC_app.elf
configparams force-mem-access 0
----------------End of Script----------------

02:14:49 INFO  : Context for processor 'ps7_cortexa9_0' is selected.
02:14:49 INFO  : 'con' command is executed.
02:14:49 INFO  : ----------------XSDB Script (After Launch)----------------
targets -set -nocase -filter {name =~ "*A9*#0"}
con
----------------End of Script----------------

02:14:49 INFO  : Launch script is exported to file 'C:\devWorks\VW_SOC\Vitis\VW_SOC_app_system\_ide\scripts\debugger_vw_soc_app-default.tcl'
02:15:34 INFO  : Disconnected from the channel tcfchan#10.
02:15:54 INFO  : Checking for BSP changes to sync application flags for project 'VW_SOC_app'...
02:18:30 INFO  : Connected to target on host '127.0.0.1' and port '3121'.
02:18:31 INFO  : Jtag cable 'Xilinx HW-FTDI-TEST FT2232H 1234-tulA' is selected.
02:18:31 INFO  : 'jtag frequency' command is executed.
02:18:31 INFO  : Context for 'APU' is selected.
02:18:31 INFO  : System reset is completed.
02:18:34 INFO  : 'after 3000' command is executed.
02:18:34 INFO  : 'targets -set -filter {jtag_cable_name =~ "Xilinx HW-FTDI-TEST FT2232H 1234-tulA" && level==0 && jtag_device_ctx=="jsn-HW-FTDI-TEST FT2232H-1234-tulA-23727093-0"}' command is executed.
02:18:37 INFO  : Device configured successfully with "C:/devWorks/VW_SOC/Vitis/VW_SOC_app/_ide/bitstream/design_1_wrapper.bit"
02:18:37 INFO  : Context for 'APU' is selected.
02:18:37 INFO  : Hardware design and registers information is loaded from 'C:/devWorks/VW_SOC/Vitis/design_1_wrapper/export/design_1_wrapper/hw/design_1_wrapper.xsa'.
02:18:37 INFO  : 'configparams force-mem-access 1' command is executed.
02:18:37 INFO  : Context for 'APU' is selected.
02:18:37 INFO  : Sourcing of 'C:/devWorks/VW_SOC/Vitis/VW_SOC_app/_ide/psinit/ps7_init.tcl' is done.
02:18:37 INFO  : 'ps7_init' command is executed.
02:18:37 INFO  : 'ps7_post_config' command is executed.
02:18:37 INFO  : Context for processor 'ps7_cortexa9_0' is selected.
02:18:37 INFO  : The application 'C:/devWorks/VW_SOC/Vitis/VW_SOC_app/Debug/VW_SOC_app.elf' is downloaded to processor 'ps7_cortexa9_0'.
02:18:37 INFO  : 'configparams force-mem-access 0' command is executed.
02:18:37 INFO  : ----------------XSDB Script----------------
connect -url tcp:127.0.0.1:3121
targets -set -nocase -filter {name =~"APU*"}
rst -system
after 3000
targets -set -filter {jtag_cable_name =~ "Xilinx HW-FTDI-TEST FT2232H 1234-tulA" && level==0 && jtag_device_ctx=="jsn-HW-FTDI-TEST FT2232H-1234-tulA-23727093-0"}
fpga -file C:/devWorks/VW_SOC/Vitis/VW_SOC_app/_ide/bitstream/design_1_wrapper.bit
targets -set -nocase -filter {name =~"APU*"}
loadhw -hw C:/devWorks/VW_SOC/Vitis/design_1_wrapper/export/design_1_wrapper/hw/design_1_wrapper.xsa -mem-ranges [list {0x40000000 0xbfffffff}] -regs
configparams force-mem-access 1
targets -set -nocase -filter {name =~"APU*"}
source C:/devWorks/VW_SOC/Vitis/VW_SOC_app/_ide/psinit/ps7_init.tcl
ps7_init
ps7_post_config
targets -set -nocase -filter {name =~ "*A9*#0"}
dow C:/devWorks/VW_SOC/Vitis/VW_SOC_app/Debug/VW_SOC_app.elf
configparams force-mem-access 0
----------------End of Script----------------

02:18:37 INFO  : Context for processor 'ps7_cortexa9_0' is selected.
02:18:37 INFO  : 'con' command is executed.
02:18:37 INFO  : ----------------XSDB Script (After Launch)----------------
targets -set -nocase -filter {name =~ "*A9*#0"}
con
----------------End of Script----------------

02:18:37 INFO  : Launch script is exported to file 'C:\devWorks\VW_SOC\Vitis\VW_SOC_app_system\_ide\scripts\debugger_vw_soc_app-default.tcl'
