12:16:55 **** Incremental Build of configuration Debug for project VW_SOC_app ****
make all 
make --no-print-directory pre-build
a9-linaro-pre-build-step
' '
make --no-print-directory main-build
'Building file: ../src/lis2ds12_pl.c'
'Invoking: ARM v7 gcc compiler'
arm-none-eabi-gcc -Wall -O0 -g3 -c -fmessage-length=0 -MT"src/lis2ds12_pl.o" -mcpu=cortex-a9 -mfpu=vfpv3 -mfloat-abi=hard -IC:/devWorks/VW_SOC/Vitis/design_1_wrapper/export/design_1_wrapper/sw/design_1_wrapper/standalone_ps7_cortexa9_0/bspinclude/include -MMD -MP -MF"src/lis2ds12_pl.d" -MT"src/lis2ds12_pl.o" -o "src/lis2ds12_pl.o" "../src/lis2ds12_pl.c"
../src/lis2ds12_pl.c: In function 'pollForAccel':
../src/lis2ds12_pl.c:181:21: warning: variable 'iacceleration_Z' set but not used [-Wunused-but-set-variable]
  181 |                 int iacceleration_Z;
      |                     ^~~~~~~~~~~~~~~
'Finished building: ../src/lis2ds12_pl.c'
' '
'Building target: VW_SOC_app.elf'
'Invoking: ARM v7 gcc linker'
arm-none-eabi-gcc -mcpu=cortex-a9 -mfpu=vfpv3 -mfloat-abi=hard -Wl,-build-id=none -specs=Xilinx.spec -Wl,-T -Wl,../src/lscript.ld -LC:/devWorks/VW_SOC/Vitis/design_1_wrapper/export/design_1_wrapper/sw/design_1_wrapper/standalone_ps7_cortexa9_0/bsplib/lib -o "VW_SOC_app.elf"  ./src/helloworld.o ./src/lis2ds12_pl.o ./src/platform.o   -Wl,--start-group,-lxil,-lgcc,-lc,--end-group
'Finished building target: VW_SOC_app.elf'
' '
'Invoking: ARM v7 Print Size'
arm-none-eabi-size VW_SOC_app.elf  |tee "VW_SOC_app.elf.size"
   text	   data	    bss	    dec	    hex	filename
  53863	   2552	  23320	  79735	  13777	VW_SOC_app.elf
'Finished building: VW_SOC_app.elf.size'
' '

12:16:56 Build Finished (took 958ms)

