02:26:46 **** Incremental Build of configuration Debug for project VW_SOC_app ****
make all 
make --no-print-directory pre-build
a9-linaro-pre-build-step
' '
make --no-print-directory main-build
'Building file: ../src/helloworld.c'
'Invoking: ARM v7 gcc compiler'
arm-none-eabi-gcc -Wall -O0 -g3 -c -fmessage-length=0 -MT"src/helloworld.o" -mcpu=cortex-a9 -mfpu=vfpv3 -mfloat-abi=hard -IC:/devWorks/VW_SOC/Vitis/design_1_wrapper/export/design_1_wrapper/sw/design_1_wrapper/standalone_ps7_cortexa9_0/bspinclude/include -MMD -MP -MF"src/helloworld.d" -MT"src/helloworld.o" -o "src/helloworld.o" "../src/helloworld.c"
../src/helloworld.c: In function 'xTmrCtr_Int_Handler':
../src/helloworld.c:56:9: warning: unused variable 'CounterValue' [-Wunused-variable]
   56 |     u32 CounterValue = XTmrCtr_GetValue(InstancePtr, TmrCtrNumber);
      |         ^~~~~~~~~~~~
../src/helloworld.c: In function 'getAngle':
../src/helloworld.c:83:13: warning: implicit declaration of function 'atan' [-Wimplicit-function-declaration]
   83 |     pitch = atan((double)Ax / sqrt(Ay * Ay + Az * Az)) * 180.0 / M_PI;
      |             ^~~~
../src/helloworld.c:9:1: note: include '<math.h>' or provide a declaration of 'atan'
    8 | #include "xiic.h"
  +++ |+#include <math.h>
    9 | 
../src/helloworld.c:83:13: warning: incompatible implicit declaration of built-in function 'atan' [-Wbuiltin-declaration-mismatch]
   83 |     pitch = atan((double)Ax / sqrt(Ay * Ay + Az * Az)) * 180.0 / M_PI;
      |             ^~~~
../src/helloworld.c:83:13: note: include '<math.h>' or provide a declaration of 'atan'
../src/helloworld.c:83:31: warning: implicit declaration of function 'sqrt' [-Wimplicit-function-declaration]
   83 |     pitch = atan((double)Ax / sqrt(Ay * Ay + Az * Az)) * 180.0 / M_PI;
      |                               ^~~~
../src/helloworld.c:83:31: note: include '<math.h>' or provide a declaration of 'sqrt'
../src/helloworld.c:83:31: warning: incompatible implicit declaration of built-in function 'sqrt' [-Wbuiltin-declaration-mismatch]
../src/helloworld.c:83:31: note: include '<math.h>' or provide a declaration of 'sqrt'
../src/helloworld.c: In function 'xTmrCtr_Init':
../src/helloworld.c:129:17: warning: variable 'DutyCycle' set but not used [-Wunused-but-set-variable]
  129 |     int Status, DutyCycle;
      |                 ^~~~~~~~~
../src/helloworld.c: In function 'Turn_Right_Pulses':
../src/helloworld.c:232:9: warning: implicit declaration of function 'usleep' [-Wimplicit-function-declaration]
  232 |         usleep(5000); // 10 ms
      |         ^~~~~~
../src/helloworld.c: In function 'main':
../src/helloworld.c:270:5: warning: implicit declaration of function 'init_platform' [-Wimplicit-function-declaration]
  270 |     init_platform();
      |     ^~~~~~~~~~~~~
../src/helloworld.c:306:9: warning: implicit declaration of function 'cleanup_platform' [-Wimplicit-function-declaration]
  306 |         cleanup_platform();
      |         ^~~~~~~~~~~~~~~~
'Finished building: ../src/helloworld.c'
' '
'Building target: VW_SOC_app.elf'
'Invoking: ARM v7 gcc linker'
arm-none-eabi-gcc -mcpu=cortex-a9 -mfpu=vfpv3 -mfloat-abi=hard -Wl,-build-id=none -specs=Xilinx.spec -Wl,-T -Wl,../src/lscript.ld -LC:/devWorks/VW_SOC/Vitis/design_1_wrapper/export/design_1_wrapper/sw/design_1_wrapper/standalone_ps7_cortexa9_0/bsplib/lib -o "VW_SOC_app.elf"  ./src/helloworld.o ./src/lis2ds12_pl.o ./src/platform.o   -lm -Wl,--start-group,-lxil,-lgcc,-lc,--end-group
'Finished building target: VW_SOC_app.elf'
' '
'Invoking: ARM v7 Print Size'
arm-none-eabi-size VW_SOC_app.elf  |tee "VW_SOC_app.elf.size"
   text	   data	    bss	    dec	    hex	filename
  70387	   3408	  23488	  97283	  17c03	VW_SOC_app.elf
'Finished building: VW_SOC_app.elf.size'
' '

02:26:47 Build Finished (took 1s.295ms)

