02:23:20 DEBUG : Logs will be stored at 'C:/devWorks/SS_MC_SOC/Vitis/IDE.log'.
02:23:25 INFO  : Registering command handlers for Vitis TCF services
02:23:25 INFO  : Launching XSCT server: xsct.bat -n  -interactive C:\devWorks\SS_MC_SOC\Vitis\temp_xsdb_launch_script.tcl
02:23:25 INFO  : Platform repository initialization has completed.
02:23:25 ERROR : (XSDB Server)'\gnu\microblaze\lin\bin\' is not recognized as an internal or external command,
operable program or batch file.
'\gnu\microblaze\nt\bin\' is not recognized as an internal or external command,
operable program or batch file.
'\gnuwin\bin\' is not recognized as an internal or external command,
operable program or batch file.

02:23:32 INFO  : XSCT server has started successfully.
02:23:37 INFO  : Successfully done setting XSCT server connection channel  
02:23:37 INFO  : plnx-install-location is set to ''
02:23:37 INFO  : Successfully done query RDI_DATADIR 
02:23:37 INFO  : Successfully done setting workspace for the tool. 
02:25:29 INFO  : Result from executing command 'getProjects': Speed_sensor_Motor_control
02:25:29 INFO  : Result from executing command 'getPlatforms': 
02:25:29 WARN  : An unexpected exception occurred in the module 'platform project logging'
02:25:30 INFO  : Platform 'Speed_sensor_Motor_control' is added to custom repositories.
02:25:50 INFO  : Platform 'Speed_sensor_Motor_control' is added to custom repositories.
02:27:14 INFO  : Checking for BSP changes to sync application flags for project 'SS_MC_app'...
02:27:14 INFO  : Result from executing command 'getProjects': RemoteSystemsTempFiles;SS_MC_app;SS_MC_app_system;Speed_sensor_Motor_control
02:27:14 WARN  : Failed to closehw "C:/devWorks/SS_MC_SOC/Vitis/Speed_sensor_Motor_control/export/Speed_sensor_Motor_control/hw/Speed_sensor_Motor_control.xsa"
Reason: C:/devWorks/SS_MC_SOC/Vitis/Speed_sensor_Motor_control/export/Speed_sensor_Motor_control/hw/Speed_sensor_Motor_control.xsa is not available in the current workspace
use 'getprojects' command to see list of available projects in current workspace
02:27:14 INFO  : Result from executing command 'getProjects': RemoteSystemsTempFiles;SS_MC_app;SS_MC_app_system;Speed_sensor_Motor_control
02:27:14 ERROR : Failed to openhw "C:/devWorks/SS_MC_SOC/Vitis/Speed_sensor_Motor_control/export/Speed_sensor_Motor_control/hw/Speed_sensor_Motor_control.xsa"
Reason: C:/devWorks/SS_MC_SOC/Vitis/Speed_sensor_Motor_control/export/Speed_sensor_Motor_control/hw/Speed_sensor_Motor_control.xsa is not available in the current workspace
use 'getprojects' command to see list of available projects in current workspace
02:27:14 ERROR : Failed to update application flags from BSP for 'SS_MC_app'. Reason: null
java.lang.NullPointerException: null
	at com.xilinx.sdx.sw.internal.SDxSwPlatform.<init>(SDxSwPlatform.java:305) ~[com.xilinx.sdx.sw_1.0.0.202404291623.jar:?]
	at com.xilinx.sdx.sw.internal.SDxSwPlatform.create(SDxSwPlatform.java:214) ~[com.xilinx.sdx.sw_1.0.0.202404291623.jar:?]
	at com.xilinx.sdx.sdk.core.util.SdkPlatformHelper.getSwPlatform(SdkPlatformHelper.java:64) ~[com.xilinx.sdx.sdk.core_1.0.0.202404291623.jar:?]
	at com.xilinx.sdx.sdk.core.build.SdkMakefileGenerationListener.getSwPlatform(SdkMakefileGenerationListener.java:160) ~[com.xilinx.sdx.sdk.core_1.0.0.202404291623.jar:?]
	at com.xilinx.sdx.sdk.core.build.SdkMakefileGenerationListener.syncAppFlags(SdkMakefileGenerationListener.java:78) [com.xilinx.sdx.sdk.core_1.0.0.202404291623.jar:?]
	at com.xilinx.sdx.sdk.core.build.SdkMakefileGenerationListener.preMakefileGeneration(SdkMakefileGenerationListener.java:48) [com.xilinx.sdx.sdk.core_1.0.0.202404291623.jar:?]
	at com.xilinx.sdk.managedbuilder.XilinxGnuMakefileGenerator.notifyPreMakefileGenerationListeners(XilinxGnuMakefileGenerator.java:91) [com.xilinx.sdk.managedbuilder_1.0.0.202404291623.jar:?]
	at com.xilinx.sdk.managedbuilder.XilinxGnuMakefileGenerator.regenerateMakefiles(XilinxGnuMakefileGenerator.java:75) [com.xilinx.sdk.managedbuilder_1.0.0.202404291623.jar:?]
	at org.eclipse.cdt.managedbuilder.internal.core.CommonBuilder.performMakefileGeneration(CommonBuilder.java:1006) [org.eclipse.cdt.managedbuilder.core_8.6.0.201802261533.jar:?]
	at org.eclipse.cdt.managedbuilder.internal.core.CommonBuilder.performPrebuildGeneration(CommonBuilder.java:873) [org.eclipse.cdt.managedbuilder.core_8.6.0.201802261533.jar:?]
	at org.eclipse.cdt.managedbuilder.internal.core.CommonBuilder.build(CommonBuilder.java:748) [org.eclipse.cdt.managedbuilder.core_8.6.0.201802261533.jar:?]
	at org.eclipse.cdt.managedbuilder.internal.core.CommonBuilder.build(CommonBuilder.java:513) [org.eclipse.cdt.managedbuilder.core_8.6.0.201802261533.jar:?]
	at org.eclipse.cdt.managedbuilder.internal.core.CommonBuilder.build(CommonBuilder.java:459) [org.eclipse.cdt.managedbuilder.core_8.6.0.201802261533.jar:?]
	at org.eclipse.core.internal.events.BuildManager$2.run(BuildManager.java:832) [org.eclipse.core.resources_3.13.700.v20200209-1624.jar:?]
	at org.eclipse.core.runtime.SafeRunner.run(SafeRunner.java:45) [org.eclipse.equinox.common_3.11.0.v20200206-0817.jar:?]
	at org.eclipse.core.internal.events.BuildManager.basicBuild(BuildManager.java:220) [org.eclipse.core.resources_3.13.700.v20200209-1624.jar:?]
	at org.eclipse.core.internal.events.BuildManager.basicBuild(BuildManager.java:263) [org.eclipse.core.resources_3.13.700.v20200209-1624.jar:?]
	at org.eclipse.core.internal.events.BuildManager$1.run(BuildManager.java:316) [org.eclipse.core.resources_3.13.700.v20200209-1624.jar:?]
	at org.eclipse.core.runtime.SafeRunner.run(SafeRunner.java:45) [org.eclipse.equinox.common_3.11.0.v20200206-0817.jar:?]
	at org.eclipse.core.internal.events.BuildManager.basicBuild(BuildManager.java:319) [org.eclipse.core.resources_3.13.700.v20200209-1624.jar:?]
	at org.eclipse.core.internal.events.BuildManager.basicBuildLoop(BuildManager.java:371) [org.eclipse.core.resources_3.13.700.v20200209-1624.jar:?]
	at org.eclipse.core.internal.events.BuildManager.build(BuildManager.java:392) [org.eclipse.core.resources_3.13.700.v20200209-1624.jar:?]
	at org.eclipse.core.internal.resources.Workspace.buildInternal(Workspace.java:515) [org.eclipse.core.resources_3.13.700.v20200209-1624.jar:?]
	at org.eclipse.core.internal.resources.Workspace.build(Workspace.java:412) [org.eclipse.core.resources_3.13.700.v20200209-1624.jar:?]
	at org.eclipse.ui.actions.BuildAction$1.runInWorkspace(BuildAction.java:291) [org.eclipse.ui.ide_3.17.0.v20200217-1511.jar:?]
	at org.eclipse.core.internal.resources.InternalWorkspaceJob.run(InternalWorkspaceJob.java:42) [org.eclipse.core.resources_3.13.700.v20200209-1624.jar:?]
	at org.eclipse.core.internal.jobs.Worker.run(Worker.java:63) [org.eclipse.core.jobs_3.10.700.v20200106-1020.jar:?]
02:27:59 INFO  : Checking for BSP changes to sync application flags for project 'SS_MC_app'...
02:27:59 INFO  : Result from executing command 'getProjects': RemoteSystemsTempFiles;SS_MC_app;SS_MC_app_system;Speed_sensor_Motor_control
02:27:59 ERROR : Failed to openhw "C:/devWorks/SS_MC_SOC/Vitis/Speed_sensor_Motor_control/export/Speed_sensor_Motor_control/hw/Speed_sensor_Motor_control.xsa"
Reason: C:/devWorks/SS_MC_SOC/Vitis/Speed_sensor_Motor_control/export/Speed_sensor_Motor_control/hw/Speed_sensor_Motor_control.xsa is not available in the current workspace
use 'getprojects' command to see list of available projects in current workspace
02:27:59 ERROR : Failed to update application flags from BSP for 'SS_MC_app'. Reason: null
java.lang.NullPointerException: null
	at com.xilinx.sdx.sw.internal.SDxSwPlatform.<init>(SDxSwPlatform.java:305) ~[com.xilinx.sdx.sw_1.0.0.202404291623.jar:?]
	at com.xilinx.sdx.sw.internal.SDxSwPlatform.create(SDxSwPlatform.java:214) ~[com.xilinx.sdx.sw_1.0.0.202404291623.jar:?]
	at com.xilinx.sdx.sdk.core.util.SdkPlatformHelper.getSwPlatform(SdkPlatformHelper.java:64) ~[com.xilinx.sdx.sdk.core_1.0.0.202404291623.jar:?]
	at com.xilinx.sdx.sdk.core.build.SdkMakefileGenerationListener.getSwPlatform(SdkMakefileGenerationListener.java:160) ~[com.xilinx.sdx.sdk.core_1.0.0.202404291623.jar:?]
	at com.xilinx.sdx.sdk.core.build.SdkMakefileGenerationListener.syncAppFlags(SdkMakefileGenerationListener.java:78) [com.xilinx.sdx.sdk.core_1.0.0.202404291623.jar:?]
	at com.xilinx.sdx.sdk.core.build.SdkMakefileGenerationListener.preMakefileGeneration(SdkMakefileGenerationListener.java:48) [com.xilinx.sdx.sdk.core_1.0.0.202404291623.jar:?]
	at com.xilinx.sdk.managedbuilder.XilinxGnuMakefileGenerator.notifyPreMakefileGenerationListeners(XilinxGnuMakefileGenerator.java:91) [com.xilinx.sdk.managedbuilder_1.0.0.202404291623.jar:?]
	at com.xilinx.sdk.managedbuilder.XilinxGnuMakefileGenerator.regenerateMakefiles(XilinxGnuMakefileGenerator.java:75) [com.xilinx.sdk.managedbuilder_1.0.0.202404291623.jar:?]
	at org.eclipse.cdt.managedbuilder.internal.core.CommonBuilder.performMakefileGeneration(CommonBuilder.java:1006) [org.eclipse.cdt.managedbuilder.core_8.6.0.201802261533.jar:?]
	at org.eclipse.cdt.managedbuilder.internal.core.CommonBuilder.performPrebuildGeneration(CommonBuilder.java:873) [org.eclipse.cdt.managedbuilder.core_8.6.0.201802261533.jar:?]
	at org.eclipse.cdt.managedbuilder.internal.core.CommonBuilder.build(CommonBuilder.java:748) [org.eclipse.cdt.managedbuilder.core_8.6.0.201802261533.jar:?]
	at org.eclipse.cdt.managedbuilder.internal.core.CommonBuilder.build(CommonBuilder.java:513) [org.eclipse.cdt.managedbuilder.core_8.6.0.201802261533.jar:?]
	at org.eclipse.cdt.managedbuilder.internal.core.CommonBuilder.build(CommonBuilder.java:459) [org.eclipse.cdt.managedbuilder.core_8.6.0.201802261533.jar:?]
	at org.eclipse.core.internal.events.BuildManager$2.run(BuildManager.java:832) [org.eclipse.core.resources_3.13.700.v20200209-1624.jar:?]
	at org.eclipse.core.runtime.SafeRunner.run(SafeRunner.java:45) [org.eclipse.equinox.common_3.11.0.v20200206-0817.jar:?]
	at org.eclipse.core.internal.events.BuildManager.basicBuild(BuildManager.java:220) [org.eclipse.core.resources_3.13.700.v20200209-1624.jar:?]
	at org.eclipse.core.internal.events.BuildManager.basicBuild(BuildManager.java:263) [org.eclipse.core.resources_3.13.700.v20200209-1624.jar:?]
	at org.eclipse.core.internal.events.BuildManager$1.run(BuildManager.java:316) [org.eclipse.core.resources_3.13.700.v20200209-1624.jar:?]
	at org.eclipse.core.runtime.SafeRunner.run(SafeRunner.java:45) [org.eclipse.equinox.common_3.11.0.v20200206-0817.jar:?]
	at org.eclipse.core.internal.events.BuildManager.basicBuild(BuildManager.java:319) [org.eclipse.core.resources_3.13.700.v20200209-1624.jar:?]
	at org.eclipse.core.internal.events.BuildManager.basicBuildLoop(BuildManager.java:371) [org.eclipse.core.resources_3.13.700.v20200209-1624.jar:?]
	at org.eclipse.core.internal.events.BuildManager.build(BuildManager.java:392) [org.eclipse.core.resources_3.13.700.v20200209-1624.jar:?]
	at org.eclipse.core.internal.resources.Workspace.buildInternal(Workspace.java:515) [org.eclipse.core.resources_3.13.700.v20200209-1624.jar:?]
	at org.eclipse.core.internal.resources.Workspace.build(Workspace.java:412) [org.eclipse.core.resources_3.13.700.v20200209-1624.jar:?]
	at org.eclipse.ui.actions.BuildAction$1.runInWorkspace(BuildAction.java:291) [org.eclipse.ui.ide_3.17.0.v20200217-1511.jar:?]
	at org.eclipse.core.internal.resources.InternalWorkspaceJob.run(InternalWorkspaceJob.java:42) [org.eclipse.core.resources_3.13.700.v20200209-1624.jar:?]
	at org.eclipse.core.internal.jobs.Worker.run(Worker.java:63) [org.eclipse.core.jobs_3.10.700.v20200106-1020.jar:?]
02:31:21 INFO  : Result from executing command 'getProjects': Speed_sensor_Motor_control
02:31:21 INFO  : Result from executing command 'getPlatforms': Speed_sensor_Motor_control|C:/devWorks/SS_MC_SOC/Vitis/Speed_sensor_Motor_control/export/Speed_sensor_Motor_control/Speed_sensor_Motor_control.xpfm
02:31:30 INFO  : Checking for BSP changes to sync application flags for project 'SS_MC_app'...
02:32:21 INFO  : Checking for BSP changes to sync application flags for project 'SS_MC_app'...
02:32:52 INFO  : Checking for BSP changes to sync application flags for project 'SS_MC_app'...
02:34:09 INFO  : Checking for BSP changes to sync application flags for project 'SS_MC_app'...
02:35:01 INFO  : Checking for BSP changes to sync application flags for project 'SS_MC_app'...
02:35:22 INFO  : Connected to target on host '127.0.0.1' and port '3121'.
02:35:23 INFO  : Jtag cable 'Xilinx HW-FTDI-TEST FT2232H 1234-tulA' is selected.
02:35:23 INFO  : 'jtag frequency' command is executed.
02:35:23 INFO  : Context for 'APU' is selected.
02:35:23 INFO  : System reset is completed.
02:35:26 INFO  : 'after 3000' command is executed.
02:35:26 INFO  : 'targets -set -filter {jtag_cable_name =~ "Xilinx HW-FTDI-TEST FT2232H 1234-tulA" && level==0 && jtag_device_ctx=="jsn-HW-FTDI-TEST FT2232H-1234-tulA-23727093-0"}' command is executed.
02:35:29 INFO  : Device configured successfully with "C:/devWorks/SS_MC_SOC/Vitis/SS_MC_app/_ide/bitstream/Speed_sensor_Motor_control.bit"
02:35:29 INFO  : Context for 'APU' is selected.
02:35:29 INFO  : Hardware design and registers information is loaded from 'C:/devWorks/SS_MC_SOC/Vitis/Speed_sensor_Motor_control/export/Speed_sensor_Motor_control/hw/Speed_sensor_Motor_control.xsa'.
02:35:29 INFO  : 'configparams force-mem-access 1' command is executed.
02:35:29 INFO  : Context for 'APU' is selected.
02:35:29 INFO  : Sourcing of 'C:/devWorks/SS_MC_SOC/Vitis/SS_MC_app/_ide/psinit/ps7_init.tcl' is done.
02:35:30 INFO  : 'ps7_init' command is executed.
02:35:30 INFO  : 'ps7_post_config' command is executed.
02:35:30 INFO  : Context for processor 'ps7_cortexa9_0' is selected.
02:35:30 INFO  : The application 'C:/devWorks/SS_MC_SOC/Vitis/SS_MC_app/Debug/SS_MC_app.elf' is downloaded to processor 'ps7_cortexa9_0'.
02:35:30 INFO  : 'configparams force-mem-access 0' command is executed.
02:35:30 INFO  : ----------------XSDB Script----------------
connect -url tcp:127.0.0.1:3121
targets -set -nocase -filter {name =~"APU*"}
rst -system
after 3000
targets -set -filter {jtag_cable_name =~ "Xilinx HW-FTDI-TEST FT2232H 1234-tulA" && level==0 && jtag_device_ctx=="jsn-HW-FTDI-TEST FT2232H-1234-tulA-23727093-0"}
fpga -file C:/devWorks/SS_MC_SOC/Vitis/SS_MC_app/_ide/bitstream/Speed_sensor_Motor_control.bit
targets -set -nocase -filter {name =~"APU*"}
loadhw -hw C:/devWorks/SS_MC_SOC/Vitis/Speed_sensor_Motor_control/export/Speed_sensor_Motor_control/hw/Speed_sensor_Motor_control.xsa -mem-ranges [list {0x40000000 0xbfffffff}] -regs
configparams force-mem-access 1
targets -set -nocase -filter {name =~"APU*"}
source C:/devWorks/SS_MC_SOC/Vitis/SS_MC_app/_ide/psinit/ps7_init.tcl
ps7_init
ps7_post_config
targets -set -nocase -filter {name =~ "*A9*#0"}
dow C:/devWorks/SS_MC_SOC/Vitis/SS_MC_app/Debug/SS_MC_app.elf
configparams force-mem-access 0
----------------End of Script----------------

02:35:30 INFO  : Context for processor 'ps7_cortexa9_0' is selected.
02:35:30 INFO  : 'con' command is executed.
02:35:30 INFO  : ----------------XSDB Script (After Launch)----------------
targets -set -nocase -filter {name =~ "*A9*#0"}
con
----------------End of Script----------------

02:35:30 INFO  : Launch script is exported to file 'C:\devWorks\SS_MC_SOC\Vitis\SS_MC_app_system\_ide\scripts\debugger_ss_mc_app-default.tcl'
02:36:25 INFO  : Disconnected from the channel tcfchan#5.
