
*** Running vivado
    with args -log design_1_wrapper.vdi -applog -m64 -product Vivado -messageDb vivado.pb -mode batch -source design_1_wrapper.tcl -notrace



****** Vivado v2024.1 (64-bit)
  **** SW Build 5076996 on Wed May 22 18:37:14 MDT 2024
  **** IP Build 5075265 on Wed May 22 21:45:21 MDT 2024
  **** SharedData Build 5076995 on Wed May 22 18:29:18 MDT 2024
  **** Start of session at: Sat Mar 29 02:11:36 2025
    ** Copyright 1986-2022 Xilinx, Inc. All Rights Reserved.
    ** Copyright 2022-2024 Advanced Micro Devices, Inc. All Rights Reserved.

source design_1_wrapper.tcl -notrace
Command: open_checkpoint C:/devWorks/SS_MC_SOC/SS_MC_SOC.runs/impl_1/design_1_wrapper.dcp
INFO: [Device 21-403] Loading part xc7z020clg400-1
INFO: [Device 21-9227] Part: xc7z020clg400-1 does not have CEAM library.
Netlist sorting complete. Time (s): cpu = 00:00:01 ; elapsed = 00:00:00.145 . Memory (MB): peak = 920.125 ; gain = 0.000
INFO: [Netlist 29-17] Analyzing 137 Unisim elements for replacement
INFO: [Netlist 29-28] Unisim Transformation completed in 0 CPU seconds
INFO: [Project 1-479] Netlist was created with Vivado 2024.1
INFO: [Project 1-570] Preparing netlist for logic optimization
Read ShapeDB Complete: Time (s): cpu = 00:00:00 ; elapsed = 00:00:00.022 . Memory (MB): peak = 1028.422 ; gain = 0.465
INFO: [Timing 38-478] Restoring timing data from binary archive.
INFO: [Timing 38-479] Binary timing data restore complete.
INFO: [Project 1-856] Restoring constraints from binary archive.
INFO: [Project 1-853] Binary constraint restore complete.
INFO: [Designutils 20-5722] Start Reading Physical Databases.
Reading placement.
Read Netlist Cache: Time (s): cpu = 00:00:00 ; elapsed = 00:00:00.002 . Memory (MB): peak = 1549.680 ; gain = 0.000
Reading placer database...
Read Device Cache: Time (s): cpu = 00:00:00 ; elapsed = 00:00:00.031 . Memory (MB): peak = 1549.680 ; gain = 0.000
Read PlaceDB: Time (s): cpu = 00:00:00 ; elapsed = 00:00:00.209 . Memory (MB): peak = 1549.680 ; gain = 0.000
Read PulsedLatchDB: Time (s): cpu = 00:00:00 ; elapsed = 00:00:00 . Memory (MB): peak = 1549.680 ; gain = 0.000
Reading routing.
Read RouteStorage: Time (s): cpu = 00:00:00 ; elapsed = 00:00:00.314 . Memory (MB): peak = 1549.680 ; gain = 0.000
Read Physdb Files: Time (s): cpu = 00:00:00 ; elapsed = 00:00:00.586 . Memory (MB): peak = 1549.680 ; gain = 0.000
Restored from archive | CPU: 0.000000 secs | Memory: 0.000000 MB |
Finished XDEF File Restore: Time (s): cpu = 00:00:00 ; elapsed = 00:00:00.702 . Memory (MB): peak = 1549.680 ; gain = 0.000
Netlist sorting complete. Time (s): cpu = 00:00:00 ; elapsed = 00:00:00.002 . Memory (MB): peak = 1549.680 ; gain = 0.000
INFO: [Project 1-111] Unisim Transformation Summary:
  A total of 6 instances were transformed.
  IOBUF => IOBUF (IBUF, OBUFT): 6 instances

INFO: [Project 1-604] Checkpoint was created with Vivado v2024.1 (64-bit) build 5076996
open_checkpoint: Time (s): cpu = 00:00:34 ; elapsed = 00:00:39 . Memory (MB): peak = 1549.680 ; gain = 1265.281
INFO: [IP_Flow 19-234] Refreshing IP repositories
INFO: [IP_Flow 19-1700] Loaded user IP repository 'c:/devWorks/ip_repo/SpeedSensor_1_0'.
INFO: [IP_Flow 19-2313] Loaded Vivado IP repository 'C:/Xilinx/Vivado/2024.1/data/ip'.
Command: opt_design
Attempting to get a license for feature 'Implementation' and/or device 'xc7z020'
INFO: [Common 17-349] Got license for feature 'Implementation' and/or device 'xc7z020'
Running DRC as a precondition to command opt_design

Starting DRC Task
INFO: [DRC 23-27] Running DRC with 2 threads
INFO: [Project 1-461] DRC finished with 0 Errors
INFO: [Project 1-462] Please refer to the DRC report (report_drc) for more information.

Time (s): cpu = 00:00:04 ; elapsed = 00:00:03 . Memory (MB): peak = 1579.520 ; gain = 29.344

Starting Cache Timing Information Task
INFO: [Timing 38-35] Done setting XDC timing constraints.
Ending Cache Timing Information Task | Checksum: 15e18f47c

Time (s): cpu = 00:00:00 ; elapsed = 00:00:00.482 . Memory (MB): peak = 1665.320 ; gain = 85.801

Starting Logic Optimization Task

Phase 1 Initialization

Phase 1.1 Core Generation And Design Setup
Phase 1.1 Core Generation And Design Setup | Checksum: 15e18f47c

Time (s): cpu = 00:00:00 ; elapsed = 00:00:00.006 . Memory (MB): peak = 2035.711 ; gain = 0.000

Phase 1.2 Setup Constraints And Sort Netlist
Phase 1.2 Setup Constraints And Sort Netlist | Checksum: 15e18f47c

Time (s): cpu = 00:00:00 ; elapsed = 00:00:00.014 . Memory (MB): peak = 2035.711 ; gain = 0.000
Phase 1 Initialization | Checksum: 15e18f47c

Time (s): cpu = 00:00:00 ; elapsed = 00:00:00.017 . Memory (MB): peak = 2035.711 ; gain = 0.000

Phase 2 Timer Update And Timing Data Collection

Phase 2.1 Timer Update
Phase 2.1 Timer Update | Checksum: 15e18f47c

Time (s): cpu = 00:00:00 ; elapsed = 00:00:00.152 . Memory (MB): peak = 2035.711 ; gain = 0.000

Phase 2.2 Timing Data Collection
Phase 2.2 Timing Data Collection | Checksum: 15e18f47c

Time (s): cpu = 00:00:00 ; elapsed = 00:00:00.192 . Memory (MB): peak = 2035.711 ; gain = 0.000
Phase 2 Timer Update And Timing Data Collection | Checksum: 15e18f47c

Time (s): cpu = 00:00:00 ; elapsed = 00:00:00.196 . Memory (MB): peak = 2035.711 ; gain = 0.000

Phase 3 Retarget
INFO: [Opt 31-1834] Total Chains To Be Transformed Were: 0 AND Number of Transformed insts Created are: 0
INFO: [Opt 31-138] Pushed 0 inverter(s) to 0 load pin(s).
INFO: [Opt 31-49] Retargeted 0 cell(s).
Phase 3 Retarget | Checksum: 1f1c0f719

Time (s): cpu = 00:00:00 ; elapsed = 00:00:00.435 . Memory (MB): peak = 2035.711 ; gain = 0.000
Retarget | Checksum: 1f1c0f719
INFO: [Opt 31-389] Phase Retarget created 6 cells and removed 37 cells
INFO: [Opt 31-1021] In phase Retarget, 2 netlist objects are constrained preventing optimization. Please run opt_design with -debug_log to get more detail. 

Phase 4 Constant propagation
INFO: [Opt 31-138] Pushed 0 inverter(s) to 0 load pin(s).
Phase 4 Constant propagation | Checksum: 204562100

Time (s): cpu = 00:00:00 ; elapsed = 00:00:00.499 . Memory (MB): peak = 2035.711 ; gain = 0.000
Constant propagation | Checksum: 204562100
INFO: [Opt 31-389] Phase Constant propagation created 4 cells and removed 8 cells

Phase 5 Sweep
Phase 5 Sweep | Checksum: 140f3ff3c

Time (s): cpu = 00:00:00 ; elapsed = 00:00:00.799 . Memory (MB): peak = 2035.711 ; gain = 0.000
Sweep | Checksum: 140f3ff3c
INFO: [Opt 31-389] Phase Sweep created 0 cells and removed 173 cells

Phase 6 BUFG optimization
Phase 6 BUFG optimization | Checksum: 140f3ff3c

Time (s): cpu = 00:00:00 ; elapsed = 00:00:00.914 . Memory (MB): peak = 2035.711 ; gain = 0.000
BUFG optimization | Checksum: 140f3ff3c
INFO: [Opt 31-662] Phase BUFG optimization created 0 cells of which 0 are BUFGs and removed 0 cells.

Phase 7 Shift Register Optimization
INFO: [Opt 31-1064] SRL Remap converted 0 SRLs to 0 registers and converted 0 registers of register chains to 0 SRLs
Phase 7 Shift Register Optimization | Checksum: 140f3ff3c

Time (s): cpu = 00:00:01 ; elapsed = 00:00:00.929 . Memory (MB): peak = 2035.711 ; gain = 0.000
Shift Register Optimization | Checksum: 140f3ff3c
INFO: [Opt 31-389] Phase Shift Register Optimization created 0 cells and removed 0 cells

Phase 8 Post Processing Netlist
Phase 8 Post Processing Netlist | Checksum: 13a92ad60

Time (s): cpu = 00:00:01 ; elapsed = 00:00:00.968 . Memory (MB): peak = 2035.711 ; gain = 0.000
Post Processing Netlist | Checksum: 13a92ad60
INFO: [Opt 31-389] Phase Post Processing Netlist created 0 cells and removed 0 cells

Phase 9 Finalization

Phase 9.1 Finalizing Design Cores and Updating Shapes
Phase 9.1 Finalizing Design Cores and Updating Shapes | Checksum: 168ed1d69

Time (s): cpu = 00:00:01 ; elapsed = 00:00:01 . Memory (MB): peak = 2035.711 ; gain = 0.000

Phase 9.2 Verifying Netlist Connectivity

Starting Connectivity Check Task

Time (s): cpu = 00:00:00 ; elapsed = 00:00:00.018 . Memory (MB): peak = 2035.711 ; gain = 0.000
Phase 9.2 Verifying Netlist Connectivity | Checksum: 168ed1d69

Time (s): cpu = 00:00:01 ; elapsed = 00:00:01 . Memory (MB): peak = 2035.711 ; gain = 0.000
Phase 9 Finalization | Checksum: 168ed1d69

Time (s): cpu = 00:00:01 ; elapsed = 00:00:01 . Memory (MB): peak = 2035.711 ; gain = 0.000
Opt_design Change Summary
=========================


-------------------------------------------------------------------------------------------------------------------------
|  Phase                        |  #Cells created  |  #Cells Removed  |  #Constrained objects preventing optimizations  |
-------------------------------------------------------------------------------------------------------------------------
|  Retarget                     |               6  |              37  |                                              2  |
|  Constant propagation         |               4  |               8  |                                              0  |
|  Sweep                        |               0  |             173  |                                              0  |
|  BUFG optimization            |               0  |               0  |                                              0  |
|  Shift Register Optimization  |               0  |               0  |                                              0  |
|  Post Processing Netlist      |               0  |               0  |                                              0  |
-------------------------------------------------------------------------------------------------------------------------


Ending Logic Optimization Task | Checksum: 168ed1d69

Time (s): cpu = 00:00:01 ; elapsed = 00:00:01 . Memory (MB): peak = 2035.711 ; gain = 0.000

Starting Power Optimization Task
INFO: [Pwropt 34-132] Skipping clock gating for clocks with a period < 2.00 ns.
Ending Power Optimization Task | Checksum: 168ed1d69

Time (s): cpu = 00:00:00 ; elapsed = 00:00:00.024 . Memory (MB): peak = 2035.711 ; gain = 0.000

Starting Final Cleanup Task
Ending Final Cleanup Task | Checksum: 168ed1d69

Time (s): cpu = 00:00:00 ; elapsed = 00:00:00.004 . Memory (MB): peak = 2035.711 ; gain = 0.000

Starting Netlist Obfuscation Task
Netlist sorting complete. Time (s): cpu = 00:00:00 ; elapsed = 00:00:00.003 . Memory (MB): peak = 2035.711 ; gain = 0.000
Ending Netlist Obfuscation Task | Checksum: 168ed1d69

Time (s): cpu = 00:00:00 ; elapsed = 00:00:00.006 . Memory (MB): peak = 2035.711 ; gain = 0.000
INFO: [Common 17-83] Releasing license: Implementation
35 Infos, 0 Warnings, 0 Critical Warnings and 0 Errors encountered.
opt_design completed successfully
opt_design: Time (s): cpu = 00:00:11 ; elapsed = 00:00:10 . Memory (MB): peak = 2035.711 ; gain = 486.031
INFO: [Vivado 12-24828] Executing command : report_drc -file design_1_wrapper_drc_opted.rpt -pb design_1_wrapper_drc_opted.pb -rpx design_1_wrapper_drc_opted.rpx
Command: report_drc -file design_1_wrapper_drc_opted.rpt -pb design_1_wrapper_drc_opted.pb -rpx design_1_wrapper_drc_opted.rpx
INFO: [IP_Flow 19-1839] IP Catalog is up to date.
INFO: [DRC 23-27] Running DRC with 2 threads
INFO: [Vivado_Tcl 2-168] The results of DRC are in file C:/devWorks/SS_MC_SOC/SS_MC_SOC.runs/impl_1/design_1_wrapper_drc_opted.rpt.
report_drc completed successfully
INFO: [Timing 38-35] Done setting XDC timing constraints.
INFO: [Timing 38-480] Writing timing data to binary archive.
Write ShapeDB Complete: Time (s): cpu = 00:00:00 ; elapsed = 00:00:00.028 . Memory (MB): peak = 2035.711 ; gain = 0.000
Wrote PlaceDB: Time (s): cpu = 00:00:00 ; elapsed = 00:00:00.044 . Memory (MB): peak = 2035.711 ; gain = 0.000
Wrote PulsedLatchDB: Time (s): cpu = 00:00:00 ; elapsed = 00:00:00 . Memory (MB): peak = 2035.711 ; gain = 0.000
Writing XDEF routing.
Writing XDEF routing logical nets.
Writing XDEF routing special nets.
Wrote RouteStorage: Time (s): cpu = 00:00:00 ; elapsed = 00:00:00.075 . Memory (MB): peak = 2035.711 ; gain = 0.000
Wrote Netlist Cache: Time (s): cpu = 00:00:00 ; elapsed = 00:00:00.001 . Memory (MB): peak = 2035.711 ; gain = 0.000
Wrote Device Cache: Time (s): cpu = 00:00:00 ; elapsed = 00:00:00.026 . Memory (MB): peak = 2035.711 ; gain = 0.000
Write Physdb Complete: Time (s): cpu = 00:00:00 ; elapsed = 00:00:00.167 . Memory (MB): peak = 2035.711 ; gain = 0.000
INFO: [Common 17-1381] The checkpoint 'C:/devWorks/SS_MC_SOC/SS_MC_SOC.runs/impl_1/design_1_wrapper_opt.dcp' has been generated.
Command: place_design
Attempting to get a license for feature 'Implementation' and/or device 'xc7z020'
INFO: [Common 17-349] Got license for feature 'Implementation' and/or device 'xc7z020'
INFO: [Common 17-83] Releasing license: Implementation
INFO: [DRC 23-27] Running DRC with 2 threads
INFO: [Vivado_Tcl 4-198] DRC finished with 0 Errors
INFO: [Vivado_Tcl 4-199] Please refer to the DRC report (report_drc) for more information.
Running DRC as a precondition to command place_design
INFO: [DRC 23-27] Running DRC with 2 threads
INFO: [Vivado_Tcl 4-198] DRC finished with 0 Errors
INFO: [Vivado_Tcl 4-199] Please refer to the DRC report (report_drc) for more information.
INFO: [Place 30-611] Multithreading enabled for place_design using a maximum of 2 CPUs

Starting Placer Task

Phase 1 Placer Initialization

Phase 1.1 Placer Initialization Netlist Sorting
Netlist sorting complete. Time (s): cpu = 00:00:00 ; elapsed = 00:00:00.002 . Memory (MB): peak = 2035.711 ; gain = 0.000
Phase 1.1 Placer Initialization Netlist Sorting | Checksum: 892e19fd

Time (s): cpu = 00:00:00 ; elapsed = 00:00:00.016 . Memory (MB): peak = 2035.711 ; gain = 0.000
Netlist sorting complete. Time (s): cpu = 00:00:00 ; elapsed = 00:00:00.002 . Memory (MB): peak = 2035.711 ; gain = 0.000

Phase 1.2 IO Placement/ Clock Placement/ Build Placer Device
Phase 1.2 IO Placement/ Clock Placement/ Build Placer Device | Checksum: b448a866

Time (s): cpu = 00:00:01 ; elapsed = 00:00:01 . Memory (MB): peak = 2035.711 ; gain = 0.000

Phase 1.3 Build Placer Netlist Model
Phase 1.3 Build Placer Netlist Model | Checksum: 1f1d5df5e

Time (s): cpu = 00:00:03 ; elapsed = 00:00:02 . Memory (MB): peak = 2035.711 ; gain = 0.000

Phase 1.4 Constrain Clocks/Macros
Phase 1.4 Constrain Clocks/Macros | Checksum: 1f1d5df5e

Time (s): cpu = 00:00:03 ; elapsed = 00:00:02 . Memory (MB): peak = 2035.711 ; gain = 0.000
Phase 1 Placer Initialization | Checksum: 1f1d5df5e

Time (s): cpu = 00:00:03 ; elapsed = 00:00:02 . Memory (MB): peak = 2035.711 ; gain = 0.000

Phase 2 Global Placement

Phase 2.1 Floorplanning
Phase 2.1 Floorplanning | Checksum: 1b8ed395a

Time (s): cpu = 00:00:03 ; elapsed = 00:00:03 . Memory (MB): peak = 2035.711 ; gain = 0.000

Phase 2.2 Update Timing before SLR Path Opt
Phase 2.2 Update Timing before SLR Path Opt | Checksum: 16bb79551

Time (s): cpu = 00:00:04 ; elapsed = 00:00:03 . Memory (MB): peak = 2035.711 ; gain = 0.000

Phase 2.3 Post-Processing in Floorplanning
Phase 2.3 Post-Processing in Floorplanning | Checksum: 16bb79551

Time (s): cpu = 00:00:04 ; elapsed = 00:00:03 . Memory (MB): peak = 2035.711 ; gain = 0.000

Phase 2.4 Global Placement Core

Phase 2.4.1 UpdateTiming Before Physical Synthesis
Phase 2.4.1 UpdateTiming Before Physical Synthesis | Checksum: 20a79a154

Time (s): cpu = 00:00:09 ; elapsed = 00:00:07 . Memory (MB): peak = 2035.711 ; gain = 0.000

Phase 2.4.2 Physical Synthesis In Placer
INFO: [Physopt 32-1035] Found 0 LUTNM shape to break, 35 LUT instances to create LUTNM shape
INFO: [Physopt 32-1044] Break lutnm for timing: one critical 0, two critical 0, total 0, new lutff created 0
INFO: [Physopt 32-1138] End 1 Pass. Optimized 14 nets or LUTs. Breaked 0 LUT, combined 14 existing LUTs and moved 0 existing LUT
INFO: [Physopt 32-65] No nets found for high-fanout optimization.
INFO: [Physopt 32-232] Optimized 0 net. Created 0 new instance.
INFO: [Physopt 32-775] End 1 Pass. Optimized 0 net or cell. Created 0 new cell, deleted 0 existing cell and moved 0 existing cell
INFO: [Physopt 32-670] No setup violation found.  DSP Register Optimization was not performed.
INFO: [Physopt 32-670] No setup violation found.  Shift Register to Pipeline Optimization was not performed.
INFO: [Physopt 32-670] No setup violation found.  Shift Register Optimization was not performed.
INFO: [Physopt 32-670] No setup violation found.  BRAM Register Optimization was not performed.
INFO: [Physopt 32-670] No setup violation found.  URAM Register Optimization was not performed.
INFO: [Physopt 32-949] No candidate nets found for dynamic/static region interface net replication
INFO: [Physopt 32-775] End 1 Pass. Optimized 0 net or cell. Created 0 new cell, deleted 0 existing cell and moved 0 existing cell
Netlist sorting complete. Time (s): cpu = 00:00:00 ; elapsed = 00:00:00.001 . Memory (MB): peak = 2035.711 ; gain = 0.000

Summary of Physical Synthesis Optimizations
============================================


-----------------------------------------------------------------------------------------------------------------------------------------------------------
|  Optimization                                     |  Added Cells  |  Removed Cells  |  Optimized Cells/Nets  |  Dont Touch  |  Iterations  |  Elapsed   |
-----------------------------------------------------------------------------------------------------------------------------------------------------------
|  LUT Combining                                    |            0  |             14  |                    14  |           0  |           1  |  00:00:00  |
|  Retime                                           |            0  |              0  |                     0  |           0  |           1  |  00:00:00  |
|  Very High Fanout                                 |            0  |              0  |                     0  |           0  |           1  |  00:00:00  |
|  DSP Register                                     |            0  |              0  |                     0  |           0  |           0  |  00:00:00  |
|  Shift Register to Pipeline                       |            0  |              0  |                     0  |           0  |           0  |  00:00:00  |
|  Shift Register                                   |            0  |              0  |                     0  |           0  |           0  |  00:00:00  |
|  BRAM Register                                    |            0  |              0  |                     0  |           0  |           0  |  00:00:00  |
|  URAM Register                                    |            0  |              0  |                     0  |           0  |           0  |  00:00:00  |
|  Dynamic/Static Region Interface Net Replication  |            0  |              0  |                     0  |           0  |           1  |  00:00:00  |
|  Total                                            |            0  |             14  |                    14  |           0  |           4  |  00:00:00  |
-----------------------------------------------------------------------------------------------------------------------------------------------------------


Phase 2.4.2 Physical Synthesis In Placer | Checksum: 1d090b8c1

Time (s): cpu = 00:00:10 ; elapsed = 00:00:07 . Memory (MB): peak = 2035.711 ; gain = 0.000
Phase 2.4 Global Placement Core | Checksum: 11b14d755

Time (s): cpu = 00:00:10 ; elapsed = 00:00:08 . Memory (MB): peak = 2035.711 ; gain = 0.000
Phase 2 Global Placement | Checksum: 11b14d755

Time (s): cpu = 00:00:10 ; elapsed = 00:00:08 . Memory (MB): peak = 2035.711 ; gain = 0.000

Phase 3 Detail Placement

Phase 3.1 Commit Multi Column Macros
Phase 3.1 Commit Multi Column Macros | Checksum: 187b9bcc1

Time (s): cpu = 00:00:10 ; elapsed = 00:00:08 . Memory (MB): peak = 2035.711 ; gain = 0.000

Phase 3.2 Commit Most Macros & LUTRAMs
Phase 3.2 Commit Most Macros & LUTRAMs | Checksum: 13b22d7b5

Time (s): cpu = 00:00:11 ; elapsed = 00:00:09 . Memory (MB): peak = 2035.711 ; gain = 0.000

Phase 3.3 Area Swap Optimization
Phase 3.3 Area Swap Optimization | Checksum: 15cf44187

Time (s): cpu = 00:00:11 ; elapsed = 00:00:09 . Memory (MB): peak = 2035.711 ; gain = 0.000

Phase 3.4 Pipeline Register Optimization
Phase 3.4 Pipeline Register Optimization | Checksum: 1cce7b39a

Time (s): cpu = 00:00:11 ; elapsed = 00:00:09 . Memory (MB): peak = 2035.711 ; gain = 0.000

Phase 3.5 Small Shape Detail Placement
Phase 3.5 Small Shape Detail Placement | Checksum: 147a01d50

Time (s): cpu = 00:00:13 ; elapsed = 00:00:11 . Memory (MB): peak = 2035.711 ; gain = 0.000

Phase 3.6 Re-assign LUT pins
Phase 3.6 Re-assign LUT pins | Checksum: 123b26efc

Time (s): cpu = 00:00:14 ; elapsed = 00:00:11 . Memory (MB): peak = 2035.711 ; gain = 0.000

Phase 3.7 Pipeline Register Optimization
Phase 3.7 Pipeline Register Optimization | Checksum: 171a76ceb

Time (s): cpu = 00:00:14 ; elapsed = 00:00:11 . Memory (MB): peak = 2035.711 ; gain = 0.000
Phase 3 Detail Placement | Checksum: 171a76ceb

Time (s): cpu = 00:00:14 ; elapsed = 00:00:11 . Memory (MB): peak = 2035.711 ; gain = 0.000

Phase 4 Post Placement Optimization and Clean-Up

Phase 4.1 Post Commit Optimization
INFO: [Timing 38-35] Done setting XDC timing constraints.

Phase 4.1.1 Post Placement Optimization
Post Placement Optimization Initialization | Checksum: 1cb6b934b

Phase 4.1.1.1 BUFG Insertion

Starting Physical Synthesis Task

Phase 1 Physical Synthesis Initialization
INFO: [Physopt 32-721] Multithreading enabled for phys_opt_design using a maximum of 2 CPUs
INFO: [Physopt 32-619] Estimated Timing Summary | WNS=2.533 | TNS=0.000 |
Phase 1 Physical Synthesis Initialization | Checksum: 23e968f0f

Time (s): cpu = 00:00:01 ; elapsed = 00:00:00.234 . Memory (MB): peak = 2035.711 ; gain = 0.000
INFO: [Place 46-56] BUFG insertion identified 0 candidate nets. Inserted BUFG: 0, Replicated BUFG Driver: 0, Skipped due to Placement/Routing Conflicts: 0, Skipped due to Timing Degradation: 0, Skipped due to netlist editing failed: 0.
Ending Physical Synthesis Task | Checksum: 1f47dc6d0

Time (s): cpu = 00:00:01 ; elapsed = 00:00:00.279 . Memory (MB): peak = 2035.711 ; gain = 0.000
Phase 4.1.1.1 BUFG Insertion | Checksum: 1cb6b934b

Time (s): cpu = 00:00:16 ; elapsed = 00:00:12 . Memory (MB): peak = 2035.711 ; gain = 0.000

Phase 4.1.1.2 Post Placement Timing Optimization
INFO: [Place 30-746] Post Placement Timing Summary WNS=2.533. For the most accurate timing information please run report_timing.
Phase 4.1.1.2 Post Placement Timing Optimization | Checksum: 1925c06b1

Time (s): cpu = 00:00:16 ; elapsed = 00:00:12 . Memory (MB): peak = 2035.711 ; gain = 0.000

Time (s): cpu = 00:00:16 ; elapsed = 00:00:12 . Memory (MB): peak = 2035.711 ; gain = 0.000
Phase 4.1 Post Commit Optimization | Checksum: 1925c06b1

Time (s): cpu = 00:00:16 ; elapsed = 00:00:12 . Memory (MB): peak = 2035.711 ; gain = 0.000

Phase 4.2 Post Placement Cleanup
Phase 4.2 Post Placement Cleanup | Checksum: 1925c06b1

Time (s): cpu = 00:00:16 ; elapsed = 00:00:13 . Memory (MB): peak = 2035.711 ; gain = 0.000

Phase 4.3 Placer Reporting

Phase 4.3.1 Print Estimated Congestion
INFO: [Place 30-612] Post-Placement Estimated Congestion 
 ____________________________________________________
|           | Global Congestion | Short Congestion  |
| Direction | Region Size       | Region Size       |
|___________|___________________|___________________|
|      North|                1x1|                1x1|
|___________|___________________|___________________|
|      South|                1x1|                1x1|
|___________|___________________|___________________|
|       East|                1x1|                1x1|
|___________|___________________|___________________|
|       West|                1x1|                1x1|
|___________|___________________|___________________|

Phase 4.3.1 Print Estimated Congestion | Checksum: 1925c06b1

Time (s): cpu = 00:00:16 ; elapsed = 00:00:13 . Memory (MB): peak = 2035.711 ; gain = 0.000
Phase 4.3 Placer Reporting | Checksum: 1925c06b1

Time (s): cpu = 00:00:16 ; elapsed = 00:00:13 . Memory (MB): peak = 2035.711 ; gain = 0.000

Phase 4.4 Final Placement Cleanup
Netlist sorting complete. Time (s): cpu = 00:00:00 ; elapsed = 00:00:00.004 . Memory (MB): peak = 2035.711 ; gain = 0.000

Time (s): cpu = 00:00:16 ; elapsed = 00:00:13 . Memory (MB): peak = 2035.711 ; gain = 0.000
Phase 4 Post Placement Optimization and Clean-Up | Checksum: f36fbc77

Time (s): cpu = 00:00:16 ; elapsed = 00:00:13 . Memory (MB): peak = 2035.711 ; gain = 0.000
Ending Placer Task | Checksum: 75d2792a

Time (s): cpu = 00:00:16 ; elapsed = 00:00:13 . Memory (MB): peak = 2035.711 ; gain = 0.000
70 Infos, 0 Warnings, 0 Critical Warnings and 0 Errors encountered.
place_design completed successfully
place_design: Time (s): cpu = 00:00:22 ; elapsed = 00:00:17 . Memory (MB): peak = 2035.711 ; gain = 0.000
INFO: [Vivado 12-24838] Running report commands "report_control_sets, report_io, report_utilization" in parallel.
Running report generation with 2 threads.
INFO: [Vivado 12-24828] Executing command : report_utilization -file design_1_wrapper_utilization_placed.rpt -pb design_1_wrapper_utilization_placed.pb
INFO: [Vivado 12-24828] Executing command : report_control_sets -verbose -file design_1_wrapper_control_sets_placed.rpt
report_control_sets: Time (s): cpu = 00:00:00 ; elapsed = 00:00:00.028 . Memory (MB): peak = 2035.711 ; gain = 0.000
INFO: [Vivado 12-24828] Executing command : report_io -file design_1_wrapper_io_placed.rpt
report_io: Time (s): cpu = 00:00:00 ; elapsed = 00:00:00.156 . Memory (MB): peak = 2035.711 ; gain = 0.000
INFO: [Timing 38-480] Writing timing data to binary archive.
Write ShapeDB Complete: Time (s): cpu = 00:00:01 ; elapsed = 00:00:00.037 . Memory (MB): peak = 2035.711 ; gain = 0.000
Wrote PlaceDB: Time (s): cpu = 00:00:02 ; elapsed = 00:00:00.409 . Memory (MB): peak = 2035.711 ; gain = 0.000
Wrote PulsedLatchDB: Time (s): cpu = 00:00:00 ; elapsed = 00:00:00 . Memory (MB): peak = 2035.711 ; gain = 0.000
Writing XDEF routing.
Writing XDEF routing logical nets.
Writing XDEF routing special nets.
Wrote RouteStorage: Time (s): cpu = 00:00:00 ; elapsed = 00:00:00.060 . Memory (MB): peak = 2035.711 ; gain = 0.000
Wrote Netlist Cache: Time (s): cpu = 00:00:00 ; elapsed = 00:00:00.007 . Memory (MB): peak = 2035.711 ; gain = 0.000
Wrote Device Cache: Time (s): cpu = 00:00:00 ; elapsed = 00:00:00.021 . Memory (MB): peak = 2035.711 ; gain = 0.000
Write Physdb Complete: Time (s): cpu = 00:00:02 ; elapsed = 00:00:00.526 . Memory (MB): peak = 2035.711 ; gain = 0.000
INFO: [Common 17-1381] The checkpoint 'C:/devWorks/SS_MC_SOC/SS_MC_SOC.runs/impl_1/design_1_wrapper_placed.dcp' has been generated.
Command: phys_opt_design
Attempting to get a license for feature 'Implementation' and/or device 'xc7z020'
INFO: [Common 17-349] Got license for feature 'Implementation' and/or device 'xc7z020'

Starting Initial Update Timing Task

Time (s): cpu = 00:00:01 ; elapsed = 00:00:00.704 . Memory (MB): peak = 2046.059 ; gain = 10.348
INFO: [Vivado_Tcl 4-2279] Estimated Timing Summary | WNS= 2.533 | TNS= 0.000 | 
INFO: [Vivado_Tcl 4-383] Design worst setup slack (WNS) is greater than or equal to 0.000 ns. All physical synthesis setup optimizations will be skipped.
INFO: [Vivado_Tcl 4-232] No setup violation found. The netlist was not modified.
INFO: [Common 17-83] Releasing license: Implementation
81 Infos, 0 Warnings, 0 Critical Warnings and 0 Errors encountered.
phys_opt_design completed successfully
INFO: [Timing 38-480] Writing timing data to binary archive.
Write ShapeDB Complete: Time (s): cpu = 00:00:00 ; elapsed = 00:00:00.032 . Memory (MB): peak = 2063.969 ; gain = 0.000
Wrote PlaceDB: Time (s): cpu = 00:00:01 ; elapsed = 00:00:00.418 . Memory (MB): peak = 2066.918 ; gain = 2.949
Wrote PulsedLatchDB: Time (s): cpu = 00:00:00 ; elapsed = 00:00:00 . Memory (MB): peak = 2066.918 ; gain = 0.000
Writing XDEF routing.
Writing XDEF routing logical nets.
Writing XDEF routing special nets.
Wrote RouteStorage: Time (s): cpu = 00:00:01 ; elapsed = 00:00:00.053 . Memory (MB): peak = 2066.918 ; gain = 0.000
Wrote Netlist Cache: Time (s): cpu = 00:00:00 ; elapsed = 00:00:00.009 . Memory (MB): peak = 2066.918 ; gain = 0.000
Wrote Device Cache: Time (s): cpu = 00:00:00 ; elapsed = 00:00:00.019 . Memory (MB): peak = 2066.918 ; gain = 0.000
Write Physdb Complete: Time (s): cpu = 00:00:02 ; elapsed = 00:00:00.525 . Memory (MB): peak = 2066.918 ; gain = 2.949
INFO: [Common 17-1381] The checkpoint 'C:/devWorks/SS_MC_SOC/SS_MC_SOC.runs/impl_1/design_1_wrapper_physopt.dcp' has been generated.
Command: route_design
Attempting to get a license for feature 'Implementation' and/or device 'xc7z020'
INFO: [Common 17-349] Got license for feature 'Implementation' and/or device 'xc7z020'
Running DRC as a precondition to command route_design
INFO: [DRC 23-27] Running DRC with 2 threads
INFO: [Vivado_Tcl 4-198] DRC finished with 0 Errors
INFO: [Vivado_Tcl 4-199] Please refer to the DRC report (report_drc) for more information.


Starting Routing Task
INFO: [Route 35-254] Multithreading enabled for route_design using a maximum of 8 CPUs

Phase 1 Build RT Design
Checksum: PlaceDB: 569a94b8 ConstDB: 0 ShapeSum: 93e7182 RouteDB: 15f972f0
Post Restoration Checksum: NetGraph: 38bc8e9 | NumContArr: 3f579d6a | Constraints: c2a8fa9d | Timing: c2a8fa9d
Phase 1 Build RT Design | Checksum: 1c8355b8d

Time (s): cpu = 00:00:50 ; elapsed = 00:00:43 . Memory (MB): peak = 2195.449 ; gain = 119.973

Phase 2 Router Initialization

Phase 2.1 Fix Topology Constraints
Phase 2.1 Fix Topology Constraints | Checksum: 1c8355b8d

Time (s): cpu = 00:00:50 ; elapsed = 00:00:43 . Memory (MB): peak = 2195.449 ; gain = 119.973

Phase 2.2 Pre Route Cleanup
Phase 2.2 Pre Route Cleanup | Checksum: 1c8355b8d

Time (s): cpu = 00:00:50 ; elapsed = 00:00:43 . Memory (MB): peak = 2195.449 ; gain = 119.973
 Number of Nodes with overlaps = 0

Phase 2.3 Update Timing
Phase 2.3 Update Timing | Checksum: 237efc2b8

Time (s): cpu = 00:00:54 ; elapsed = 00:00:46 . Memory (MB): peak = 2268.141 ; gain = 192.664
INFO: [Route 35-416] Intermediate Timing Summary | WNS=2.645  | TNS=0.000  | WHS=-1.667 | THS=-106.998|


Router Utilization Summary
  Global Vertical Routing Utilization    = 0 %
  Global Horizontal Routing Utilization  = 0 %
  Routable Net Status*
  *Does not include unroutable nets such as driverless and loadless.
  Run report_route_status for detailed report.
  Number of Failed Nets               = 2482
    (Failed Nets is the sum of unrouted and partially routed nets)
  Number of Unrouted Nets             = 2482
  Number of Partially Routed Nets     = 0
  Number of Node Overlaps             = 0

Phase 2 Router Initialization | Checksum: 27dd0c680

Time (s): cpu = 00:00:55 ; elapsed = 00:00:46 . Memory (MB): peak = 2276.926 ; gain = 201.449

Phase 3 Global Routing
Phase 3 Global Routing | Checksum: 27dd0c680

Time (s): cpu = 00:00:55 ; elapsed = 00:00:46 . Memory (MB): peak = 2276.926 ; gain = 201.449

Phase 4 Initial Routing

Phase 4.1 Initial Net Routing Pass
Phase 4.1 Initial Net Routing Pass | Checksum: 1804d0dfb

Time (s): cpu = 00:01:09 ; elapsed = 00:00:49 . Memory (MB): peak = 2429.547 ; gain = 354.070
Phase 4 Initial Routing | Checksum: 1804d0dfb

Time (s): cpu = 00:01:09 ; elapsed = 00:00:49 . Memory (MB): peak = 2429.547 ; gain = 354.070

Phase 5 Rip-up And Reroute

Phase 5.1 Global Iteration 0
 Number of Nodes with overlaps = 234
 Number of Nodes with overlaps = 7
 Number of Nodes with overlaps = 1
 Number of Nodes with overlaps = 0
INFO: [Route 35-416] Intermediate Timing Summary | WNS=0.944  | TNS=0.000  | WHS=N/A    | THS=N/A    |

Phase 5.1 Global Iteration 0 | Checksum: 27f1fe7a3

Time (s): cpu = 00:01:32 ; elapsed = 00:01:04 . Memory (MB): peak = 2429.547 ; gain = 354.070

Phase 5.2 Global Iteration 1
 Number of Nodes with overlaps = 1
 Number of Nodes with overlaps = 0
INFO: [Route 35-416] Intermediate Timing Summary | WNS=0.944  | TNS=0.000  | WHS=N/A    | THS=N/A    |

Phase 5.2 Global Iteration 1 | Checksum: 230b32871

Time (s): cpu = 00:01:33 ; elapsed = 00:01:04 . Memory (MB): peak = 2429.547 ; gain = 354.070

Phase 5.3 Global Iteration 2
 Number of Nodes with overlaps = 0
INFO: [Route 35-416] Intermediate Timing Summary | WNS=0.944  | TNS=0.000  | WHS=N/A    | THS=N/A    |

Phase 5.3 Global Iteration 2 | Checksum: 26501c535

Time (s): cpu = 00:01:33 ; elapsed = 00:01:04 . Memory (MB): peak = 2429.547 ; gain = 354.070
Phase 5 Rip-up And Reroute | Checksum: 26501c535

Time (s): cpu = 00:01:33 ; elapsed = 00:01:04 . Memory (MB): peak = 2429.547 ; gain = 354.070

Phase 6 Delay and Skew Optimization

Phase 6.1 Delay CleanUp
Phase 6.1 Delay CleanUp | Checksum: 26501c535

Time (s): cpu = 00:01:33 ; elapsed = 00:01:04 . Memory (MB): peak = 2429.547 ; gain = 354.070

Phase 6.2 Clock Skew Optimization
Phase 6.2 Clock Skew Optimization | Checksum: 26501c535

Time (s): cpu = 00:01:33 ; elapsed = 00:01:04 . Memory (MB): peak = 2429.547 ; gain = 354.070
Phase 6 Delay and Skew Optimization | Checksum: 26501c535

Time (s): cpu = 00:01:33 ; elapsed = 00:01:04 . Memory (MB): peak = 2429.547 ; gain = 354.070

Phase 7 Post Hold Fix

Phase 7.1 Hold Fix Iter
INFO: [Route 35-416] Intermediate Timing Summary | WNS=0.958  | TNS=0.000  | WHS=-0.195 | THS=-0.550 |

Phase 7.1 Hold Fix Iter | Checksum: 2bb8f8f22

Time (s): cpu = 00:01:33 ; elapsed = 00:01:05 . Memory (MB): peak = 2429.547 ; gain = 354.070

Phase 7.2 Non Free Resource Hold Fix Iter
Phase 7.2 Non Free Resource Hold Fix Iter | Checksum: 250dcc782

Time (s): cpu = 00:01:33 ; elapsed = 00:01:05 . Memory (MB): peak = 2429.547 ; gain = 354.070
Phase 7 Post Hold Fix | Checksum: 250dcc782

Time (s): cpu = 00:01:34 ; elapsed = 00:01:05 . Memory (MB): peak = 2429.547 ; gain = 354.070

Phase 8 Route finalize

Router Utilization Summary
  Global Vertical Routing Utilization    = 0.557471 %
  Global Horizontal Routing Utilization  = 0.687204 %
  Routable Net Status*
  *Does not include unroutable nets such as driverless and loadless.
  Run report_route_status for detailed report.
  Number of Failed Nets               = 0
    (Failed Nets is the sum of unrouted and partially routed nets)
  Number of Unrouted Nets             = 0
  Number of Partially Routed Nets     = 0
  Number of Node Overlaps             = 0

Phase 8 Route finalize | Checksum: 250dcc782

Time (s): cpu = 00:01:34 ; elapsed = 00:01:05 . Memory (MB): peak = 2429.547 ; gain = 354.070

Phase 9 Verifying routed nets

 Verification completed successfully
Phase 9 Verifying routed nets | Checksum: 250dcc782

Time (s): cpu = 00:01:34 ; elapsed = 00:01:05 . Memory (MB): peak = 2429.547 ; gain = 354.070

Phase 10 Depositing Routes
Phase 10 Depositing Routes | Checksum: 24bd25e48

Time (s): cpu = 00:01:34 ; elapsed = 00:01:05 . Memory (MB): peak = 2429.547 ; gain = 354.070

Phase 11 Post Process Routing
Phase 11 Post Process Routing | Checksum: 24bd25e48

Time (s): cpu = 00:01:34 ; elapsed = 00:01:05 . Memory (MB): peak = 2429.547 ; gain = 354.070

Phase 12 Post Router Timing

Phase 12.1 Update Timing
Phase 12.1 Update Timing | Checksum: 24bd25e48

Time (s): cpu = 00:01:35 ; elapsed = 00:01:05 . Memory (MB): peak = 2429.547 ; gain = 354.070
INFO: [Route 35-57] Estimated Timing Summary | WNS=0.958  | TNS=0.000  | WHS=0.052  | THS=0.000  |

INFO: [Route 35-327] The final timing numbers are based on the router estimated timing analysis. For a complete and accurate timing signoff, please run report_timing_summary.
Phase 12 Post Router Timing | Checksum: 24bd25e48

Time (s): cpu = 00:01:35 ; elapsed = 00:01:05 . Memory (MB): peak = 2429.547 ; gain = 354.070
Total Elapsed time in route_design: 65.351 secs

Phase 13 Post-Route Event Processing
Phase 13 Post-Route Event Processing | Checksum: fa97fa6f

Time (s): cpu = 00:01:35 ; elapsed = 00:01:05 . Memory (MB): peak = 2429.547 ; gain = 354.070
INFO: [Route 35-16] Router Completed Successfully
Ending Routing Task | Checksum: fa97fa6f

Time (s): cpu = 00:01:35 ; elapsed = 00:01:06 . Memory (MB): peak = 2429.547 ; gain = 354.070

Routing Is Done.
INFO: [Common 17-83] Releasing license: Implementation
97 Infos, 0 Warnings, 0 Critical Warnings and 0 Errors encountered.
route_design completed successfully
route_design: Time (s): cpu = 00:01:39 ; elapsed = 00:01:08 . Memory (MB): peak = 2429.547 ; gain = 362.629
INFO: [Vivado 12-24828] Executing command : report_drc -file design_1_wrapper_drc_routed.rpt -pb design_1_wrapper_drc_routed.pb -rpx design_1_wrapper_drc_routed.rpx
Command: report_drc -file design_1_wrapper_drc_routed.rpt -pb design_1_wrapper_drc_routed.pb -rpx design_1_wrapper_drc_routed.rpx
INFO: [IP_Flow 19-1839] IP Catalog is up to date.
INFO: [DRC 23-27] Running DRC with 2 threads
INFO: [Vivado_Tcl 2-168] The results of DRC are in file C:/devWorks/SS_MC_SOC/SS_MC_SOC.runs/impl_1/design_1_wrapper_drc_routed.rpt.
report_drc completed successfully
INFO: [Vivado 12-24828] Executing command : report_methodology -file design_1_wrapper_methodology_drc_routed.rpt -pb design_1_wrapper_methodology_drc_routed.pb -rpx design_1_wrapper_methodology_drc_routed.rpx
Command: report_methodology -file design_1_wrapper_methodology_drc_routed.rpt -pb design_1_wrapper_methodology_drc_routed.pb -rpx design_1_wrapper_methodology_drc_routed.rpx
INFO: [Timing 38-35] Done setting XDC timing constraints.
INFO: [DRC 23-133] Running Methodology with 2 threads
INFO: [Vivado_Tcl 2-1520] The results of Report Methodology are in file C:/devWorks/SS_MC_SOC/SS_MC_SOC.runs/impl_1/design_1_wrapper_methodology_drc_routed.rpt.
report_methodology completed successfully
INFO: [Vivado 12-24828] Executing command : report_timing_summary -max_paths 10 -report_unconstrained -file design_1_wrapper_timing_summary_routed.rpt -pb design_1_wrapper_timing_summary_routed.pb -rpx design_1_wrapper_timing_summary_routed.rpx -warn_on_violation 
INFO: [Timing 38-35] Done setting XDC timing constraints.
INFO: [Timing 38-91] UpdateTimingParams: Speed grade: -1, Delay Type: min_max.
INFO: [Timing 38-191] Multithreading enabled for timing update using a maximum of 2 CPUs
INFO: [Vivado 12-24838] Running report commands "report_incremental_reuse, report_route_status" in parallel.
Running report generation with 2 threads.
INFO: [Vivado 12-24828] Executing command : report_incremental_reuse -file design_1_wrapper_incremental_reuse_routed.rpt
INFO: [Vivado_Tcl 4-1062] Incremental flow is disabled. No incremental reuse Info to report.
INFO: [Vivado 12-24828] Executing command : report_route_status -file design_1_wrapper_route_status.rpt -pb design_1_wrapper_route_status.pb
INFO: [Vivado 12-24828] Executing command : report_power -file design_1_wrapper_power_routed.rpt -pb design_1_wrapper_power_summary_routed.pb -rpx design_1_wrapper_power_routed.rpx
Command: report_power -file design_1_wrapper_power_routed.rpt -pb design_1_wrapper_power_summary_routed.pb -rpx design_1_wrapper_power_routed.rpx
Running Vector-less Activity Propagation...

Finished Running Vector-less Activity Propagation
114 Infos, 0 Warnings, 0 Critical Warnings and 0 Errors encountered.
report_power completed successfully
INFO: [Vivado 12-24828] Executing command : report_clock_utilization -file design_1_wrapper_clock_utilization_routed.rpt
WARNING: [Device 21-9320] Failed to find the Oracle tile group with name 'HSR_BOUNDARY_TOP'. This is required for Clock regions and Virtual grid.
WARNING: [Device 21-2174] Failed to initialize Virtual grid.
INFO: [Vivado 12-24828] Executing command : report_bus_skew -warn_on_violation -file design_1_wrapper_bus_skew_routed.rpt -pb design_1_wrapper_bus_skew_routed.pb -rpx design_1_wrapper_bus_skew_routed.rpx
INFO: [Timing 38-91] UpdateTimingParams: Speed grade: -1, Delay Type: min_max.
INFO: [Timing 38-191] Multithreading enabled for timing update using a maximum of 2 CPUs
generate_parallel_reports: Time (s): cpu = 00:00:15 ; elapsed = 00:00:09 . Memory (MB): peak = 2429.547 ; gain = 0.000
INFO: [Timing 38-480] Writing timing data to binary archive.
Write ShapeDB Complete: Time (s): cpu = 00:00:00 ; elapsed = 00:00:00.032 . Memory (MB): peak = 2429.547 ; gain = 0.000
Wrote PlaceDB: Time (s): cpu = 00:00:01 ; elapsed = 00:00:00.476 . Memory (MB): peak = 2429.547 ; gain = 0.000
Wrote PulsedLatchDB: Time (s): cpu = 00:00:00 ; elapsed = 00:00:00 . Memory (MB): peak = 2429.547 ; gain = 0.000
Writing XDEF routing.
Writing XDEF routing logical nets.
Writing XDEF routing special nets.
Wrote RouteStorage: Time (s): cpu = 00:00:01 ; elapsed = 00:00:00.130 . Memory (MB): peak = 2429.547 ; gain = 0.000
Wrote Netlist Cache: Time (s): cpu = 00:00:00 ; elapsed = 00:00:00.010 . Memory (MB): peak = 2429.547 ; gain = 0.000
Wrote Device Cache: Time (s): cpu = 00:00:00 ; elapsed = 00:00:00.020 . Memory (MB): peak = 2429.547 ; gain = 0.000
Write Physdb Complete: Time (s): cpu = 00:00:02 ; elapsed = 00:00:00.656 . Memory (MB): peak = 2429.547 ; gain = 0.000
INFO: [Common 17-1381] The checkpoint 'C:/devWorks/SS_MC_SOC/SS_MC_SOC.runs/impl_1/design_1_wrapper_routed.dcp' has been generated.
Command: write_bitstream -force design_1_wrapper.bit
Attempting to get a license for feature 'Implementation' and/or device 'xc7z020'
INFO: [Common 17-349] Got license for feature 'Implementation' and/or device 'xc7z020'
Running DRC as a precondition to command write_bitstream
INFO: [IP_Flow 19-1839] IP Catalog is up to date.
INFO: [DRC 23-27] Running DRC with 2 threads
INFO: [Vivado 12-3199] DRC finished with 0 Errors
INFO: [Vivado 12-3200] Please refer to the DRC report (report_drc) for more information.
INFO: [Designutils 20-2272] Running write_bitstream with 2 threads.
Loading data files...
Loading site data...
Loading route data...
Processing options...
Creating bitmap...
Creating bitstream...
Writing bitstream ./design_1_wrapper.bit...
INFO: [Vivado 12-1842] Bitgen Completed Successfully.
INFO: [Project 1-1876] WebTalk data collection is mandatory when using a ULT device. To see the specific WebTalk data collected for your design, open the usage_statistics_webtalk.html or usage_statistics_webtalk.xml file in the implementation directory.
INFO: [Common 17-83] Releasing license: Implementation
129 Infos, 2 Warnings, 0 Critical Warnings and 0 Errors encountered.
write_bitstream completed successfully
write_bitstream: Time (s): cpu = 00:00:28 ; elapsed = 00:00:23 . Memory (MB): peak = 2681.992 ; gain = 252.445
INFO: [Common 17-206] Exiting Vivado at Sat Mar 29 02:14:41 2025...
