
*** Running vivado
    with args -log design_1_axi_timer_1_0.vds -m64 -product Vivado -mode batch -messageDb vivado.pb -notrace -source design_1_axi_timer_1_0.tcl



****** Vivado v2024.1 (64-bit)
  **** SW Build 5076996 on Wed May 22 18:37:14 MDT 2024
  **** IP Build 5075265 on Wed May 22 21:45:21 MDT 2024
  **** SharedData Build 5076995 on Wed May 22 18:29:18 MDT 2024
  **** Start of session at: Sat Mar 29 01:44:04 2025
    ** Copyright 1986-2022 Xilinx, Inc. All Rights Reserved.
    ** Copyright 2022-2024 Advanced Micro Devices, Inc. All Rights Reserved.

source design_1_axi_timer_1_0.tcl -notrace
create_project: Time (s): cpu = 00:00:12 ; elapsed = 00:00:13 . Memory (MB): peak = 485.086 ; gain = 200.168
INFO: [IP_Flow 19-234] Refreshing IP repositories
INFO: [IP_Flow 19-1700] Loaded user IP repository 'c:/devWorks/ip_repo/SpeedSensor_1_0'.
INFO: [IP_Flow 19-2313] Loaded Vivado IP repository 'C:/Xilinx/Vivado/2024.1/data/ip'.
INFO: [IP_Flow 19-6924] IPCACHE: Running cache check for IP inst: design_1_axi_timer_1_0
INFO: [IP_Flow 19-6922] IPCACHE: Exporting cached entry 3c929f33e3fc6525 to dir: C:/devWorks/SS_MC_SOC/SS_MC_SOC.runs/design_1_axi_timer_1_0_synth_1
INFO: [IP_Flow 19-6928] IPCACHE: copied cached file c:/devWorks/SS_MC_SOC/SS_MC_SOC.cache/ip/2024.1/3/c/3c929f33e3fc6525/design_1_axi_timer_0_0.dcp to C:/devWorks/SS_MC_SOC/SS_MC_SOC.runs/design_1_axi_timer_1_0_synth_1/design_1_axi_timer_1_0.dcp.
INFO: [IP_Flow 19-6928] IPCACHE: copied cached file c:/devWorks/SS_MC_SOC/SS_MC_SOC.cache/ip/2024.1/3/c/3c929f33e3fc6525/design_1_axi_timer_0_0_sim_netlist.v to C:/devWorks/SS_MC_SOC/SS_MC_SOC.runs/design_1_axi_timer_1_0_synth_1/design_1_axi_timer_1_0_sim_netlist.v.
INFO: [IP_Flow 19-6928] IPCACHE: copied cached file c:/devWorks/SS_MC_SOC/SS_MC_SOC.cache/ip/2024.1/3/c/3c929f33e3fc6525/design_1_axi_timer_0_0_sim_netlist.vhdl to C:/devWorks/SS_MC_SOC/SS_MC_SOC.runs/design_1_axi_timer_1_0_synth_1/design_1_axi_timer_1_0_sim_netlist.vhdl.
INFO: [IP_Flow 19-6928] IPCACHE: copied cached file c:/devWorks/SS_MC_SOC/SS_MC_SOC.cache/ip/2024.1/3/c/3c929f33e3fc6525/design_1_axi_timer_0_0_stub.v to C:/devWorks/SS_MC_SOC/SS_MC_SOC.runs/design_1_axi_timer_1_0_synth_1/design_1_axi_timer_1_0_stub.v.
INFO: [IP_Flow 19-6928] IPCACHE: copied cached file c:/devWorks/SS_MC_SOC/SS_MC_SOC.cache/ip/2024.1/3/c/3c929f33e3fc6525/design_1_axi_timer_0_0_stub.vhdl to C:/devWorks/SS_MC_SOC/SS_MC_SOC.runs/design_1_axi_timer_1_0_synth_1/design_1_axi_timer_1_0_stub.vhdl.
INFO: [IP_Flow 19-4838] Using cached IP synthesis design for IP design_1_axi_timer_1_0, cache-ID = 3c929f33e3fc6525.
INFO: [Common 17-206] Exiting Vivado at Sat Mar 29 01:44:24 2025...
