12:01:47 DEBUG : Logs will be stored at 'C:/devWorks/Ultrasoon_SOC/Vitis/IDE.log'.
12:01:49 INFO  : Launching XSCT server: xsct.bat -n  -interactive C:\devWorks\Ultrasoon_SOC\Vitis\temp_xsdb_launch_script.tcl
12:01:49 INFO  : Platform repository initialization has completed.
12:01:49 INFO  : Registering command handlers for Vitis TCF services
12:01:50 ERROR : (XSDB Server)'\gnu\microblaze\lin\bin\' is not recognized as an internal or external command,
operable program or batch file.

12:01:50 ERROR : (XSDB Server)'\gnu\microblaze\nt\bin\' is not recognized as an internal or external command,
operable program or batch file.

12:01:50 ERROR : (XSDB Server)'\gnuwin\bin\' is not recognized as an internal or external command,
operable program or batch file.

12:01:52 INFO  : XSCT server has started successfully.
12:01:53 INFO  : Successfully done setting XSCT server connection channel  
12:01:53 INFO  : plnx-install-location is set to ''
12:01:53 INFO  : Successfully done query RDI_DATADIR 
12:01:53 INFO  : Successfully done setting workspace for the tool. 
12:05:57 INFO  : Result from executing command 'getProjects': design_1_wrapper
12:05:57 INFO  : Result from executing command 'getPlatforms': 
12:05:57 WARN  : An unexpected exception occurred in the module 'platform project logging'
12:05:57 INFO  : Platform 'design_1_wrapper' is added to custom repositories.
12:06:08 INFO  : Platform 'design_1_wrapper' is added to custom repositories.
12:06:51 INFO  : Checking for BSP changes to sync application flags for project 'Ultrasoon_app'...
12:06:51 INFO  : Result from executing command 'getProjects': RemoteSystemsTempFiles;Ultrasoon_app;Ultrasoon_app_system;design_1_wrapper
12:06:51 WARN  : Failed to closehw "C:/devWorks/Ultrasoon_SOC/Vitis/design_1_wrapper/export/design_1_wrapper/hw/design_1_wrapper.xsa"
Reason: C:/devWorks/Ultrasoon_SOC/Vitis/design_1_wrapper/export/design_1_wrapper/hw/design_1_wrapper.xsa is not available in the current workspace
use 'getprojects' command to see list of available projects in current workspace
12:06:51 INFO  : Result from executing command 'getProjects': RemoteSystemsTempFiles;Ultrasoon_app;Ultrasoon_app_system;design_1_wrapper
12:06:51 ERROR : Failed to openhw "C:/devWorks/Ultrasoon_SOC/Vitis/design_1_wrapper/export/design_1_wrapper/hw/design_1_wrapper.xsa"
Reason: C:/devWorks/Ultrasoon_SOC/Vitis/design_1_wrapper/export/design_1_wrapper/hw/design_1_wrapper.xsa is not available in the current workspace
use 'getprojects' command to see list of available projects in current workspace
12:06:51 ERROR : Failed to update application flags from BSP for 'Ultrasoon_app'. Reason: null
java.lang.NullPointerException: null
	at com.xilinx.sdx.sw.internal.SDxSwPlatform.<init>(SDxSwPlatform.java:305) ~[com.xilinx.sdx.sw_1.0.0.202404291623.jar:?]
	at com.xilinx.sdx.sw.internal.SDxSwPlatform.create(SDxSwPlatform.java:214) ~[com.xilinx.sdx.sw_1.0.0.202404291623.jar:?]
	at com.xilinx.sdx.sdk.core.util.SdkPlatformHelper.getSwPlatform(SdkPlatformHelper.java:64) ~[com.xilinx.sdx.sdk.core_1.0.0.202404291623.jar:?]
	at com.xilinx.sdx.sdk.core.build.SdkMakefileGenerationListener.getSwPlatform(SdkMakefileGenerationListener.java:160) ~[com.xilinx.sdx.sdk.core_1.0.0.202404291623.jar:?]
	at com.xilinx.sdx.sdk.core.build.SdkMakefileGenerationListener.syncAppFlags(SdkMakefileGenerationListener.java:78) [com.xilinx.sdx.sdk.core_1.0.0.202404291623.jar:?]
	at com.xilinx.sdx.sdk.core.build.SdkMakefileGenerationListener.preMakefileGeneration(SdkMakefileGenerationListener.java:48) [com.xilinx.sdx.sdk.core_1.0.0.202404291623.jar:?]
	at com.xilinx.sdk.managedbuilder.XilinxGnuMakefileGenerator.notifyPreMakefileGenerationListeners(XilinxGnuMakefileGenerator.java:91) [com.xilinx.sdk.managedbuilder_1.0.0.202404291623.jar:?]
	at com.xilinx.sdk.managedbuilder.XilinxGnuMakefileGenerator.regenerateMakefiles(XilinxGnuMakefileGenerator.java:75) [com.xilinx.sdk.managedbuilder_1.0.0.202404291623.jar:?]
	at org.eclipse.cdt.managedbuilder.internal.core.CommonBuilder.performMakefileGeneration(CommonBuilder.java:1006) [org.eclipse.cdt.managedbuilder.core_8.6.0.201802261533.jar:?]
	at org.eclipse.cdt.managedbuilder.internal.core.CommonBuilder.performPrebuildGeneration(CommonBuilder.java:873) [org.eclipse.cdt.managedbuilder.core_8.6.0.201802261533.jar:?]
	at org.eclipse.cdt.managedbuilder.internal.core.CommonBuilder.build(CommonBuilder.java:748) [org.eclipse.cdt.managedbuilder.core_8.6.0.201802261533.jar:?]
	at org.eclipse.cdt.managedbuilder.internal.core.CommonBuilder.build(CommonBuilder.java:513) [org.eclipse.cdt.managedbuilder.core_8.6.0.201802261533.jar:?]
	at org.eclipse.cdt.managedbuilder.internal.core.CommonBuilder.build(CommonBuilder.java:459) [org.eclipse.cdt.managedbuilder.core_8.6.0.201802261533.jar:?]
	at org.eclipse.core.internal.events.BuildManager$2.run(BuildManager.java:832) [org.eclipse.core.resources_3.13.700.v20200209-1624.jar:?]
	at org.eclipse.core.runtime.SafeRunner.run(SafeRunner.java:45) [org.eclipse.equinox.common_3.11.0.v20200206-0817.jar:?]
	at org.eclipse.core.internal.events.BuildManager.basicBuild(BuildManager.java:220) [org.eclipse.core.resources_3.13.700.v20200209-1624.jar:?]
	at org.eclipse.core.internal.events.BuildManager.basicBuild(BuildManager.java:263) [org.eclipse.core.resources_3.13.700.v20200209-1624.jar:?]
	at org.eclipse.core.internal.events.BuildManager$1.run(BuildManager.java:316) [org.eclipse.core.resources_3.13.700.v20200209-1624.jar:?]
	at org.eclipse.core.runtime.SafeRunner.run(SafeRunner.java:45) [org.eclipse.equinox.common_3.11.0.v20200206-0817.jar:?]
	at org.eclipse.core.internal.events.BuildManager.basicBuild(BuildManager.java:319) [org.eclipse.core.resources_3.13.700.v20200209-1624.jar:?]
	at org.eclipse.core.internal.events.BuildManager.basicBuildLoop(BuildManager.java:371) [org.eclipse.core.resources_3.13.700.v20200209-1624.jar:?]
	at org.eclipse.core.internal.events.BuildManager.build(BuildManager.java:392) [org.eclipse.core.resources_3.13.700.v20200209-1624.jar:?]
	at org.eclipse.core.internal.resources.Workspace.buildInternal(Workspace.java:515) [org.eclipse.core.resources_3.13.700.v20200209-1624.jar:?]
	at org.eclipse.core.internal.resources.Workspace.build(Workspace.java:412) [org.eclipse.core.resources_3.13.700.v20200209-1624.jar:?]
	at org.eclipse.ui.actions.BuildAction$1.runInWorkspace(BuildAction.java:291) [org.eclipse.ui.ide_3.17.0.v20200217-1511.jar:?]
	at org.eclipse.core.internal.resources.InternalWorkspaceJob.run(InternalWorkspaceJob.java:42) [org.eclipse.core.resources_3.13.700.v20200209-1624.jar:?]
	at org.eclipse.core.internal.jobs.Worker.run(Worker.java:63) [org.eclipse.core.jobs_3.10.700.v20200106-1020.jar:?]
12:12:06 INFO  : Result from executing command 'getProjects': design_1_wrapper
12:12:06 INFO  : Result from executing command 'getPlatforms': design_1_wrapper|C:/devWorks/Ultrasoon_SOC/Vitis/design_1_wrapper/export/design_1_wrapper/design_1_wrapper.xpfm
12:12:14 INFO  : Checking for BSP changes to sync application flags for project 'Ultrasoon_app'...
12:12:29 INFO  : Connected to target on host '127.0.0.1' and port '3121'.
12:12:30 INFO  : Jtag cable 'Xilinx HW-FTDI-TEST FT2232H 1234-tulA' is selected.
12:12:30 INFO  : 'jtag frequency' command is executed.
12:12:30 INFO  : Context for 'APU' is selected.
12:12:30 INFO  : System reset is completed.
12:12:33 INFO  : 'after 3000' command is executed.
12:12:33 INFO  : 'targets -set -filter {jtag_cable_name =~ "Xilinx HW-FTDI-TEST FT2232H 1234-tulA" && level==0 && jtag_device_ctx=="jsn-HW-FTDI-TEST FT2232H-1234-tulA-23727093-0"}' command is executed.
12:12:36 INFO  : Device configured successfully with "C:/devWorks/Ultrasoon_SOC/Vitis/Ultrasoon_app/_ide/bitstream/design_1_wrapper.bit"
12:12:36 INFO  : Context for 'APU' is selected.
12:12:36 INFO  : Hardware design and registers information is loaded from 'C:/devWorks/Ultrasoon_SOC/Vitis/design_1_wrapper/export/design_1_wrapper/hw/design_1_wrapper.xsa'.
12:12:36 INFO  : 'configparams force-mem-access 1' command is executed.
12:12:36 INFO  : Context for 'APU' is selected.
12:12:36 INFO  : Sourcing of 'C:/devWorks/Ultrasoon_SOC/Vitis/Ultrasoon_app/_ide/psinit/ps7_init.tcl' is done.
12:12:36 INFO  : 'ps7_init' command is executed.
12:12:36 INFO  : 'ps7_post_config' command is executed.
12:12:36 INFO  : Context for processor 'ps7_cortexa9_0' is selected.
12:12:36 INFO  : The application 'C:/devWorks/Ultrasoon_SOC/Vitis/Ultrasoon_app/Debug/Ultrasoon_app.elf' is downloaded to processor 'ps7_cortexa9_0'.
12:12:36 INFO  : 'configparams force-mem-access 0' command is executed.
12:12:36 INFO  : ----------------XSDB Script----------------
connect -url tcp:127.0.0.1:3121
targets -set -nocase -filter {name =~"APU*"}
rst -system
after 3000
targets -set -filter {jtag_cable_name =~ "Xilinx HW-FTDI-TEST FT2232H 1234-tulA" && level==0 && jtag_device_ctx=="jsn-HW-FTDI-TEST FT2232H-1234-tulA-23727093-0"}
fpga -file C:/devWorks/Ultrasoon_SOC/Vitis/Ultrasoon_app/_ide/bitstream/design_1_wrapper.bit
targets -set -nocase -filter {name =~"APU*"}
loadhw -hw C:/devWorks/Ultrasoon_SOC/Vitis/design_1_wrapper/export/design_1_wrapper/hw/design_1_wrapper.xsa -mem-ranges [list {0x40000000 0xbfffffff}] -regs
configparams force-mem-access 1
targets -set -nocase -filter {name =~"APU*"}
source C:/devWorks/Ultrasoon_SOC/Vitis/Ultrasoon_app/_ide/psinit/ps7_init.tcl
ps7_init
ps7_post_config
targets -set -nocase -filter {name =~ "*A9*#0"}
dow C:/devWorks/Ultrasoon_SOC/Vitis/Ultrasoon_app/Debug/Ultrasoon_app.elf
configparams force-mem-access 0
----------------End of Script----------------

12:12:36 INFO  : Context for processor 'ps7_cortexa9_0' is selected.
12:12:36 INFO  : 'con' command is executed.
12:12:36 INFO  : ----------------XSDB Script (After Launch)----------------
targets -set -nocase -filter {name =~ "*A9*#0"}
con
----------------End of Script----------------

12:12:36 INFO  : Launch script is exported to file 'C:\devWorks\Ultrasoon_SOC\Vitis\Ultrasoon_app_system\_ide\scripts\debugger_ultrasoon_app-default.tcl'
12:15:14 INFO  : Disconnected from the channel tcfchan#4.
12:15:20 INFO  : Connected to target on host '127.0.0.1' and port '3121'.
12:15:20 INFO  : Jtag cable 'Xilinx HW-FTDI-TEST FT2232H 1234-tulA' is selected.
12:15:20 INFO  : 'jtag frequency' command is executed.
12:15:20 INFO  : Context for 'APU' is selected.
12:15:20 INFO  : System reset is completed.
12:15:23 INFO  : 'after 3000' command is executed.
12:15:23 INFO  : 'targets -set -filter {jtag_cable_name =~ "Xilinx HW-FTDI-TEST FT2232H 1234-tulA" && level==0 && jtag_device_ctx=="jsn-HW-FTDI-TEST FT2232H-1234-tulA-23727093-0"}' command is executed.
12:15:26 INFO  : Device configured successfully with "C:/devWorks/Ultrasoon_SOC/Vitis/Ultrasoon_app/_ide/bitstream/design_1_wrapper.bit"
12:15:26 INFO  : Context for 'APU' is selected.
12:15:26 INFO  : Hardware design and registers information is loaded from 'C:/devWorks/Ultrasoon_SOC/Vitis/design_1_wrapper/export/design_1_wrapper/hw/design_1_wrapper.xsa'.
12:15:26 INFO  : 'configparams force-mem-access 1' command is executed.
12:15:26 INFO  : Context for 'APU' is selected.
12:15:26 INFO  : Sourcing of 'C:/devWorks/Ultrasoon_SOC/Vitis/Ultrasoon_app/_ide/psinit/ps7_init.tcl' is done.
12:15:26 INFO  : 'ps7_init' command is executed.
12:15:26 INFO  : 'ps7_post_config' command is executed.
12:15:26 INFO  : Context for processor 'ps7_cortexa9_0' is selected.
12:15:26 INFO  : The application 'C:/devWorks/Ultrasoon_SOC/Vitis/Ultrasoon_app/Debug/Ultrasoon_app.elf' is downloaded to processor 'ps7_cortexa9_0'.
12:15:26 INFO  : 'configparams force-mem-access 0' command is executed.
12:15:26 INFO  : ----------------XSDB Script----------------
connect -url tcp:127.0.0.1:3121
targets -set -nocase -filter {name =~"APU*"}
rst -system
after 3000
targets -set -filter {jtag_cable_name =~ "Xilinx HW-FTDI-TEST FT2232H 1234-tulA" && level==0 && jtag_device_ctx=="jsn-HW-FTDI-TEST FT2232H-1234-tulA-23727093-0"}
fpga -file C:/devWorks/Ultrasoon_SOC/Vitis/Ultrasoon_app/_ide/bitstream/design_1_wrapper.bit
targets -set -nocase -filter {name =~"APU*"}
loadhw -hw C:/devWorks/Ultrasoon_SOC/Vitis/design_1_wrapper/export/design_1_wrapper/hw/design_1_wrapper.xsa -mem-ranges [list {0x40000000 0xbfffffff}] -regs
configparams force-mem-access 1
targets -set -nocase -filter {name =~"APU*"}
source C:/devWorks/Ultrasoon_SOC/Vitis/Ultrasoon_app/_ide/psinit/ps7_init.tcl
ps7_init
ps7_post_config
targets -set -nocase -filter {name =~ "*A9*#0"}
dow C:/devWorks/Ultrasoon_SOC/Vitis/Ultrasoon_app/Debug/Ultrasoon_app.elf
configparams force-mem-access 0
----------------End of Script----------------

12:15:26 INFO  : Context for processor 'ps7_cortexa9_0' is selected.
12:15:26 INFO  : 'con' command is executed.
12:15:26 INFO  : ----------------XSDB Script (After Launch)----------------
targets -set -nocase -filter {name =~ "*A9*#0"}
con
----------------End of Script----------------

12:15:26 INFO  : Launch script is exported to file 'C:\devWorks\Ultrasoon_SOC\Vitis\Ultrasoon_app_system\_ide\scripts\debugger_ultrasoon_app-default.tcl'
12:15:53 INFO  : Disconnected from the channel tcfchan#5.
12:16:13 DEBUG : Logs will be stored at 'C:/devWorks/Ultrasoon_SOC/Vitis/IDE.log'.
12:16:13 INFO  : Launching XSCT server: xsct.bat -n  -interactive C:\devWorks\Ultrasoon_SOC\Vitis\temp_xsdb_launch_script.tcl
12:16:14 ERROR : (XSDB Server)'\gnu\microblaze\lin\bin\' is not recognized as an internal or external command,
operable program or batch file.

12:16:14 ERROR : (XSDB Server)'\gnu\microblaze\nt\bin\' is not recognized as an internal or external command,
operable program or batch file.

12:16:14 ERROR : (XSDB Server)'\gnuwin\bin\' is not recognized as an internal or external command,
operable program or batch file.

12:16:16 INFO  : XSCT server has started successfully.
12:16:16 INFO  : Successfully done setting XSCT server connection channel  
12:16:16 INFO  : Platform repository initialization has completed.
12:16:16 INFO  : Registering command handlers for Vitis TCF services
12:16:17 INFO  : plnx-install-location is set to ''
12:16:17 INFO  : Successfully done setting workspace for the tool. 
12:16:17 INFO  : Successfully done query RDI_DATADIR 
12:16:47 INFO  : Checking for BSP changes to sync application flags for project 'Ultrasoon_app'...
12:17:10 INFO  : Connected to target on host '127.0.0.1' and port '3121'.
12:17:11 INFO  : Jtag cable 'Xilinx HW-FTDI-TEST FT2232H 1234-tulA' is selected.
12:17:11 INFO  : 'jtag frequency' command is executed.
12:17:11 INFO  : Context for 'APU' is selected.
12:17:11 INFO  : System reset is completed.
12:17:14 INFO  : 'after 3000' command is executed.
12:17:14 INFO  : 'targets -set -filter {jtag_cable_name =~ "Xilinx HW-FTDI-TEST FT2232H 1234-tulA" && level==0 && jtag_device_ctx=="jsn-HW-FTDI-TEST FT2232H-1234-tulA-23727093-0"}' command is executed.
12:17:16 INFO  : Device configured successfully with "C:/devWorks/Ultrasoon_SOC/Vitis/Ultrasoon_app/_ide/bitstream/design_1_wrapper.bit"
12:17:16 INFO  : Context for 'APU' is selected.
12:17:16 INFO  : Hardware design and registers information is loaded from 'C:/devWorks/Ultrasoon_SOC/Vitis/design_1_wrapper/export/design_1_wrapper/hw/design_1_wrapper.xsa'.
12:17:16 INFO  : 'configparams force-mem-access 1' command is executed.
12:17:16 INFO  : Context for 'APU' is selected.
12:17:16 INFO  : Sourcing of 'C:/devWorks/Ultrasoon_SOC/Vitis/Ultrasoon_app/_ide/psinit/ps7_init.tcl' is done.
12:17:16 INFO  : 'ps7_init' command is executed.
12:17:16 INFO  : 'ps7_post_config' command is executed.
12:17:16 INFO  : Context for processor 'ps7_cortexa9_0' is selected.
12:17:17 INFO  : The application 'C:/devWorks/Ultrasoon_SOC/Vitis/Ultrasoon_app/Debug/Ultrasoon_app.elf' is downloaded to processor 'ps7_cortexa9_0'.
12:17:17 INFO  : 'configparams force-mem-access 0' command is executed.
12:17:17 INFO  : ----------------XSDB Script----------------
connect -url tcp:127.0.0.1:3121
targets -set -nocase -filter {name =~"APU*"}
rst -system
after 3000
targets -set -filter {jtag_cable_name =~ "Xilinx HW-FTDI-TEST FT2232H 1234-tulA" && level==0 && jtag_device_ctx=="jsn-HW-FTDI-TEST FT2232H-1234-tulA-23727093-0"}
fpga -file C:/devWorks/Ultrasoon_SOC/Vitis/Ultrasoon_app/_ide/bitstream/design_1_wrapper.bit
targets -set -nocase -filter {name =~"APU*"}
loadhw -hw C:/devWorks/Ultrasoon_SOC/Vitis/design_1_wrapper/export/design_1_wrapper/hw/design_1_wrapper.xsa -mem-ranges [list {0x40000000 0xbfffffff}] -regs
configparams force-mem-access 1
targets -set -nocase -filter {name =~"APU*"}
source C:/devWorks/Ultrasoon_SOC/Vitis/Ultrasoon_app/_ide/psinit/ps7_init.tcl
ps7_init
ps7_post_config
targets -set -nocase -filter {name =~ "*A9*#0"}
dow C:/devWorks/Ultrasoon_SOC/Vitis/Ultrasoon_app/Debug/Ultrasoon_app.elf
configparams force-mem-access 0
----------------End of Script----------------

12:17:17 INFO  : Context for processor 'ps7_cortexa9_0' is selected.
12:17:17 INFO  : 'con' command is executed.
12:17:17 INFO  : ----------------XSDB Script (After Launch)----------------
targets -set -nocase -filter {name =~ "*A9*#0"}
con
----------------End of Script----------------

12:17:17 INFO  : Launch script is exported to file 'C:\devWorks\Ultrasoon_SOC\Vitis\Ultrasoon_app_system\_ide\scripts\debugger_ultrasoon_app-default.tcl'
12:21:11 INFO  : Disconnected from the channel tcfchan#1.
12:21:32 INFO  : Connected to target on host '127.0.0.1' and port '3121'.
12:21:32 INFO  : Jtag cable 'Xilinx HW-FTDI-TEST FT2232H 1234-tulA' is selected.
12:21:32 INFO  : 'jtag frequency' command is executed.
12:21:32 INFO  : Context for 'APU' is selected.
12:21:32 INFO  : System reset is completed.
12:21:35 INFO  : 'after 3000' command is executed.
12:21:35 INFO  : 'targets -set -filter {jtag_cable_name =~ "Xilinx HW-FTDI-TEST FT2232H 1234-tulA" && level==0 && jtag_device_ctx=="jsn-HW-FTDI-TEST FT2232H-1234-tulA-23727093-0"}' command is executed.
12:21:38 INFO  : Device configured successfully with "C:/devWorks/Ultrasoon_SOC/Vitis/Ultrasoon_app/_ide/bitstream/design_1_wrapper.bit"
12:21:38 INFO  : Context for 'APU' is selected.
12:21:39 INFO  : Hardware design and registers information is loaded from 'C:/devWorks/Ultrasoon_SOC/Vitis/design_1_wrapper/export/design_1_wrapper/hw/design_1_wrapper.xsa'.
12:21:39 INFO  : 'configparams force-mem-access 1' command is executed.
12:21:40 INFO  : Context for 'APU' is selected.
12:21:40 INFO  : Sourcing of 'C:/devWorks/Ultrasoon_SOC/Vitis/Ultrasoon_app/_ide/psinit/ps7_init.tcl' is done.
12:21:40 INFO  : 'ps7_init' command is executed.
12:21:40 INFO  : 'ps7_post_config' command is executed.
12:21:40 INFO  : Context for processor 'ps7_cortexa9_0' is selected.
12:21:40 INFO  : The application 'C:/devWorks/Ultrasoon_SOC/Vitis/Ultrasoon_app/Debug/Ultrasoon_app.elf' is downloaded to processor 'ps7_cortexa9_0'.
12:21:40 INFO  : 'configparams force-mem-access 0' command is executed.
12:21:40 INFO  : ----------------XSDB Script----------------
connect -url tcp:127.0.0.1:3121
targets -set -nocase -filter {name =~"APU*"}
rst -system
after 3000
targets -set -filter {jtag_cable_name =~ "Xilinx HW-FTDI-TEST FT2232H 1234-tulA" && level==0 && jtag_device_ctx=="jsn-HW-FTDI-TEST FT2232H-1234-tulA-23727093-0"}
fpga -file C:/devWorks/Ultrasoon_SOC/Vitis/Ultrasoon_app/_ide/bitstream/design_1_wrapper.bit
targets -set -nocase -filter {name =~"APU*"}
loadhw -hw C:/devWorks/Ultrasoon_SOC/Vitis/design_1_wrapper/export/design_1_wrapper/hw/design_1_wrapper.xsa -mem-ranges [list {0x40000000 0xbfffffff}] -regs
configparams force-mem-access 1
targets -set -nocase -filter {name =~"APU*"}
source C:/devWorks/Ultrasoon_SOC/Vitis/Ultrasoon_app/_ide/psinit/ps7_init.tcl
ps7_init
ps7_post_config
targets -set -nocase -filter {name =~ "*A9*#0"}
dow C:/devWorks/Ultrasoon_SOC/Vitis/Ultrasoon_app/Debug/Ultrasoon_app.elf
configparams force-mem-access 0
----------------End of Script----------------

12:21:40 INFO  : Context for processor 'ps7_cortexa9_0' is selected.
12:21:40 INFO  : 'con' command is executed.
12:21:40 INFO  : ----------------XSDB Script (After Launch)----------------
targets -set -nocase -filter {name =~ "*A9*#0"}
con
----------------End of Script----------------

12:21:40 INFO  : Launch script is exported to file 'C:\devWorks\Ultrasoon_SOC\Vitis\Ultrasoon_app_system\_ide\scripts\debugger_ultrasoon_app-default.tcl'
12:21:55 INFO  : Disconnected from the channel tcfchan#2.
12:22:00 INFO  : Checking for BSP changes to sync application flags for project 'Ultrasoon_app'...
12:22:28 INFO  : Connected to target on host '127.0.0.1' and port '3121'.
12:22:29 INFO  : Jtag cable 'Xilinx HW-FTDI-TEST FT2232H 1234-tulA' is selected.
12:22:29 INFO  : 'jtag frequency' command is executed.
12:22:29 INFO  : Context for 'APU' is selected.
12:22:29 INFO  : System reset is completed.
12:22:32 INFO  : 'after 3000' command is executed.
12:22:32 INFO  : 'targets -set -filter {jtag_cable_name =~ "Xilinx HW-FTDI-TEST FT2232H 1234-tulA" && level==0 && jtag_device_ctx=="jsn-HW-FTDI-TEST FT2232H-1234-tulA-23727093-0"}' command is executed.
12:22:34 INFO  : Device configured successfully with "C:/devWorks/Ultrasoon_SOC/Vitis/Ultrasoon_app/_ide/bitstream/design_1_wrapper.bit"
12:22:34 INFO  : Context for 'APU' is selected.
12:22:34 INFO  : Hardware design and registers information is loaded from 'C:/devWorks/Ultrasoon_SOC/Vitis/design_1_wrapper/export/design_1_wrapper/hw/design_1_wrapper.xsa'.
12:22:34 INFO  : 'configparams force-mem-access 1' command is executed.
12:22:34 INFO  : Context for 'APU' is selected.
12:22:34 INFO  : Sourcing of 'C:/devWorks/Ultrasoon_SOC/Vitis/Ultrasoon_app/_ide/psinit/ps7_init.tcl' is done.
12:22:34 INFO  : 'ps7_init' command is executed.
12:22:34 INFO  : 'ps7_post_config' command is executed.
12:22:35 INFO  : Context for processor 'ps7_cortexa9_0' is selected.
12:22:35 INFO  : The application 'C:/devWorks/Ultrasoon_SOC/Vitis/Ultrasoon_app/Debug/Ultrasoon_app.elf' is downloaded to processor 'ps7_cortexa9_0'.
12:22:35 INFO  : 'configparams force-mem-access 0' command is executed.
12:22:35 INFO  : ----------------XSDB Script----------------
connect -url tcp:127.0.0.1:3121
targets -set -nocase -filter {name =~"APU*"}
rst -system
after 3000
targets -set -filter {jtag_cable_name =~ "Xilinx HW-FTDI-TEST FT2232H 1234-tulA" && level==0 && jtag_device_ctx=="jsn-HW-FTDI-TEST FT2232H-1234-tulA-23727093-0"}
fpga -file C:/devWorks/Ultrasoon_SOC/Vitis/Ultrasoon_app/_ide/bitstream/design_1_wrapper.bit
targets -set -nocase -filter {name =~"APU*"}
loadhw -hw C:/devWorks/Ultrasoon_SOC/Vitis/design_1_wrapper/export/design_1_wrapper/hw/design_1_wrapper.xsa -mem-ranges [list {0x40000000 0xbfffffff}] -regs
configparams force-mem-access 1
targets -set -nocase -filter {name =~"APU*"}
source C:/devWorks/Ultrasoon_SOC/Vitis/Ultrasoon_app/_ide/psinit/ps7_init.tcl
ps7_init
ps7_post_config
targets -set -nocase -filter {name =~ "*A9*#0"}
dow C:/devWorks/Ultrasoon_SOC/Vitis/Ultrasoon_app/Debug/Ultrasoon_app.elf
configparams force-mem-access 0
----------------End of Script----------------

12:22:35 INFO  : Context for processor 'ps7_cortexa9_0' is selected.
12:22:35 INFO  : 'con' command is executed.
12:22:35 INFO  : ----------------XSDB Script (After Launch)----------------
targets -set -nocase -filter {name =~ "*A9*#0"}
con
----------------End of Script----------------

12:22:35 INFO  : Launch script is exported to file 'C:\devWorks\Ultrasoon_SOC\Vitis\Ultrasoon_app_system\_ide\scripts\debugger_ultrasoon_app-default.tcl'
